Archive member included to satisfy reference by file (symbol)

../Middlewares/ST/AI/Lib/NetworkRuntime500_CM4_GCC.a(ai_network_inspector.o)
                              X-CUBE-AI/App/aiValidation.o (ai_inspector_bind_network)
../Middlewares/ST/AI/Lib/NetworkRuntime500_CM4_GCC.a(ai_platform_interface.o)
                              X-CUBE-AI/App/network.o (ai_platform_api_get_network_report)
../Middlewares/ST/AI/Lib/NetworkRuntime500_CM4_GCC.a(core_common.o)
                              ../Middlewares/ST/AI/Lib/NetworkRuntime500_CM4_GCC.a(ai_platform_interface.o) (core_get_error)
../Middlewares/ST/AI/Lib/NetworkRuntime500_CM4_GCC.a(core_mem_manager.o)
                              ../Middlewares/ST/AI/Lib/NetworkRuntime500_CM4_GCC.a(ai_network_inspector.o) (core_mem_alloc)
../Middlewares/ST/AI/Lib/NetworkRuntime500_CM4_GCC.a(core_net_inspect.o)
                              ../Middlewares/ST/AI/Lib/NetworkRuntime500_CM4_GCC.a(ai_network_inspector.o) (ai_network_inspect_destroy)
../Middlewares/ST/AI/Lib/NetworkRuntime500_CM4_GCC.a(core_utils.o)
                              ../Middlewares/ST/AI/Lib/NetworkRuntime500_CM4_GCC.a(core_net_inspect.o) (core_utils_generate_network_signature)
../Middlewares/ST/AI/Lib/NetworkRuntime500_CM4_GCC.a(layers.o)
                              ../Middlewares/ST/AI/Lib/NetworkRuntime500_CM4_GCC.a(ai_platform_interface.o) (ai_check_custom_types)
../Middlewares/ST/AI/Lib/NetworkRuntime500_CM4_GCC.a(layers_conv2d_generic_float.o)
                              X-CUBE-AI/App/network.o (forward_conv2d)
../Middlewares/ST/AI/Lib/NetworkRuntime500_CM4_GCC.a(layers_nl_generic_float.o)
                              X-CUBE-AI/App/network.o (forward_sm)
../Middlewares/ST/AI/Lib/NetworkRuntime500_CM4_GCC.a(layers_pool_generic_float.o)
                              X-CUBE-AI/App/network.o (pool_func_ap_array_f32)
../Middlewares/ST/AI/Lib/NetworkRuntime500_CM4_GCC.a(ai_datatypes_format.o)
                              ../Middlewares/ST/AI/Lib/NetworkRuntime500_CM4_GCC.a(ai_platform_interface.o) (ai_array_get_byte_size)
../Middlewares/ST/AI/Lib/NetworkRuntime500_CM4_GCC.a(ai_math_helpers.o)
                              ../Middlewares/ST/AI/Lib/NetworkRuntime500_CM4_GCC.a(layers_nl_generic_float.o) (ai_math_sqrt)
../Middlewares/ST/AI/Lib/NetworkRuntime500_CM4_GCC.a(arm_mat_init_f32.o)
                              ../Middlewares/ST/AI/Lib/NetworkRuntime500_CM4_GCC.a(layers_conv2d_generic_float.o) (arm_mat_init_f32)
../Middlewares/ST/AI/Lib/NetworkRuntime500_CM4_GCC.a(core_benchmark.o)
                              ../Middlewares/ST/AI/Lib/NetworkRuntime500_CM4_GCC.a(core_net_inspect.o) (core_timer_init)
/Applications/STM32CubeIDE.app/Contents/Eclipse/plugins/com.st.stm32cube.ide.mcu.externaltools.gnu-tools-for-stm32.7-2018-q2-update.macos64_1.0.0.201904181610/tools/bin/../lib/gcc/arm-none-eabi/7.3.1/../../../../arm-none-eabi/lib/thumb/v7e-m/fpv4-sp/hard/libc_nano.a(lib_a-aeabi_memclr.o)
                              ../Middlewares/ST/AI/Lib/NetworkRuntime500_CM4_GCC.a(layers_nl_generic_float.o) (__aeabi_memclr)
/Applications/STM32CubeIDE.app/Contents/Eclipse/plugins/com.st.stm32cube.ide.mcu.externaltools.gnu-tools-for-stm32.7-2018-q2-update.macos64_1.0.0.201904181610/tools/bin/../lib/gcc/arm-none-eabi/7.3.1/../../../../arm-none-eabi/lib/thumb/v7e-m/fpv4-sp/hard/libc_nano.a(lib_a-aeabi_memcpy.o)
                              ../Middlewares/ST/AI/Lib/NetworkRuntime500_CM4_GCC.a(ai_platform_interface.o) (__aeabi_memcpy)
/Applications/STM32CubeIDE.app/Contents/Eclipse/plugins/com.st.stm32cube.ide.mcu.externaltools.gnu-tools-for-stm32.7-2018-q2-update.macos64_1.0.0.201904181610/tools/bin/../lib/gcc/arm-none-eabi/7.3.1/../../../../arm-none-eabi/lib/thumb/v7e-m/fpv4-sp/hard/libc_nano.a(lib_a-aeabi_memset-soft.o)
                              /Applications/STM32CubeIDE.app/Contents/Eclipse/plugins/com.st.stm32cube.ide.mcu.externaltools.gnu-tools-for-stm32.7-2018-q2-update.macos64_1.0.0.201904181610/tools/bin/../lib/gcc/arm-none-eabi/7.3.1/../../../../arm-none-eabi/lib/thumb/v7e-m/fpv4-sp/hard/libc_nano.a(lib_a-aeabi_memclr.o) (__aeabi_memset)
/Applications/STM32CubeIDE.app/Contents/Eclipse/plugins/com.st.stm32cube.ide.mcu.externaltools.gnu-tools-for-stm32.7-2018-q2-update.macos64_1.0.0.201904181610/tools/bin/../lib/gcc/arm-none-eabi/7.3.1/../../../../arm-none-eabi/lib/thumb/v7e-m/fpv4-sp/hard/libc_nano.a(lib_a-errno.o)
                              Core/Src/syscalls.o (__errno)
/Applications/STM32CubeIDE.app/Contents/Eclipse/plugins/com.st.stm32cube.ide.mcu.externaltools.gnu-tools-for-stm32.7-2018-q2-update.macos64_1.0.0.201904181610/tools/bin/../lib/gcc/arm-none-eabi/7.3.1/../../../../arm-none-eabi/lib/thumb/v7e-m/fpv4-sp/hard/libc_nano.a(lib_a-exit.o)
[...]
Memory Configuration

Name             Origin             Length             Attributes
RAM              0x0000000020000000 0x0000000000018000 xrw
RAM2             0x0000000010000000 0x0000000000008000 xrw
FLASH            0x0000000008000000 0x0000000000100000 xr
*default*        0x0000000000000000 0xffffffffffffffff

Linker script and memory map

LOAD /Applications/STM32CubeIDE.app/Contents/Eclipse/plugins/com.st.stm32cube.ide.mcu.externaltools.gnu-tools-for-stm32.7-2018-q2-update.macos64_1.0.0.201904181610/tools/bin/../lib/gcc/arm-none-eabi/7.3.1/thumb/v7e-m/fpv4-sp/hard/crti.o
LOAD /Applications/STM32CubeIDE.app/Contents/Eclipse/plugins/com.st.stm32cube.ide.mcu.externaltools.gnu-tools-for-stm32.7-2018-q2-update.macos64_1.0.0.201904181610/tools/bin/../lib/gcc/arm-none-eabi/7.3.1/thumb/v7e-m/fpv4-sp/hard/crtbegin.o
LOAD /Applications/STM32CubeIDE.app/Contents/Eclipse/plugins/com.st.stm32cube.ide.mcu.externaltools.gnu-tools-for-stm32.7-2018-q2-update.macos64_1.0.0.201904181610/tools/bin/../lib/gcc/arm-none-eabi/7.3.1/../../../../arm-none-eabi/lib/thumb/v7e-m/fpv4-sp/hard/crt0.o
LOAD Core/Src/main.o
LOAD Core/Src/stm32l4xx_hal_msp.o
LOAD Core/Src/stm32l4xx_it.o
LOAD Core/Src/syscalls.o
LOAD Core/Src/sysmem.o
LOAD Core/Src/system_stm32l4xx.o
LOAD Core/Startup/startup_stm32l475vgtx.o
LOAD Drivers/STM32L4xx_HAL_Driver/Src/stm32l4xx_hal.o
LOAD Drivers/STM32L4xx_HAL_Driver/Src/stm32l4xx_hal_cortex.o
LOAD Drivers/STM32L4xx_HAL_Driver/Src/stm32l4xx_hal_crc.o
LOAD Drivers/STM32L4xx_HAL_Driver/Src/stm32l4xx_hal_crc_ex.o
LOAD Drivers/STM32L4xx_HAL_Driver/Src/stm32l4xx_hal_dma.o
LOAD Drivers/STM32L4xx_HAL_Driver/Src/stm32l4xx_hal_dma_ex.o
LOAD Drivers/STM32L4xx_HAL_Driver/Src/stm32l4xx_hal_exti.o
LOAD Drivers/STM32L4xx_HAL_Driver/Src/stm32l4xx_hal_flash.o
LOAD Drivers/STM32L4xx_HAL_Driver/Src/stm32l4xx_hal_flash_ex.o
LOAD Drivers/STM32L4xx_HAL_Driver/Src/stm32l4xx_hal_flash_ramfunc.o
LOAD Drivers/STM32L4xx_HAL_Driver/Src/stm32l4xx_hal_gpio.o
LOAD Drivers/STM32L4xx_HAL_Driver/Src/stm32l4xx_hal_i2c.o
LOAD Drivers/STM32L4xx_HAL_Driver/Src/stm32l4xx_hal_i2c_ex.o
LOAD Drivers/STM32L4xx_HAL_Driver/Src/stm32l4xx_hal_pwr.o
LOAD Drivers/STM32L4xx_HAL_Driver/Src/stm32l4xx_hal_pwr_ex.o
LOAD Drivers/STM32L4xx_HAL_Driver/Src/stm32l4xx_hal_rcc.o
LOAD Drivers/STM32L4xx_HAL_Driver/Src/stm32l4xx_hal_rcc_ex.o
LOAD Drivers/STM32L4xx_HAL_Driver/Src/stm32l4xx_hal_tim.o
LOAD Drivers/STM32L4xx_HAL_Driver/Src/stm32l4xx_hal_tim_ex.o
LOAD Drivers/STM32L4xx_HAL_Driver/Src/stm32l4xx_hal_uart.o
LOAD Drivers/STM32L4xx_HAL_Driver/Src/stm32l4xx_hal_uart_ex.o
LOAD X-CUBE-AI/App/aiPbMgr.o
LOAD X-CUBE-AI/App/aiTestUtility.o
LOAD X-CUBE-AI/App/aiValidation.o
LOAD X-CUBE-AI/App/app_x-cube-ai.o
LOAD X-CUBE-AI/App/network.o
LOAD X-CUBE-AI/App/network_data.o
LOAD X-CUBE-AI/App/pb_common.o
LOAD X-CUBE-AI/App/pb_decode.o
LOAD X-CUBE-AI/App/pb_encode.o
LOAD X-CUBE-AI/App/stm32msg.pb.o
LOAD ../Middlewares/ST/AI/Lib/NetworkRuntime500_CM4_GCC.a
START GROUP
LOAD /Applications/STM32CubeIDE.app/Contents/Eclipse/plugins/com.st.stm32cube.ide.mcu.externaltools.gnu-tools-for-stm32.7-2018-q2-update.macos64_1.0.0.201904181610/tools/bin/../lib/gcc/arm-none-eabi/7.3.1/../../../../arm-none-eabi/lib/thumb/v7e-m/fpv4-sp/hard/libc_nano.a
LOAD /Applications/STM32CubeIDE.app/Contents/Eclipse/plugins/com.st.stm32cube.ide.mcu.externaltools.gnu-tools-for-stm32.7-2018-q2-update.macos64_1.0.0.201904181610/tools/bin/../lib/gcc/arm-none-eabi/7.3.1/../../../../arm-none-eabi/lib/thumb/v7e-m/fpv4-sp/hard/libm.a
END GROUP
START GROUP
LOAD /Applications/STM32CubeIDE.app/Contents/Eclipse/plugins/com.st.stm32cube.ide.mcu.externaltools.gnu-tools-for-stm32.7-2018-q2-update.macos64_1.0.0.201904181610/tools/bin/../lib/gcc/arm-none-eabi/7.3.1/thumb/v7e-m/fpv4-sp/hard/libgcc.a
LOAD /Applications/STM32CubeIDE.app/Contents/Eclipse/plugins/com.st.stm32cube.ide.mcu.externaltools.gnu-tools-for-stm32.7-2018-q2-update.macos64_1.0.0.201904181610/tools/bin/../lib/gcc/arm-none-eabi/7.3.1/../../../../arm-none-eabi/lib/thumb/v7e-m/fpv4-sp/hard/libc_nano.a
END GROUP
START GROUP
LOAD /Applications/STM32CubeIDE.app/Contents/Eclipse/plugins/com.st.stm32cube.ide.mcu.externaltools.gnu-tools-for-stm32.7-2018-q2-update.macos64_1.0.0.201904181610/tools/bin/../lib/gcc/arm-none-eabi/7.3.1/thumb/v7e-m/fpv4-sp/hard/libgcc.a
LOAD /Applications/STM32CubeIDE.app/Contents/Eclipse/plugins/com.st.stm32cube.ide.mcu.externaltools.gnu-tools-for-stm32.7-2018-q2-update.macos64_1.0.0.201904181610/tools/bin/../lib/gcc/arm-none-eabi/7.3.1/../../../../arm-none-eabi/lib/thumb/v7e-m/fpv4-sp/hard/libc_nano.a
LOAD /Applications/STM32CubeIDE.app/Contents/Eclipse/plugins/com.st.stm32cube.ide.mcu.externaltools.gnu-tools-for-stm32.7-2018-q2-update.macos64_1.0.0.201904181610/tools/bin/../lib/gcc/arm-none-eabi/7.3.1/../../../../arm-none-eabi/lib/thumb/v7e-m/fpv4-sp/hard/libnosys.a
END GROUP
START GROUP
LOAD /Applications/STM32CubeIDE.app/Contents/Eclipse/plugins/com.st.stm32cube.ide.mcu.externaltools.gnu-tools-for-stm32.7-2018-q2-update.macos64_1.0.0.201904181610/tools/bin/../lib/gcc/arm-none-eabi/7.3.1/thumb/v7e-m/fpv4-sp/hard/libgcc.a
LOAD /Applications/STM32CubeIDE.app/Contents/Eclipse/plugins/com.st.stm32cube.ide.mcu.externaltools.gnu-tools-for-stm32.7-2018-q2-update.macos64_1.0.0.201904181610/tools/bin/../lib/gcc/arm-none-eabi/7.3.1/../../../../arm-none-eabi/lib/thumb/v7e-m/fpv4-sp/hard/libc_nano.a
LOAD /Applications/STM32CubeIDE.app/Contents/Eclipse/plugins/com.st.stm32cube.ide.mcu.externaltools.gnu-tools-for-stm32.7-2018-q2-update.macos64_1.0.0.201904181610/tools/bin/../lib/gcc/arm-none-eabi/7.3.1/../../../../arm-none-eabi/lib/thumb/v7e-m/fpv4-sp/hard/libnosys.a
END GROUP
LOAD /Applications/STM32CubeIDE.app/Contents/Eclipse/plugins/com.st.stm32cube.ide.mcu.externaltools.gnu-tools-for-stm32.7-2018-q2-update.macos64_1.0.0.201904181610/tools/bin/../lib/gcc/arm-none-eabi/7.3.1/thumb/v7e-m/fpv4-sp/hard/crtend.o
LOAD /Applications/STM32CubeIDE.app/Contents/Eclipse/plugins/com.st.stm32cube.ide.mcu.externaltools.gnu-tools-for-stm32.7-2018-q2-update.macos64_1.0.0.201904181610/tools/bin/../lib/gcc/arm-none-eabi/7.3.1/thumb/v7e-m/fpv4-sp/hard/crtn.o
                0x0000000020018000                _estack = (ORIGIN (RAM) + LENGTH (RAM))
                0x0000000000000800                _Min_Heap_Size = 0x800
                0x0000000000000800                _Min_Stack_Size = 0x800

.isr_vector     0x0000000008000000      0x188
                0x0000000008000000                . = ALIGN (0x4)
 *(.isr_vector)
 .isr_vector    0x0000000008000000      0x188 Core/Startup/startup_stm32l475vgtx.o
                0x0000000008000000                g_pfnVectors
                0x0000000008000188                . = ALIGN (0x4)

.text           0x0000000008000190    0x150c4
                0x0000000008000190                . = ALIGN (0x4)
 *(.text)
 .text          0x0000000008000190       0x40 /Applications/STM32CubeIDE.app/Contents/Eclipse/plugins/com.st.stm32cube.ide.mcu.externaltools.gnu-tools-for-stm32.7-2018-q2-update.macos64_1.0.0.201904181610/tools/bin/../lib/gcc/arm-none-eabi/7.3.1/thumb/v7e-m/fpv4-sp/hard/crtbegin.o
 .text          0x00000000080001d0      0x2e4 ../Middlewares/ST/AI/Lib/NetworkRuntime500_CM4_GCC.a(ai_network_inspector.o)
                0x00000000080001d0                ai_inspector_default_config
                0x00000000080001fc                ai_inspector_create
                0x0000000008000260                ai_inspector_destroy
                0x00000000080002b2                ai_inspector_bind_network
                0x0000000008000332                ai_inspector_unbind_network
                0x00000000080003c2                ai_inspector_get_report
                0x000000000800043c                ai_inspector_run
 .text          0x00000000080004b4      0x93c ../Middlewares/ST/AI/Lib/NetworkRuntime500_CM4_GCC.a(ai_platform_interface.o)
                0x000000000800059a                ai_platform_runtime_get_revision
                0x00000000080005ca                ai_platform_runtime_get_version
                0x00000000080005fe                ai_platform_api_get_version
                0x0000000008000632                ai_platform_interface_api_get_version
                0x0000000008000666                ai_platform_context_acquire
                0x00000000080006a2                ai_platform_context_release
                0x00000000080006aa                ai_platform_network_get_error
                0x00000000080006f6                ai_platform_network_set_error
                0x0000000008000702                ai_platform_api_get_network_report
                0x0000000008000880                ai_platform_network_create
                0x000000000800090a                ai_platform_network_destroy
                0x0000000008000950                ai_platform_network_init
                0x0000000008000a08                ai_platform_network_process
 .text          0x0000000008000df0       0x24 ../Middlewares/ST/AI/Lib/NetworkRuntime500_CM4_GCC.a(core_common.o)
                0x0000000008000df0                core_init
                0x0000000008000df4                core_get_error
                0x0000000008000dfe                core_set_error
 .text          0x0000000008000e14       0x7e ../Middlewares/ST/AI/Lib/NetworkRuntime500_CM4_GCC.a(core_mem_manager.o)
                0x0000000008000e14                core_mem_alloc
                0x0000000008000e2e                core_mem_free
                0x0000000008000e54                core_mem_realloc
 *fill*         0x0000000008000e92        0x2 
 .text          0x0000000008000e94      0xa50 ../Middlewares/ST/AI/Lib/NetworkRuntime500_CM4_GCC.a(core_net_inspect.o)
                0x0000000008000ef4                _core_inspect_forward_validate
                0x00000000080016ac                ai_network_inspect_init
                0x000000000800182e                ai_network_inspect_get_report
                0x000000000800185e                ai_network_inspect_destroy
 .text          0x00000000080018e4      0x3bc ../Middlewares/ST/AI/Lib/NetworkRuntime500_CM4_GCC.a(core_utils.o)
                0x0000000008001998                core_utils_compute_crc32
                0x0000000008001a44                core_utils_generate_network_signature
                0x0000000008001a8c                core_get_broadcasted_shape
                0x0000000008001b38                core_compute_offsets
                0x0000000008001bc0                core_tensor_clone
                0x0000000008001c92                core_array_clone
 .text          0x0000000008001ca0      0x260 ../Middlewares/ST/AI/Lib/NetworkRuntime500_CM4_GCC.a(layers.o)
                0x0000000008001ca0                ai_layers_forward_layer
                0x0000000008001cb4                ai_check_custom_types
                0x0000000008001cdc                ai_layer_type_name
                0x0000000008001dec                ai_layer_type_is_valid
                0x0000000008001e08                ai_layers_forward_all
 .text          0x0000000008001f00     0x1798 ../Middlewares/ST/AI/Lib/NetworkRuntime500_CM4_GCC.a(layers_conv2d_generic_float.o)
                0x00000000080024ac                ai_dict8_dot_array_f32
                0x000000000800260c                ai_dict4_dot_array_f32
                0x0000000008002774                ai_dict_decompress_f32
                0x0000000008002848                forward_conv2d
                0x0000000008002ae4                forward_conv2d_nl_pool
                0x0000000008002f9c                forward_dense
                0x0000000008003244                forward_gemm
                0x0000000008003500                forward_matmul
 .text          0x0000000008003698     0x24c4 ../Middlewares/ST/AI/Lib/NetworkRuntime500_CM4_GCC.a(layers_nl_generic_float.o)
                0x00000000080036ec                nl_func_acos_array_f32
                0x000000000800371c                forward_acos
                0x00000000080037d0                nl_func_acosh_array_f32
                0x0000000008003800                forward_acosh
                0x00000000080038b4                nl_func_asin_array_f32
                0x00000000080038e4                forward_asin
                0x0000000008003998                nl_func_asinh_array_f32
                0x00000000080039c8                forward_asinh
                0x0000000008003a7c                nl_func_atan_array_f32
                0x0000000008003aac                forward_atan
                0x0000000008003b60                nl_func_atanh_array_f32
                0x0000000008003b90                forward_atanh
                0x0000000008003c44                nl_func_cos_array_f32
                0x0000000008003c74                forward_cos
                0x0000000008003d28                nl_func_cosh_array_f32
                0x0000000008003d58                forward_cosh
                0x0000000008003e0c                nl_func_erf_array_f32
                0x0000000008003e3c                forward_erf
                0x0000000008003ef0                nl_func_log_array_f32
                0x0000000008003f20                forward_log
                0x0000000008003fd4                nl_func_rsqrt_array_f32
                0x000000000800400c                forward_rsqrt
                0x00000000080040cc                nl_func_sin_array_f32
                0x00000000080040fc                forward_sin
                0x00000000080041b0                nl_func_sinh_array_f32
                0x00000000080041e0                forward_sinh
                0x0000000008004294                nl_func_tan_array_f32
                0x00000000080042c4                forward_tan
                0x0000000008004378                nl_func_abs_array_f32
                0x00000000080043a0                forward_abs
                0x0000000008004450                nl_func_ceil_array_f32
                0x0000000008004480                forward_ceil
                0x0000000008004534                nl_func_floor_array_f32
                0x0000000008004564                forward_floor
                0x0000000008004618                nl_func_round_array_f32
                0x0000000008004648                forward_round
                0x00000000080046fc                nl_func_neg_array_f32
                0x000000000800476c                forward_neg
                0x0000000008004864                nl_func_reciprocal_array_f32
                0x00000000080048e0                forward_reciprocal
                0x00000000080049e4                nl_func_exp_array_f32
                0x0000000008004a14                forward_exp
                0x0000000008004ac8                nl_func_sigmoid_array_f32
                0x0000000008004b0c                forward_sigmoid
                0x0000000008004bd4                nl_func_sign_array_f32
                0x0000000008004c14                forward_sign
                0x0000000008004ce4                nl_func_sqrt_array_f32
                0x0000000008004d14                forward_sqrt
                0x0000000008004dcc                nl_func_soft_plus_array_f32
                0x0000000008004e08                forward_soft_plus
                0x0000000008004ec8                nl_func_soft_sign_array_f32
                0x0000000008004f00                forward_soft_sign
                0x0000000008004fc0                nl_func_tanh_array_f32
                0x0000000008004ff0                forward_tanh
                0x00000000080050a4                nl_func_relu_array_f32
                0x00000000080050d8                nl_func_sm_channel_f32
                0x00000000080051fc                nl_func_sm_array_f32
                0x0000000008005258                nl_func_hard_sigmoid_array_f32
                0x00000000080052b8                nl_func_clip_array_f32
                0x0000000008005304                nl_func_hardmax_array_f32
                0x00000000080053e8                nl_func_relu_generic_array_f32
                0x00000000080054a0                nl_func_relu_thresholded_array_f32
                0x00000000080054d8                nl_func_elu_array_f32
                0x000000000800555c                nl_func_selu_array_f32
                0x00000000080055e0                nl_func_prelu_array_f32
                0x0000000008005640                forward_relu
                0x00000000080056f4                forward_relu_thresholded
                0x00000000080057bc                forward_elu
                0x000000000800580c                forward_selu
                0x000000000800585c                forward_prelu
                0x0000000008005980                forward_clip
                0x00000000080059d0                forward_hard_sigmoid
                0x0000000008005ac0                forward_sm
                0x0000000008005b14                forward_hardmax
 .text          0x0000000008005b5c      0xe08 ../Middlewares/ST/AI/Lib/NetworkRuntime500_CM4_GCC.a(layers_pool_generic_float.o)
                0x0000000008005b5c                pool_func_mp_array_f32
                0x0000000008005ecc                pool_func_ap_array_f32
                0x00000000080062a8                pool_func_mp_kernel_array_f32
                0x0000000008006368                pool_func_ap_kernel_array_f32
                0x0000000008006488                forward_mp
                0x00000000080066b4                forward_ap
 .text          0x0000000008006964      0x8f0 ../Middlewares/ST/AI/Lib/NetworkRuntime500_CM4_GCC.a(ai_datatypes_format.o)
                0x0000000008006964                ai_array_fmt_name
                0x0000000008006b0e                ai_array_fmt_exported
                0x0000000008006bf2                ai_array_fmt_valid
                0x0000000008006cd8                ai_array_fmt_get_formats
                0x0000000008006ce8                ai_buffer_fmt_name
                0x0000000008006dae                ai_buffer_fmt_valid
                0x0000000008006e1c                ai_buffer_fmt_get_formats
                0x0000000008006e24                ai_array_to_buffer_fmt
                0x0000000008006ed0                ai_buffer_to_array_fmt
                0x0000000008006fd4                ai_array_get_byte_size
                0x000000000800702a                ai_array_get_data_byte_size
                0x0000000008007052                ai_array_get_elems_from_size
 .text          0x0000000008007254      0x10c ../Middlewares/ST/AI/Lib/NetworkRuntime500_CM4_GCC.a(ai_math_helpers.o)
                0x0000000008007254                ai_math_sqrt
                0x000000000800726c                ai_math_exp
                0x0000000008007270                ai_math_pow
                0x0000000008007274                ai_math_tanh
                0x0000000008007278                ai_math_cosh
                0x000000000800727c                ai_math_relu
                0x000000000800728c                ai_math_prelu
                0x000000000800729c                ai_math_sigmoid
                0x00000000080072bc                ai_math_hard_sigmoid
                0x00000000080072f0                ai_math_sign
                0x000000000800731c                ai_div
                0x0000000008007322                ai_floor_div
                0x000000000800732a                ai_floor_mod
                0x000000000800732e                ai_max
                0x000000000800733e                ai_min
                0x000000000800734e                ai_mul
                0x0000000008007354                ai_sub
                0x000000000800735a                ai_sum
 .text          0x0000000008007360        0x8 ../Middlewares/ST/AI/Lib/NetworkRuntime500_CM4_GCC.a(arm_mat_init_f32.o)
                0x0000000008007360                arm_mat_init_f32
 .text          0x0000000008007368        0x2 ../Middlewares/ST/AI/Lib/NetworkRuntime500_CM4_GCC.a(core_benchmark.o)
                0x0000000008007368                core_timer_init_
 .text          0x000000000800736a        0x4 ../Middlewares/ST/AI/Lib/NetworkRuntime500_CM4_GCC.a(core_benchmark.o)
                0x000000000800736a                core_timer_ticks_
 *fill*         0x000000000800736e        0x2 
 .text          0x0000000008007370       0xe0 ../Middlewares/ST/AI/Lib/NetworkRuntime500_CM4_GCC.a(core_benchmark.o)
                0x0000000008007370                core_timer_init
                0x000000000800739a                core_timer_reset
                0x00000000080073a6                core_timer_start
                0x00000000080073ba                core_timer_stop
                0x00000000080073d4                core_timer_main_test_unit
 .text          0x0000000008007450       0x9a /Applications/STM32CubeIDE.app/Contents/Eclipse/plugins/com.st.stm32cube.ide.mcu.externaltools.gnu-tools-for-stm32.7-2018-q2-update.macos64_1.0.0.201904181610/tools/bin/../lib/gcc/arm-none-eabi/7.3.1/../../../../arm-none-eabi/lib/thumb/v7e-m/fpv4-sp/hard/libc_nano.a(lib_a-aeabi_memset-soft.o)
                0x0000000008007450                __aeabi_memset
                0x0000000008007450                __aeabi_memset8
                0x0000000008007450                __aeabi_memset4
 .text          0x00000000080074ea       0x10 /Applications/STM32CubeIDE.app/Contents/Eclipse/plugins/com.st.stm32cube.ide.mcu.externaltools.gnu-tools-for-stm32.7-2018-q2-update.macos64_1.0.0.201904181610/tools/bin/../lib/gcc/arm-none-eabi/7.3.1/../../../../arm-none-eabi/lib/thumb/v7e-m/fpv4-sp/hard/libc_nano.a(lib_a-strlen.o)
                0x00000000080074ea                strlen
 *fill*         0x00000000080074fa        0x6 
 .text          0x0000000008007500       0xa0 /Applications/STM32CubeIDE.app/Contents/Eclipse/plugins/com.st.stm32cube.ide.mcu.externaltools.gnu-tools-for-stm32.7-2018-q2-update.macos64_1.0.0.201904181610/tools/bin/../lib/gcc/arm-none-eabi/7.3.1/../../../../arm-none-eabi/lib/thumb/v7e-m/fpv4-sp/hard/libc_nano.a(lib_a-memchr.o)
                0x0000000008007500                memchr
 .text          0x00000000080075a0      0x378 /Applications/STM32CubeIDE.app/Contents/Eclipse/plugins/com.st.stm32cube.ide.mcu.externaltools.gnu-tools-for-stm32.7-2018-q2-update.macos64_1.0.0.201904181610/tools/bin/../lib/gcc/arm-none-eabi/7.3.1/thumb/v7e-m/fpv4-sp/hard/libgcc.a(_arm_addsubdf3.o)
                0x00000000080075a0                __aeabi_drsub
                0x00000000080075a8                __subdf3
                0x00000000080075a8                __aeabi_dsub
                0x00000000080075ac                __aeabi_dadd
                0x00000000080075ac                __adddf3
                0x0000000008007824                __aeabi_ui2d
                0x0000000008007824                __floatunsidf
                0x0000000008007844                __floatsidf
                0x0000000008007844                __aeabi_i2d
                0x0000000008007868                __extendsfdf2
                0x0000000008007868                __aeabi_f2d
                0x00000000080078ac                __aeabi_ul2d
                0x00000000080078ac                __floatundidf
                0x00000000080078bc                __aeabi_l2d
                0x00000000080078bc                __floatdidf
 .text          0x0000000008007918      0x424 /Applications/STM32CubeIDE.app/Contents/Eclipse/plugins/com.st.stm32cube.ide.mcu.externaltools.gnu-tools-for-stm32.7-2018-q2-update.macos64_1.0.0.201904181610/tools/bin/../lib/gcc/arm-none-eabi/7.3.1/thumb/v7e-m/fpv4-sp/hard/libgcc.a(_arm_muldivdf3.o)
                0x0000000008007918                __aeabi_dmul
                0x0000000008007918                __muldf3
                0x0000000008007b6c                __aeabi_ddiv
                0x0000000008007b6c                __divdf3
 .text          0x0000000008007d3c       0xa0 /Applications/STM32CubeIDE.app/Contents/Eclipse/plugins/com.st.stm32cube.ide.mcu.externaltools.gnu-tools-for-stm32.7-2018-q2-update.macos64_1.0.0.201904181610/tools/bin/../lib/gcc/arm-none-eabi/7.3.1/thumb/v7e-m/fpv4-sp/hard/libgcc.a(_arm_truncdfsf2.o)
                0x0000000008007d3c                __aeabi_d2f
                0x0000000008007d3c                __truncdfsf2
 .text          0x0000000008007ddc      0x21c /Applications/STM32CubeIDE.app/Contents/Eclipse/plugins/com.st.stm32cube.ide.mcu.externaltools.gnu-tools-for-stm32.7-2018-q2-update.macos64_1.0.0.201904181610/tools/bin/../lib/gcc/arm-none-eabi/7.3.1/thumb/v7e-m/fpv4-sp/hard/libgcc.a(_arm_addsubsf3.o)
                0x0000000008007ddc                __aeabi_frsub
                0x0000000008007de4                __aeabi_fsub
                0x0000000008007de4                __subsf3
                0x0000000008007de8                __aeabi_fadd
                0x0000000008007de8                __addsf3
                0x0000000008007f48                __aeabi_ui2f
                0x0000000008007f48                __floatunsisf
                0x0000000008007f50                __floatsisf
                0x0000000008007f50                __aeabi_i2f
                0x0000000008007f6c                __aeabi_ul2f
                0x0000000008007f6c                __floatundisf
                0x0000000008007f7c                __aeabi_l2f
                0x0000000008007f7c                __floatdisf
 .text          0x0000000008007ff8       0x30 /Applications/STM32CubeIDE.app/Contents/Eclipse/plugins/com.st.stm32cube.ide.mcu.externaltools.gnu-tools-for-stm32.7-2018-q2-update.macos64_1.0.0.201904181610/tools/bin/../lib/gcc/arm-none-eabi/7.3.1/thumb/v7e-m/fpv4-sp/hard/libgcc.a(_aeabi_uldivmod.o)
                0x0000000008007ff8                __aeabi_uldivmod
 .text          0x0000000008008028      0x2cc /Applications/STM32CubeIDE.app/Contents/Eclipse/plugins/com.st.stm32cube.ide.mcu.externaltools.gnu-tools-for-stm32.7-2018-q2-update.macos64_1.0.0.201904181610/tools/bin/../lib/gcc/arm-none-eabi/7.3.1/thumb/v7e-m/fpv4-sp/hard/libgcc.a(_udivmoddi4.o)
                0x0000000008008028                __udivmoddi4
 .text          0x00000000080082f4        0x4 /Applications/STM32CubeIDE.app/Contents/Eclipse/plugins/com.st.stm32cube.ide.mcu.externaltools.gnu-tools-for-stm32.7-2018-q2-update.macos64_1.0.0.201904181610/tools/bin/../lib/gcc/arm-none-eabi/7.3.1/thumb/v7e-m/fpv4-sp/hard/libgcc.a(_dvmd_tls.o)
                0x00000000080082f4                __aeabi_ldiv0
                0x00000000080082f4                __aeabi_idiv0
 *(.text*)
 .text.main     0x00000000080082f8       0x1e Core/Src/main.o
                0x00000000080082f8                main
 .text.SystemClock_Config
                0x0000000008008316       0xee Core/Src/main.o
                0x0000000008008316                SystemClock_Config
 .text.MX_CRC_Init
                0x0000000008008404       0x44 Core/Src/main.o
 .text.MX_USART1_UART_Init
                0x0000000008008448       0x60 Core/Src/main.o
                0x0000000008008448                MX_USART1_UART_Init
 .text.MX_GPIO_Init
                0x00000000080084a8       0x30 Core/Src/main.o
 .text.Error_Handler
                0x00000000080084d8        0xe Core/Src/main.o
                0x00000000080084d8                Error_Handler
 *fill*         0x00000000080084e6        0x2 
 .text.HAL_MspInit
                0x00000000080084e8       0x48 Core/Src/stm32l4xx_hal_msp.o
                0x00000000080084e8                HAL_MspInit
 .text.HAL_CRC_MspInit
                0x0000000008008530       0x40 Core/Src/stm32l4xx_hal_msp.o
                0x0000000008008530                HAL_CRC_MspInit
 .text.HAL_UART_MspInit
                0x0000000008008570       0x88 Core/Src/stm32l4xx_hal_msp.o
                0x0000000008008570                HAL_UART_MspInit
 .text.NMI_Handler
                0x00000000080085f8        0xe Core/Src/stm32l4xx_it.o
                0x00000000080085f8                NMI_Handler
 .text.HardFault_Handler
                0x0000000008008606        0x6 Core/Src/stm32l4xx_it.o
                0x0000000008008606                HardFault_Handler
 .text.MemManage_Handler
                0x000000000800860c        0x6 Core/Src/stm32l4xx_it.o
                0x000000000800860c                MemManage_Handler
 .text.BusFault_Handler
                0x0000000008008612        0x6 Core/Src/stm32l4xx_it.o
                0x0000000008008612                BusFault_Handler
 .text.UsageFault_Handler
                0x0000000008008618        0x6 Core/Src/stm32l4xx_it.o
                0x0000000008008618                UsageFault_Handler
 .text.SVC_Handler
                0x000000000800861e        0xe Core/Src/stm32l4xx_it.o
                0x000000000800861e                SVC_Handler
 .text.DebugMon_Handler
                0x000000000800862c        0xe Core/Src/stm32l4xx_it.o
                0x000000000800862c                DebugMon_Handler
 .text.PendSV_Handler
                0x000000000800863a        0xe Core/Src/stm32l4xx_it.o
                0x000000000800863a                PendSV_Handler
 .text.SysTick_Handler
                0x0000000008008648        0xc Core/Src/stm32l4xx_it.o
                0x0000000008008648                SysTick_Handler
 .text._read    0x0000000008008654       0x3a Core/Src/syscalls.o
                0x0000000008008654                _read
 .text._close   0x000000000800868e       0x18 Core/Src/syscalls.o
                0x000000000800868e                _close
 .text._fstat   0x00000000080086a6       0x20 Core/Src/syscalls.o
                0x00000000080086a6                _fstat
 .text._isatty  0x00000000080086c6       0x16 Core/Src/syscalls.o
                0x00000000080086c6                _isatty
 .text._lseek   0x00000000080086dc       0x1a Core/Src/syscalls.o
                0x00000000080086dc                _lseek
 *fill*         0x00000000080086f6        0x2 
 .text._sbrk    0x00000000080086f8       0x58 Core/Src/sysmem.o
                0x00000000080086f8                _sbrk
 .text.SystemInit
                0x0000000008008750       0x6c Core/Src/system_stm32l4xx.o
                0x0000000008008750                SystemInit
 .text.Reset_Handler
                0x00000000080087bc       0x50 Core/Startup/startup_stm32l475vgtx.o
                0x00000000080087bc                Reset_Handler
 .text.Default_Handler
                0x000000000800880c        0x2 Core/Startup/startup_stm32l475vgtx.o
                0x000000000800880c                TIM1_BRK_TIM15_IRQHandler
                0x000000000800880c                EXTI2_IRQHandler
                0x000000000800880c                TIM8_TRG_COM_IRQHandler
                0x000000000800880c                TIM8_CC_IRQHandler
                0x000000000800880c                TIM1_CC_IRQHandler
                0x000000000800880c                TSC_IRQHandler
                0x000000000800880c                TAMP_STAMP_IRQHandler
                0x000000000800880c                EXTI3_IRQHandler
                0x000000000800880c                LPTIM2_IRQHandler
                0x000000000800880c                DFSDM1_FLT1_IRQHandler
                0x000000000800880c                I2C3_ER_IRQHandler
                0x000000000800880c                DFSDM1_FLT2_IRQHandler
                0x000000000800880c                EXTI0_IRQHandler
                0x000000000800880c                I2C2_EV_IRQHandler
                0x000000000800880c                CAN1_RX0_IRQHandler
                0x000000000800880c                FPU_IRQHandler
                0x000000000800880c                TIM1_UP_TIM16_IRQHandler
                0x000000000800880c                ADC1_2_IRQHandler
                0x000000000800880c                SPI1_IRQHandler
                0x000000000800880c                TIM6_DAC_IRQHandler
                0x000000000800880c                TIM8_UP_IRQHandler
                0x000000000800880c                DMA2_Channel2_IRQHandler
                0x000000000800880c                DMA1_Channel4_IRQHandler
                0x000000000800880c                SAI2_IRQHandler
                0x000000000800880c                DFSDM1_FLT3_IRQHandler
                0x000000000800880c                USART3_IRQHandler
                0x000000000800880c                DMA1_Channel7_IRQHandler
                0x000000000800880c                CAN1_RX1_IRQHandler
                0x000000000800880c                UART5_IRQHandler
                0x000000000800880c                ADC3_IRQHandler
                0x000000000800880c                TIM4_IRQHandler
                0x000000000800880c                DMA2_Channel1_IRQHandler
                0x000000000800880c                QUADSPI_IRQHandler
                0x000000000800880c                I2C1_EV_IRQHandler
                0x000000000800880c                DMA1_Channel6_IRQHandler
                0x000000000800880c                UART4_IRQHandler
                0x000000000800880c                DMA2_Channel4_IRQHandler
                0x000000000800880c                TIM3_IRQHandler
                0x000000000800880c                RCC_IRQHandler
                0x000000000800880c                DMA1_Channel1_IRQHandler
                0x000000000800880c                Default_Handler
                0x000000000800880c                DMA2_Channel7_IRQHandler
                0x000000000800880c                EXTI15_10_IRQHandler
                0x000000000800880c                TIM7_IRQHandler
                0x000000000800880c                SDMMC1_IRQHandler
                0x000000000800880c                TIM5_IRQHandler
                0x000000000800880c                I2C3_EV_IRQHandler
                0x000000000800880c                EXTI9_5_IRQHandler
                0x000000000800880c                RTC_WKUP_IRQHandler
                0x000000000800880c                PVD_PVM_IRQHandler
                0x000000000800880c                SPI2_IRQHandler
                0x000000000800880c                CAN1_TX_IRQHandler
                0x000000000800880c                DMA2_Channel5_IRQHandler
                0x000000000800880c                DMA1_Channel5_IRQHandler
                0x000000000800880c                EXTI4_IRQHandler
                0x000000000800880c                RNG_IRQHandler
                0x000000000800880c                TIM1_TRG_COM_TIM17_IRQHandler
                0x000000000800880c                DMA1_Channel3_IRQHandler
                0x000000000800880c                COMP_IRQHandler
                0x000000000800880c                WWDG_IRQHandler
                0x000000000800880c                LPUART1_IRQHandler
                0x000000000800880c                DMA2_Channel6_IRQHandler
                0x000000000800880c                TIM2_IRQHandler
                0x000000000800880c                EXTI1_IRQHandler
                0x000000000800880c                USART2_IRQHandler
                0x000000000800880c                DFSDM1_FLT0_IRQHandler
                0x000000000800880c                I2C2_ER_IRQHandler
                0x000000000800880c                DMA1_Channel2_IRQHandler
                0x000000000800880c                TIM8_BRK_IRQHandler
                0x000000000800880c                CAN1_SCE_IRQHandler
                0x000000000800880c                FLASH_IRQHandler
                0x000000000800880c                USART1_IRQHandler
                0x000000000800880c                OTG_FS_IRQHandler
                0x000000000800880c                SPI3_IRQHandler
                0x000000000800880c                I2C1_ER_IRQHandler
                0x000000000800880c                FMC_IRQHandler
                0x000000000800880c                SWPMI1_IRQHandler
                0x000000000800880c                LPTIM1_IRQHandler
                0x000000000800880c                SAI1_IRQHandler
                0x000000000800880c                DMA2_Channel3_IRQHandler
                0x000000000800880c                RTC_Alarm_IRQHandler
 .text.HAL_Init
                0x000000000800880e       0x30 Drivers/STM32L4xx_HAL_Driver/Src/stm32l4xx_hal.o
                0x000000000800880e                HAL_Init
 *fill*         0x000000000800883e        0x2 
 .text.HAL_InitTick
                0x0000000008008840       0x74 Drivers/STM32L4xx_HAL_Driver/Src/stm32l4xx_hal.o
                0x0000000008008840                HAL_InitTick
 .text.HAL_IncTick
                0x00000000080088b4       0x24 Drivers/STM32L4xx_HAL_Driver/Src/stm32l4xx_hal.o
                0x00000000080088b4                HAL_IncTick
 .text.HAL_GetTick
                0x00000000080088d8       0x18 Drivers/STM32L4xx_HAL_Driver/Src/stm32l4xx_hal.o
                0x00000000080088d8                HAL_GetTick
 .text.HAL_Delay
                0x00000000080088f0       0x44 Drivers/STM32L4xx_HAL_Driver/Src/stm32l4xx_hal.o
                0x00000000080088f0                HAL_Delay
 .text.HAL_GetHalVersion
                0x0000000008008934       0x14 Drivers/STM32L4xx_HAL_Driver/Src/stm32l4xx_hal.o
                0x0000000008008934                HAL_GetHalVersion
 .text.HAL_GetREVID
                0x0000000008008948       0x1c Drivers/STM32L4xx_HAL_Driver/Src/stm32l4xx_hal.o
                0x0000000008008948                HAL_GetREVID
 .text.HAL_GetDEVID
                0x0000000008008964       0x1c Drivers/STM32L4xx_HAL_Driver/Src/stm32l4xx_hal.o
                0x0000000008008964                HAL_GetDEVID
 .text.__NVIC_SetPriorityGrouping
                0x0000000008008980       0x48 Drivers/STM32L4xx_HAL_Driver/Src/stm32l4xx_hal_cortex.o
 .text.__NVIC_GetPriorityGrouping
                0x00000000080089c8       0x1c Drivers/STM32L4xx_HAL_Driver/Src/stm32l4xx_hal_cortex.o
 .text.__NVIC_SetPriority
                0x00000000080089e4       0x54 Drivers/STM32L4xx_HAL_Driver/Src/stm32l4xx_hal_cortex.o
 .text.NVIC_EncodePriority
                0x0000000008008a38       0x66 Drivers/STM32L4xx_HAL_Driver/Src/stm32l4xx_hal_cortex.o
 *fill*         0x0000000008008a9e        0x2 
 .text.SysTick_Config
                0x0000000008008aa0       0x44 Drivers/STM32L4xx_HAL_Driver/Src/stm32l4xx_hal_cortex.o
 .text.HAL_NVIC_SetPriorityGrouping
                0x0000000008008ae4       0x16 Drivers/STM32L4xx_HAL_Driver/Src/stm32l4xx_hal_cortex.o
                0x0000000008008ae4                HAL_NVIC_SetPriorityGrouping
 .text.HAL_NVIC_SetPriority
                0x0000000008008afa       0x38 Drivers/STM32L4xx_HAL_Driver/Src/stm32l4xx_hal_cortex.o
                0x0000000008008afa                HAL_NVIC_SetPriority
 .text.HAL_SYSTICK_Config
                0x0000000008008b32       0x18 Drivers/STM32L4xx_HAL_Driver/Src/stm32l4xx_hal_cortex.o
                0x0000000008008b32                HAL_SYSTICK_Config
 *fill*         0x0000000008008b4a        0x2 
 .text.HAL_CRC_Init
                0x0000000008008b4c       0xc8 Drivers/STM32L4xx_HAL_Driver/Src/stm32l4xx_hal_crc.o
                0x0000000008008b4c                HAL_CRC_Init
 .text.HAL_CRCEx_Polynomial_Set
                0x0000000008008c14      0x10c Drivers/STM32L4xx_HAL_Driver/Src/stm32l4xx_hal_crc_ex.o
                0x0000000008008c14                HAL_CRCEx_Polynomial_Set
 .text.HAL_GPIO_Init
                0x0000000008008d20      0x350 Drivers/STM32L4xx_HAL_Driver/Src/stm32l4xx_hal_gpio.o
                0x0000000008008d20                HAL_GPIO_Init
 .text.HAL_PWREx_GetVoltageRange
                0x0000000008009070       0x1c Drivers/STM32L4xx_HAL_Driver/Src/stm32l4xx_hal_pwr_ex.o
                0x0000000008009070                HAL_PWREx_GetVoltageRange
 .text.HAL_PWREx_ControlVoltageScaling
                0x000000000800908c       0xac Drivers/STM32L4xx_HAL_Driver/Src/stm32l4xx_hal_pwr_ex.o
                0x000000000800908c                HAL_PWREx_ControlVoltageScaling
 .text.HAL_RCC_OscConfig
                0x0000000008009138      0x7cc Drivers/STM32L4xx_HAL_Driver/Src/stm32l4xx_hal_rcc.o
                0x0000000008009138                HAL_RCC_OscConfig
 .text.HAL_RCC_ClockConfig
                0x0000000008009904      0x1c4 Drivers/STM32L4xx_HAL_Driver/Src/stm32l4xx_hal_rcc.o
                0x0000000008009904                HAL_RCC_ClockConfig
 .text.HAL_RCC_GetSysClockFreq
                0x0000000008009ac8      0x114 Drivers/STM32L4xx_HAL_Driver/Src/stm32l4xx_hal_rcc.o
                0x0000000008009ac8                HAL_RCC_GetSysClockFreq
 .text.HAL_RCC_GetHCLKFreq
                0x0000000008009bdc       0x18 Drivers/STM32L4xx_HAL_Driver/Src/stm32l4xx_hal_rcc.o
                0x0000000008009bdc                HAL_RCC_GetHCLKFreq
 .text.HAL_RCC_GetPCLK1Freq
                0x0000000008009bf4       0x2c Drivers/STM32L4xx_HAL_Driver/Src/stm32l4xx_hal_rcc.o
                0x0000000008009bf4                HAL_RCC_GetPCLK1Freq
 .text.HAL_RCC_GetPCLK2Freq
                0x0000000008009c20       0x2c Drivers/STM32L4xx_HAL_Driver/Src/stm32l4xx_hal_rcc.o
                0x0000000008009c20                HAL_RCC_GetPCLK2Freq
 .text.RCC_SetFlashLatencyFromMSIRange
                0x0000000008009c4c       0xc0 Drivers/STM32L4xx_HAL_Driver/Src/stm32l4xx_hal_rcc.o
 .text.HAL_RCCEx_PeriphCLKConfig
                0x0000000008009d0c      0x5cc Drivers/STM32L4xx_HAL_Driver/Src/stm32l4xx_hal_rcc_ex.o
                0x0000000008009d0c                HAL_RCCEx_PeriphCLKConfig
 .text.RCCEx_PLLSAI1_Config
                0x000000000800a2d8      0x1e0 Drivers/STM32L4xx_HAL_Driver/Src/stm32l4xx_hal_rcc_ex.o
 .text.RCCEx_PLLSAI2_Config
                0x000000000800a4b8      0x1b4 Drivers/STM32L4xx_HAL_Driver/Src/stm32l4xx_hal_rcc_ex.o
 .text.HAL_UART_Init
                0x000000000800a66c       0x9c Drivers/STM32L4xx_HAL_Driver/Src/stm32l4xx_hal_uart.o
                0x000000000800a66c                HAL_UART_Init
 .text.HAL_UART_Transmit
                0x000000000800a708      0x126 Drivers/STM32L4xx_HAL_Driver/Src/stm32l4xx_hal_uart.o
                0x000000000800a708                HAL_UART_Transmit
 .text.HAL_UART_Receive
                0x000000000800a82e      0x19a Drivers/STM32L4xx_HAL_Driver/Src/stm32l4xx_hal_uart.o
                0x000000000800a82e                HAL_UART_Receive
 .text.UART_SetConfig
                0x000000000800a9c8      0x6e4 Drivers/STM32L4xx_HAL_Driver/Src/stm32l4xx_hal_uart.o
                0x000000000800a9c8                UART_SetConfig
 .text.UART_AdvFeatureConfig
                0x000000000800b0ac      0x144 Drivers/STM32L4xx_HAL_Driver/Src/stm32l4xx_hal_uart.o
                0x000000000800b0ac                UART_AdvFeatureConfig
 .text.UART_CheckIdleState
                0x000000000800b1f0       0x8a Drivers/STM32L4xx_HAL_Driver/Src/stm32l4xx_hal_uart.o
                0x000000000800b1f0                UART_CheckIdleState
 .text.UART_WaitOnFlagUntilTimeout
                0x000000000800b27a       0xf6 Drivers/STM32L4xx_HAL_Driver/Src/stm32l4xx_hal_uart.o
                0x000000000800b27a                UART_WaitOnFlagUntilTimeout
 .text.aiPbMgrInit
                0x000000000800b370       0x78 X-CUBE-AI/App/aiPbMgr.o
                0x000000000800b370                aiPbMgrInit
 .text.aiPbMgrWaitAndProcess
                0x000000000800b3e8       0x9c X-CUBE-AI/App/aiPbMgr.o
                0x000000000800b3e8                aiPbMgrWaitAndProcess
 .text.aiPbMgrSendResp
                0x000000000800b484       0x3c X-CUBE-AI/App/aiPbMgr.o
                0x000000000800b484                aiPbMgrSendResp
 .text.aiPbMgrSendAck
                0x000000000800b4c0       0x36 X-CUBE-AI/App/aiPbMgr.o
                0x000000000800b4c0                aiPbMgrSendAck
 *fill*         0x000000000800b4f6        0x2 
 .text.aiPbMgrWaitAck
                0x000000000800b4f8       0x34 X-CUBE-AI/App/aiPbMgr.o
                0x000000000800b4f8                aiPbMgrWaitAck
 .text.aiPbAiBufferSize
                0x000000000800b52c       0x3a X-CUBE-AI/App/aiPbMgr.o
                0x000000000800b52c                aiPbAiBufferSize
 .text.aiPbMsgFmtToAiFmt
                0x000000000800b566       0x16 X-CUBE-AI/App/aiPbMgr.o
 .text.aiPbAiFmtToMsgFmt
                0x000000000800b57c       0x16 X-CUBE-AI/App/aiPbMgr.o
 .text.aiPbBufferGetItemSize
                0x000000000800b592       0x20 X-CUBE-AI/App/aiPbMgr.o
 .text.aiPbBuffer_read_cb3
                0x000000000800b5b2      0x11e X-CUBE-AI/App/aiPbMgr.o
 .text.aiPbBuffer_write_cb3
                0x000000000800b6d0       0x8c X-CUBE-AI/App/aiPbMgr.o
 .text.aiPbMgrReceiveAiBuffer3
                0x000000000800b75c       0xac X-CUBE-AI/App/aiPbMgr.o
                0x000000000800b75c                aiPbMgrReceiveAiBuffer3
 .text.aiPbMgrSetMetaInfo
                0x000000000800b808      0x26a X-CUBE-AI/App/aiPbMgr.o
 *fill*         0x000000000800ba72        0x2 
 .text.aiPbMgrSendAiBuffer3
                0x000000000800ba74       0xd8 X-CUBE-AI/App/aiPbMgr.o
                0x000000000800ba74                aiPbMgrSendAiBuffer3
 .text.aiPbCmdSync
                0x000000000800bb4c       0x44 X-CUBE-AI/App/aiPbMgr.o
                0x000000000800bb4c                aiPbCmdSync
 .text.aiPbCmdSysInfo
                0x000000000800bb90       0x4c X-CUBE-AI/App/aiPbMgr.o
                0x000000000800bb90                aiPbCmdSysInfo
 .text.init_aibuffer_msg
                0x000000000800bbdc       0x66 X-CUBE-AI/App/aiPbMgr.o
 *fill*         0x000000000800bc42        0x2 
 .text.nn_shape_w_cb
                0x000000000800bc44       0x84 X-CUBE-AI/App/aiPbMgr.o
 .text.nn_inputs_w_cb
                0x000000000800bcc8       0x36 X-CUBE-AI/App/aiPbMgr.o
 .text.nn_outputs_w_cb
                0x000000000800bcfe       0x36 X-CUBE-AI/App/aiPbMgr.o
 .text.aiPbStrCopy
                0x000000000800bd34       0x78 X-CUBE-AI/App/aiPbMgr.o
                0x000000000800bd34                aiPbStrCopy
 .text.aiPbVersionToUint32
                0x000000000800bdac       0x3a X-CUBE-AI/App/aiPbMgr.o
                0x000000000800bdac                aiPbVersionToUint32
 *fill*         0x000000000800bde6        0x2 
 .text.aiPbMgrSendNNInfo
                0x000000000800bde8      0x170 X-CUBE-AI/App/aiPbMgr.o
                0x000000000800bde8                aiPbMgrSendNNInfo
 .text.crcIpInit
                0x000000000800bf58       0x40 X-CUBE-AI/App/aiTestUtility.o
                0x000000000800bf58                crcIpInit
 .text.dwtIpInit
                0x000000000800bf98       0x38 X-CUBE-AI/App/aiTestUtility.o
                0x000000000800bf98                dwtIpInit
 .text.dwtReset
                0x000000000800bfd0       0x18 X-CUBE-AI/App/aiTestUtility.o
                0x000000000800bfd0                dwtReset
 .text.dwtGetCycles
                0x000000000800bfe8       0x18 X-CUBE-AI/App/aiTestUtility.o
                0x000000000800bfe8                dwtGetCycles
 .text.systemCoreClock
                0x000000000800c000        0xe X-CUBE-AI/App/aiTestUtility.o
                0x000000000800c000                systemCoreClock
 *fill*         0x000000000800c00e        0x2 
 .text.dwtCyclesToFloatMs
                0x000000000800c010       0x50 X-CUBE-AI/App/aiTestUtility.o
                0x000000000800c010                dwtCyclesToFloatMs
 .text.devIdToStr
                0x000000000800c060      0x218 X-CUBE-AI/App/aiTestUtility.o
 .text.bitToStr
                0x000000000800c278       0x28 X-CUBE-AI/App/aiTestUtility.o
 .text.getFlashCacheConf
                0x000000000800c2a0       0x18 X-CUBE-AI/App/aiTestUtility.o
                0x000000000800c2a0                getFlashCacheConf
 .text.logDeviceConf
                0x000000000800c2b8      0x150 X-CUBE-AI/App/aiTestUtility.o
                0x000000000800c2b8                logDeviceConf
 .text.disableInts
                0x000000000800c408       0x20 X-CUBE-AI/App/aiTestUtility.o
                0x000000000800c408                disableInts
 .text.restoreInts
                0x000000000800c428       0x1e X-CUBE-AI/App/aiTestUtility.o
                0x000000000800c428                restoreInts
 *fill*         0x000000000800c446        0x2 
 .text.ioDisableWrite
                0x000000000800c448       0x18 X-CUBE-AI/App/aiTestUtility.o
                0x000000000800c448                ioDisableWrite
 .text._write   0x000000000800c460       0x6c X-CUBE-AI/App/aiTestUtility.o
                0x000000000800c460                _write
 .text.aiLogErr
                0x000000000800c4cc       0x48 X-CUBE-AI/App/aiTestUtility.o
                0x000000000800c4cc                aiLogErr
 .text.aiBufferSize
                0x000000000800c514       0x2c X-CUBE-AI/App/aiTestUtility.o
                0x000000000800c514                aiBufferSize
 .text.aiPrintLayoutBuffer
                0x000000000800c540      0x3e8 X-CUBE-AI/App/aiTestUtility.o
 .text.aiPrintNetworkInfo
                0x000000000800c928      0x17c X-CUBE-AI/App/aiTestUtility.o
                0x000000000800c928                aiPrintNetworkInfo
 .text.aiTestHeader
                0x000000000800caa4       0x48 X-CUBE-AI/App/aiTestUtility.o
                0x000000000800caa4                aiTestHeader
 .text.write_packet
                0x000000000800caec       0x34 X-CUBE-AI/App/aiTestUtility.o
 .text.ioFlushWrite
                0x000000000800cb20       0x24 X-CUBE-AI/App/aiTestUtility.o
                0x000000000800cb20                ioFlushWrite
 .text.write_callback
                0x000000000800cb44       0x78 X-CUBE-AI/App/aiTestUtility.o
 .text.read_packet
                0x000000000800cbbc       0x40 X-CUBE-AI/App/aiTestUtility.o
 .text.ioFlushRead
                0x000000000800cbfc       0x24 X-CUBE-AI/App/aiTestUtility.o
                0x000000000800cbfc                ioFlushRead
 .text.read_callback
                0x000000000800cc20       0xc0 X-CUBE-AI/App/aiTestUtility.o
 .text.pb_ostream_to_uart
                0x000000000800cce0       0x48 X-CUBE-AI/App/aiTestUtility.o
                0x000000000800cce0                pb_ostream_to_uart
 .text.pb_istream_from_uart
                0x000000000800cd28       0x44 X-CUBE-AI/App/aiTestUtility.o
                0x000000000800cd28                pb_istream_from_uart
 .text.aiOnExecNode_cb
                0x000000000800cd6c      0x106 X-CUBE-AI/App/aiValidation.o
 *fill*         0x000000000800ce72        0x2 
 .text.aiExecCtx
                0x000000000800ce74       0xb8 X-CUBE-AI/App/aiValidation.o
 .text.aiSetPbContext
                0x000000000800cf2c       0x30 X-CUBE-AI/App/aiValidation.o
 .text.aiBootstrap
                0x000000000800cf5c      0x214 X-CUBE-AI/App/aiValidation.o
 .text.aiInspectorGetReport
                0x000000000800d170       0x5a X-CUBE-AI/App/aiValidation.o
 .text.aiInspectorSendReport
                0x000000000800d1ca       0x7e X-CUBE-AI/App/aiValidation.o
 .text.aiInspectorUnBind
                0x000000000800d248       0x44 X-CUBE-AI/App/aiValidation.o
 .text.aiInspectorBind
                0x000000000800d28c       0x68 X-CUBE-AI/App/aiValidation.o
 .text.aiInspectorInitAndBind
                0x000000000800d2f4       0xac X-CUBE-AI/App/aiValidation.o
 .text.aiInspectorUnbindAndDestroy
                0x000000000800d3a0       0x30 X-CUBE-AI/App/aiValidation.o
 .text.aiInit   0x000000000800d3d0       0xc4 X-CUBE-AI/App/aiValidation.o
 .text.aiPbCmdNNInfo
                0x000000000800d494       0x4e X-CUBE-AI/App/aiValidation.o
                0x000000000800d494                aiPbCmdNNInfo
 *fill*         0x000000000800d4e2        0x2 
 .text.aiPbCmdNNRun
                0x000000000800d4e4      0x37c X-CUBE-AI/App/aiValidation.o
                0x000000000800d4e4                aiPbCmdNNRun
 .text.aiValidationCore
                0x000000000800d860        0xe X-CUBE-AI/App/aiValidation.o
 *fill*         0x000000000800d86e        0x2 
 .text.aiValidationInit
                0x000000000800d870       0x30 X-CUBE-AI/App/aiValidation.o
                0x000000000800d870                aiValidationInit
 .text.aiValidationProcess
                0x000000000800d8a0       0x90 X-CUBE-AI/App/aiValidation.o
                0x000000000800d8a0                aiValidationProcess
 .text.MX_X_CUBE_AI_Init
                0x000000000800d930       0x10 X-CUBE-AI/App/app_x-cube-ai.o
                0x000000000800d930                MX_X_CUBE_AI_Init
 .text.MX_X_CUBE_AI_Process
                0x000000000800d940        0xc X-CUBE-AI/App/app_x-cube-ai.o
                0x000000000800d940                MX_X_CUBE_AI_Process
 .text.ai_mnetwork_is_valid
                0x000000000800d94c       0x56 X-CUBE-AI/App/app_x-cube-ai.o
 *fill*         0x000000000800d9a2        0x2 
 .text.ai_mnetwork_handle
                0x000000000800d9a4       0x74 X-CUBE-AI/App/app_x-cube-ai.o
 .text.ai_mnetwork_release_handle
                0x000000000800da18       0x58 X-CUBE-AI/App/app_x-cube-ai.o
 .text.ai_mnetwork_find
                0x000000000800da70       0x60 X-CUBE-AI/App/app_x-cube-ai.o
                0x000000000800da70                ai_mnetwork_find
 .text.ai_mnetwork_create
                0x000000000800dad0       0xd8 X-CUBE-AI/App/app_x-cube-ai.o
                0x000000000800dad0                ai_mnetwork_create
 .text.ai_mnetwork_destroy
                0x000000000800dba8       0x44 X-CUBE-AI/App/app_x-cube-ai.o
                0x000000000800dba8                ai_mnetwork_destroy
 .text.ai_mnetwork_get_info
                0x000000000800dbec       0x36 X-CUBE-AI/App/app_x-cube-ai.o
                0x000000000800dbec                ai_mnetwork_get_info
 .text.ai_mnetwork_get_error
                0x000000000800dc22       0x40 X-CUBE-AI/App/app_x-cube-ai.o
                0x000000000800dc22                ai_mnetwork_get_error
 .text.ai_mnetwork_init
                0x000000000800dc62       0xa2 X-CUBE-AI/App/app_x-cube-ai.o
                0x000000000800dc62                ai_mnetwork_init
 .text.ai_mnetwork_run
                0x000000000800dd04       0x38 X-CUBE-AI/App/app_x-cube-ai.o
                0x000000000800dd04                ai_mnetwork_run
 .text.ai_mnetwork_get_private_handle
                0x000000000800dd3c       0x58 X-CUBE-AI/App/app_x-cube-ai.o
                0x000000000800dd3c                ai_mnetwork_get_private_handle
 .text.ai_mnetwork_get_ext_data_activations
                0x000000000800dd94       0x4a X-CUBE-AI/App/app_x-cube-ai.o
                0x000000000800dd94                ai_mnetwork_get_ext_data_activations
 *fill*         0x000000000800ddde        0x2 
 .text.network_configure_activations
                0x000000000800dde0       0xd8 X-CUBE-AI/App/network.o
 .text.network_configure_weights
                0x000000000800deb8      0x180 X-CUBE-AI/App/network.o
 .text.ai_network_get_info
                0x000000000800e038       0xc8 X-CUBE-AI/App/network.o
                0x000000000800e038                ai_network_get_info
 .text.ai_network_get_error
                0x000000000800e100       0x18 X-CUBE-AI/App/network.o
                0x000000000800e100                ai_network_get_error
 .text.ai_network_create
                0x000000000800e118       0x2c X-CUBE-AI/App/network.o
                0x000000000800e118                ai_network_create
 .text.ai_network_destroy
                0x000000000800e144       0x18 X-CUBE-AI/App/network.o
                0x000000000800e144                ai_network_destroy
 .text.ai_network_init
                0x000000000800e15c       0x66 X-CUBE-AI/App/network.o
                0x000000000800e15c                ai_network_init
 .text.ai_network_run
                0x000000000800e1c2       0x20 X-CUBE-AI/App/network.o
                0x000000000800e1c2                ai_network_run
 .text.ai_network_forward
                0x000000000800e1e2       0x1e X-CUBE-AI/App/network.o
                0x000000000800e1e2                ai_network_forward
 .text.ai_network_data_weights_get
                0x000000000800e200       0x14 X-CUBE-AI/App/network_data.o
                0x000000000800e200                ai_network_data_weights_get
 .text.pb_field_iter_begin
                0x000000000800e214       0x6a X-CUBE-AI/App/pb_common.o
                0x000000000800e214                pb_field_iter_begin
 .text.pb_field_iter_next
                0x000000000800e27e      0x10c X-CUBE-AI/App/pb_common.o
                0x000000000800e27e                pb_field_iter_next
 .text.pb_field_iter_find
                0x000000000800e38a       0x4c X-CUBE-AI/App/pb_common.o
                0x000000000800e38a                pb_field_iter_find
 .text.buf_read
                0x000000000800e3d6       0x56 X-CUBE-AI/App/pb_decode.o
 .text.pb_read  0x000000000800e42c       0xd0 X-CUBE-AI/App/pb_decode.o
                0x000000000800e42c                pb_read
 .text.pb_readbyte
                0x000000000800e4fc       0x78 X-CUBE-AI/App/pb_decode.o
 .text.pb_istream_from_buffer
                0x000000000800e574       0x3c X-CUBE-AI/App/pb_decode.o
                0x000000000800e574                pb_istream_from_buffer
 .text.pb_decode_varint32_eof
                0x000000000800e5b0      0x114 X-CUBE-AI/App/pb_decode.o
 .text.pb_decode_varint32
                0x000000000800e6c4       0x1e X-CUBE-AI/App/pb_decode.o
                0x000000000800e6c4                pb_decode_varint32
 *fill*         0x000000000800e6e2        0x2 
 .text.pb_decode_varint
                0x000000000800e6e4       0xc4 X-CUBE-AI/App/pb_decode.o
                0x000000000800e6e4                pb_decode_varint
 .text.pb_skip_varint
                0x000000000800e7a8       0x38 X-CUBE-AI/App/pb_decode.o
 .text.pb_skip_string
                0x000000000800e7e0       0x3a X-CUBE-AI/App/pb_decode.o
 .text.pb_decode_tag
                0x000000000800e81a       0x6e X-CUBE-AI/App/pb_decode.o
                0x000000000800e81a                pb_decode_tag
 .text.pb_skip_field
                0x000000000800e888       0x84 X-CUBE-AI/App/pb_decode.o
                0x000000000800e888                pb_skip_field
 .text.read_raw_value
                0x000000000800e90c       0xb8 X-CUBE-AI/App/pb_decode.o
 .text.pb_make_string_substream
                0x000000000800e9c4       0x74 X-CUBE-AI/App/pb_decode.o
                0x000000000800e9c4                pb_make_string_substream
 .text.pb_close_string_substream
                0x000000000800ea38       0x4a X-CUBE-AI/App/pb_decode.o
                0x000000000800ea38                pb_close_string_substream
 *fill*         0x000000000800ea82        0x2 
 .text.decode_static_field
                0x000000000800ea84      0x244 X-CUBE-AI/App/pb_decode.o
 .text.decode_pointer_field
                0x000000000800ecc8       0x34 X-CUBE-AI/App/pb_decode.o
 .text.decode_callback_field
                0x000000000800ecfc      0x110 X-CUBE-AI/App/pb_decode.o
 .text.decode_field
                0x000000000800ee0c       0x78 X-CUBE-AI/App/pb_decode.o
 .text.iter_from_extension
                0x000000000800ee84       0x4e X-CUBE-AI/App/pb_decode.o
 .text.default_extension_decoder
                0x000000000800eed2       0x52 X-CUBE-AI/App/pb_decode.o
 .text.decode_extension
                0x000000000800ef24       0x80 X-CUBE-AI/App/pb_decode.o
 .text.find_extension_field
                0x000000000800efa4       0x3a X-CUBE-AI/App/pb_decode.o
 .text.pb_field_set_to_default
                0x000000000800efde      0x156 X-CUBE-AI/App/pb_decode.o
 .text.pb_message_set_to_defaults
                0x000000000800f134       0x48 X-CUBE-AI/App/pb_decode.o
 .text.pb_decode_noinit
                0x000000000800f17c      0x2d4 X-CUBE-AI/App/pb_decode.o
                0x000000000800f17c                pb_decode_noinit
 .text.pb_decode
                0x000000000800f450       0x2c X-CUBE-AI/App/pb_decode.o
                0x000000000800f450                pb_decode
 .text.pb_decode_delimited
                0x000000000800f47c       0x64 X-CUBE-AI/App/pb_decode.o
                0x000000000800f47c                pb_decode_delimited
 .text.pb_decode_svarint
                0x000000000800f4e0       0x76 X-CUBE-AI/App/pb_decode.o
                0x000000000800f4e0                pb_decode_svarint
 .text.pb_decode_fixed32
                0x000000000800f556       0x4c X-CUBE-AI/App/pb_decode.o
                0x000000000800f556                pb_decode_fixed32
 .text.pb_decode_fixed64
                0x000000000800f5a2      0x10e X-CUBE-AI/App/pb_decode.o
                0x000000000800f5a2                pb_decode_fixed64
 .text.pb_dec_varint
                0x000000000800f6b0      0x12c X-CUBE-AI/App/pb_decode.o
 .text.pb_dec_uvarint
                0x000000000800f7dc      0x10c X-CUBE-AI/App/pb_decode.o
 .text.pb_dec_svarint
                0x000000000800f8e8      0x110 X-CUBE-AI/App/pb_decode.o
 .text.pb_dec_fixed32
                0x000000000800f9f8       0x1e X-CUBE-AI/App/pb_decode.o
 .text.pb_dec_fixed64
                0x000000000800fa16       0x1e X-CUBE-AI/App/pb_decode.o
 .text.pb_dec_bytes
                0x000000000800fa34       0xec X-CUBE-AI/App/pb_decode.o
 .text.pb_dec_string
                0x000000000800fb20       0xcc X-CUBE-AI/App/pb_decode.o
 .text.pb_dec_submessage
                0x000000000800fbec       0xb4 X-CUBE-AI/App/pb_decode.o
 .text.pb_dec_fixed_length_bytes
                0x000000000800fca0       0xb0 X-CUBE-AI/App/pb_decode.o
 .text.pb_write
                0x000000000800fd50       0x8c X-CUBE-AI/App/pb_encode.o
                0x000000000800fd50                pb_write
 .text.encode_array
                0x000000000800fddc      0x21c X-CUBE-AI/App/pb_encode.o
 .text.pb_check_proto3_default_value
                0x000000000800fff8      0x19a X-CUBE-AI/App/pb_encode.o
 *fill*         0x0000000008010192        0x2 
 .text.encode_basic_field
                0x0000000008010194      0x1fc X-CUBE-AI/App/pb_encode.o
 .text.encode_callback_field
                0x0000000008010390       0x5c X-CUBE-AI/App/pb_encode.o
 .text.encode_field
                0x00000000080103ec       0x60 X-CUBE-AI/App/pb_encode.o
 .text.default_extension_encoder
                0x000000000801044c       0x48 X-CUBE-AI/App/pb_encode.o
 .text.encode_extension_field
                0x0000000008010494       0x62 X-CUBE-AI/App/pb_encode.o
 .text.pb_const_cast
                0x00000000080104f6       0x1a X-CUBE-AI/App/pb_encode.o
 .text.pb_encode
                0x0000000008010510       0x8e X-CUBE-AI/App/pb_encode.o
                0x0000000008010510                pb_encode
 .text.pb_encode_varint
                0x000000000801059e       0xa6 X-CUBE-AI/App/pb_encode.o
                0x000000000801059e                pb_encode_varint
 .text.pb_encode_svarint
                0x0000000008010644       0x56 X-CUBE-AI/App/pb_encode.o
                0x0000000008010644                pb_encode_svarint
 .text.pb_encode_fixed32
                0x000000000801069a       0x46 X-CUBE-AI/App/pb_encode.o
                0x000000000801069a                pb_encode_fixed32
 .text.pb_encode_fixed64
                0x00000000080106e0       0xc8 X-CUBE-AI/App/pb_encode.o
                0x00000000080106e0                pb_encode_fixed64
 .text.pb_encode_tag
                0x00000000080107a8       0x48 X-CUBE-AI/App/pb_encode.o
                0x00000000080107a8                pb_encode_tag
 .text.pb_encode_tag_for_field
                0x00000000080107f0       0x94 X-CUBE-AI/App/pb_encode.o
                0x00000000080107f0                pb_encode_tag_for_field
 .text.pb_encode_string
                0x0000000008010884       0x40 X-CUBE-AI/App/pb_encode.o
                0x0000000008010884                pb_encode_string
 .text.pb_encode_submessage
                0x00000000080108c4      0x11c X-CUBE-AI/App/pb_encode.o
                0x00000000080108c4                pb_encode_submessage
 .text.pb_enc_varint
                0x00000000080109e0       0xbc X-CUBE-AI/App/pb_encode.o
 .text.pb_enc_uvarint
                0x0000000008010a9c       0xb4 X-CUBE-AI/App/pb_encode.o
 .text.pb_enc_svarint
                0x0000000008010b50       0xb8 X-CUBE-AI/App/pb_encode.o
 .text.pb_enc_fixed64
                0x0000000008010c08       0x1e X-CUBE-AI/App/pb_encode.o
 .text.pb_enc_fixed32
                0x0000000008010c26       0x1e X-CUBE-AI/App/pb_encode.o
 .text.pb_enc_bytes
                0x0000000008010c44       0x7c X-CUBE-AI/App/pb_encode.o
 .text.pb_enc_string
                0x0000000008010cc0       0x6c X-CUBE-AI/App/pb_encode.o
 .text.pb_enc_submessage
                0x0000000008010d2c       0x4c X-CUBE-AI/App/pb_encode.o
 .text.pb_enc_fixed_length_bytes
                0x0000000008010d78       0x28 X-CUBE-AI/App/pb_encode.o
 .text.__aeabi_memclr
                0x0000000008010da0        0x6 /Applications/STM32CubeIDE.app/Contents/Eclipse/plugins/com.st.stm32cube.ide.mcu.externaltools.gnu-tools-for-stm32.7-2018-q2-update.macos64_1.0.0.201904181610/tools/bin/../lib/gcc/arm-none-eabi/7.3.1/../../../../arm-none-eabi/lib/thumb/v7e-m/fpv4-sp/hard/libc_nano.a(lib_a-aeabi_memclr.o)
                0x0000000008010da0                __aeabi_memclr8
                0x0000000008010da0                __aeabi_memclr
                0x0000000008010da0                __aeabi_memclr4
 .text.__aeabi_memcpy
                0x0000000008010da6        0x4 /Applications/STM32CubeIDE.app/Contents/Eclipse/plugins/com.st.stm32cube.ide.mcu.externaltools.gnu-tools-for-stm32.7-2018-q2-update.macos64_1.0.0.201904181610/tools/bin/../lib/gcc/arm-none-eabi/7.3.1/../../../../arm-none-eabi/lib/thumb/v7e-m/fpv4-sp/hard/libc_nano.a(lib_a-aeabi_memcpy.o)
                0x0000000008010da6                __aeabi_memcpy
                0x0000000008010da6                __aeabi_memcpy4
                0x0000000008010da6                __aeabi_memcpy8
 *fill*         0x0000000008010daa        0x2 
 .text.__errno  0x0000000008010dac        0xc /Applications/STM32CubeIDE.app/Contents/Eclipse/plugins/com.st.stm32cube.ide.mcu.externaltools.gnu-tools-for-stm32.7-2018-q2-update.macos64_1.0.0.201904181610/tools/bin/../lib/gcc/arm-none-eabi/7.3.1/../../../../arm-none-eabi/lib/thumb/v7e-m/fpv4-sp/hard/libc_nano.a(lib_a-errno.o)
                0x0000000008010dac                __errno
 .text.__libc_init_array
                0x0000000008010db8       0x48 /Applications/STM32CubeIDE.app/Contents/Eclipse/plugins/com.st.stm32cube.ide.mcu.externaltools.gnu-tools-for-stm32.7-2018-q2-update.macos64_1.0.0.201904181610/tools/bin/../lib/gcc/arm-none-eabi/7.3.1/../../../../arm-none-eabi/lib/thumb/v7e-m/fpv4-sp/hard/libc_nano.a(lib_a-init.o)
                0x0000000008010db8                __libc_init_array
 .text.malloc   0x0000000008010e00       0x10 /Applications/STM32CubeIDE.app/Contents/Eclipse/plugins/com.st.stm32cube.ide.mcu.externaltools.gnu-tools-for-stm32.7-2018-q2-update.macos64_1.0.0.201904181610/tools/bin/../lib/gcc/arm-none-eabi/7.3.1/../../../../arm-none-eabi/lib/thumb/v7e-m/fpv4-sp/hard/libc_nano.a(lib_a-malloc.o)
                0x0000000008010e00                malloc
 .text.free     0x0000000008010e10       0x10 /Applications/STM32CubeIDE.app/Contents/Eclipse/plugins/com.st.stm32cube.ide.mcu.externaltools.gnu-tools-for-stm32.7-2018-q2-update.macos64_1.0.0.201904181610/tools/bin/../lib/gcc/arm-none-eabi/7.3.1/../../../../arm-none-eabi/lib/thumb/v7e-m/fpv4-sp/hard/libc_nano.a(lib_a-malloc.o)
                0x0000000008010e10                free
 .text.memcmp   0x0000000008010e20       0x1e /Applications/STM32CubeIDE.app/Contents/Eclipse/plugins/com.st.stm32cube.ide.mcu.externaltools.gnu-tools-for-stm32.7-2018-q2-update.macos64_1.0.0.201904181610/tools/bin/../lib/gcc/arm-none-eabi/7.3.1/../../../../arm-none-eabi/lib/thumb/v7e-m/fpv4-sp/hard/libc_nano.a(lib_a-memcmp.o)
                0x0000000008010e20                memcmp
 .text.memcpy   0x0000000008010e3e       0x16 /Applications/STM32CubeIDE.app/Contents/Eclipse/plugins/com.st.stm32cube.ide.mcu.externaltools.gnu-tools-for-stm32.7-2018-q2-update.macos64_1.0.0.201904181610/tools/bin/../lib/gcc/arm-none-eabi/7.3.1/../../../../arm-none-eabi/lib/thumb/v7e-m/fpv4-sp/hard/libc_nano.a(lib_a-memcpy-stub.o)
                0x0000000008010e3e                memcpy
 .text.memset   0x0000000008010e54       0x10 /Applications/STM32CubeIDE.app/Contents/Eclipse/plugins/com.st.stm32cube.ide.mcu.externaltools.gnu-tools-for-stm32.7-2018-q2-update.macos64_1.0.0.201904181610/tools/bin/../lib/gcc/arm-none-eabi/7.3.1/../../../../arm-none-eabi/lib/thumb/v7e-m/fpv4-sp/hard/libc_nano.a(lib_a-memset.o)
                0x0000000008010e54                memset
 .text._free_r  0x0000000008010e64       0x9c /Applications/STM32CubeIDE.app/Contents/Eclipse/plugins/com.st.stm32cube.ide.mcu.externaltools.gnu-tools-for-stm32.7-2018-q2-update.macos64_1.0.0.201904181610/tools/bin/../lib/gcc/arm-none-eabi/7.3.1/../../../../arm-none-eabi/lib/thumb/v7e-m/fpv4-sp/hard/libc_nano.a(lib_a-nano-freer.o)
                0x0000000008010e64                _free_r
 .text._malloc_r
                0x0000000008010f00       0xb4 /Applications/STM32CubeIDE.app/Contents/Eclipse/plugins/com.st.stm32cube.ide.mcu.externaltools.gnu-tools-for-stm32.7-2018-q2-update.macos64_1.0.0.201904181610/tools/bin/../lib/gcc/arm-none-eabi/7.3.1/../../../../arm-none-eabi/lib/thumb/v7e-m/fpv4-sp/hard/libc_nano.a(lib_a-nano-mallocr.o)
                0x0000000008010f00                _malloc_r
 .text.printf   0x0000000008010fb4       0x30 /Applications/STM32CubeIDE.app/Contents/Eclipse/plugins/com.st.stm32cube.ide.mcu.externaltools.gnu-tools-for-stm32.7-2018-q2-update.macos64_1.0.0.201904181610/tools/bin/../lib/gcc/arm-none-eabi/7.3.1/../../../../arm-none-eabi/lib/thumb/v7e-m/fpv4-sp/hard/libc_nano.a(lib_a-printf.o)
                0x0000000008010fb4                printf
                0x0000000008010fb4                iprintf
 .text._puts_r  0x0000000008010fe4       0xb8 /Applications/STM32CubeIDE.app/Contents/Eclipse/plugins/com.st.stm32cube.ide.mcu.externaltools.gnu-tools-for-stm32.7-2018-q2-update.macos64_1.0.0.201904181610/tools/bin/../lib/gcc/arm-none-eabi/7.3.1/../../../../arm-none-eabi/lib/thumb/v7e-m/fpv4-sp/hard/libc_nano.a(lib_a-puts.o)
                0x0000000008010fe4                _puts_r
 .text.puts     0x000000000801109c       0x10 /Applications/STM32CubeIDE.app/Contents/Eclipse/plugins/com.st.stm32cube.ide.mcu.externaltools.gnu-tools-for-stm32.7-2018-q2-update.macos64_1.0.0.201904181610/tools/bin/../lib/gcc/arm-none-eabi/7.3.1/../../../../arm-none-eabi/lib/thumb/v7e-m/fpv4-sp/hard/libc_nano.a(lib_a-puts.o)
                0x000000000801109c                puts
 .text.realloc  0x00000000080110ac       0x10 /Applications/STM32CubeIDE.app/Contents/Eclipse/plugins/com.st.stm32cube.ide.mcu.externaltools.gnu-tools-for-stm32.7-2018-q2-update.macos64_1.0.0.201904181610/tools/bin/../lib/gcc/arm-none-eabi/7.3.1/../../../../arm-none-eabi/lib/thumb/v7e-m/fpv4-sp/hard/libc_nano.a(lib_a-realloc.o)
                0x00000000080110ac                realloc
 .text._sbrk_r  0x00000000080110bc       0x20 /Applications/STM32CubeIDE.app/Contents/Eclipse/plugins/com.st.stm32cube.ide.mcu.externaltools.gnu-tools-for-stm32.7-2018-q2-update.macos64_1.0.0.201904181610/tools/bin/../lib/gcc/arm-none-eabi/7.3.1/../../../../arm-none-eabi/lib/thumb/v7e-m/fpv4-sp/hard/libc_nano.a(lib_a-sbrkr.o)
                0x00000000080110bc                _sbrk_r
 .text.strncmp  0x00000000080110dc       0x24 /Applications/STM32CubeIDE.app/Contents/Eclipse/plugins/com.st.stm32cube.ide.mcu.externaltools.gnu-tools-for-stm32.7-2018-q2-update.macos64_1.0.0.201904181610/tools/bin/../lib/gcc/arm-none-eabi/7.3.1/../../../../arm-none-eabi/lib/thumb/v7e-m/fpv4-sp/hard/libc_nano.a(lib_a-strncmp.o)
                0x00000000080110dc                strncmp
 .text.__swbuf_r
                0x0000000008011100       0xa4 /Applications/STM32CubeIDE.app/Contents/Eclipse/plugins/com.st.stm32cube.ide.mcu.externaltools.gnu-tools-for-stm32.7-2018-q2-update.macos64_1.0.0.201904181610/tools/bin/../lib/gcc/arm-none-eabi/7.3.1/../../../../arm-none-eabi/lib/thumb/v7e-m/fpv4-sp/hard/libc_nano.a(lib_a-wbuf.o)
                0x0000000008011100                __swbuf_r
 .text.__swsetup_r
                0x00000000080111a4       0xdc /Applications/STM32CubeIDE.app/Contents/Eclipse/plugins/com.st.stm32cube.ide.mcu.externaltools.gnu-tools-for-stm32.7-2018-q2-update.macos64_1.0.0.201904181610/tools/bin/../lib/gcc/arm-none-eabi/7.3.1/../../../../arm-none-eabi/lib/thumb/v7e-m/fpv4-sp/hard/libc_nano.a(lib_a-wsetup.o)
                0x00000000080111a4                __swsetup_r
 .text.__sflush_r
                0x0000000008011280      0x10c /Applications/STM32CubeIDE.app/Contents/Eclipse/plugins/com.st.stm32cube.ide.mcu.externaltools.gnu-tools-for-stm32.7-2018-q2-update.macos64_1.0.0.201904181610/tools/bin/../lib/gcc/arm-none-eabi/7.3.1/../../../../arm-none-eabi/lib/thumb/v7e-m/fpv4-sp/hard/libc_nano.a(lib_a-fflush.o)
                0x0000000008011280                __sflush_r
 .text._fflush_r
                0x000000000801138c       0x54 /Applications/STM32CubeIDE.app/Contents/Eclipse/plugins/com.st.stm32cube.ide.mcu.externaltools.gnu-tools-for-stm32.7-2018-q2-update.macos64_1.0.0.201904181610/tools/bin/../lib/gcc/arm-none-eabi/7.3.1/../../../../arm-none-eabi/lib/thumb/v7e-m/fpv4-sp/hard/libc_nano.a(lib_a-fflush.o)
                0x000000000801138c                _fflush_r
 .text.std      0x00000000080113e0       0x48 /Applications/STM32CubeIDE.app/Contents/Eclipse/plugins/com.st.stm32cube.ide.mcu.externaltools.gnu-tools-for-stm32.7-2018-q2-update.macos64_1.0.0.201904181610/tools/bin/../lib/gcc/arm-none-eabi/7.3.1/../../../../arm-none-eabi/lib/thumb/v7e-m/fpv4-sp/hard/libc_nano.a(lib_a-findfp.o)
 .text._cleanup_r
                0x0000000008011428        0xc /Applications/STM32CubeIDE.app/Contents/Eclipse/plugins/com.st.stm32cube.ide.mcu.externaltools.gnu-tools-for-stm32.7-2018-q2-update.macos64_1.0.0.201904181610/tools/bin/../lib/gcc/arm-none-eabi/7.3.1/../../../../arm-none-eabi/lib/thumb/v7e-m/fpv4-sp/hard/libc_nano.a(lib_a-findfp.o)
                0x0000000008011428                _cleanup_r
 .text.__sfmoreglue
                0x0000000008011434       0x2c /Applications/STM32CubeIDE.app/Contents/Eclipse/plugins/com.st.stm32cube.ide.mcu.externaltools.gnu-tools-for-stm32.7-2018-q2-update.macos64_1.0.0.201904181610/tools/bin/../lib/gcc/arm-none-eabi/7.3.1/../../../../arm-none-eabi/lib/thumb/v7e-m/fpv4-sp/hard/libc_nano.a(lib_a-findfp.o)
                0x0000000008011434                __sfmoreglue
 .text.__sinit  0x0000000008011460       0x60 /Applications/STM32CubeIDE.app/Contents/Eclipse/plugins/com.st.stm32cube.ide.mcu.externaltools.gnu-tools-for-stm32.7-2018-q2-update.macos64_1.0.0.201904181610/tools/bin/../lib/gcc/arm-none-eabi/7.3.1/../../../../arm-none-eabi/lib/thumb/v7e-m/fpv4-sp/hard/libc_nano.a(lib_a-findfp.o)
                0x0000000008011460                __sinit
 .text.__sfp    0x00000000080114c0       0x78 /Applications/STM32CubeIDE.app/Contents/Eclipse/plugins/com.st.stm32cube.ide.mcu.externaltools.gnu-tools-for-stm32.7-2018-q2-update.macos64_1.0.0.201904181610/tools/bin/../lib/gcc/arm-none-eabi/7.3.1/../../../../arm-none-eabi/lib/thumb/v7e-m/fpv4-sp/hard/libc_nano.a(lib_a-findfp.o)
                0x00000000080114c0                __sfp
 .text._fwalk_reent
                0x0000000008011538       0x3c /Applications/STM32CubeIDE.app/Contents/Eclipse/plugins/com.st.stm32cube.ide.mcu.externaltools.gnu-tools-for-stm32.7-2018-q2-update.macos64_1.0.0.201904181610/tools/bin/../lib/gcc/arm-none-eabi/7.3.1/../../../../arm-none-eabi/lib/thumb/v7e-m/fpv4-sp/hard/libc_nano.a(lib_a-fwalk.o)
                0x0000000008011538                _fwalk_reent
 .text.__swhatbuf_r
                0x0000000008011574       0x48 /Applications/STM32CubeIDE.app/Contents/Eclipse/plugins/com.st.stm32cube.ide.mcu.externaltools.gnu-tools-for-stm32.7-2018-q2-update.macos64_1.0.0.201904181610/tools/bin/../lib/gcc/arm-none-eabi/7.3.1/../../../../arm-none-eabi/lib/thumb/v7e-m/fpv4-sp/hard/libc_nano.a(lib_a-makebuf.o)
                0x0000000008011574                __swhatbuf_r
 .text.__smakebuf_r
                0x00000000080115bc       0x80 /Applications/STM32CubeIDE.app/Contents/Eclipse/plugins/com.st.stm32cube.ide.mcu.externaltools.gnu-tools-for-stm32.7-2018-q2-update.macos64_1.0.0.201904181610/tools/bin/../lib/gcc/arm-none-eabi/7.3.1/../../../../arm-none-eabi/lib/thumb/v7e-m/fpv4-sp/hard/libc_nano.a(lib_a-makebuf.o)
                0x00000000080115bc                __smakebuf_r
 .text.__malloc_lock
                0x000000000801163c        0x2 /Applications/STM32CubeIDE.app/Contents/Eclipse/plugins/com.st.stm32cube.ide.mcu.externaltools.gnu-tools-for-stm32.7-2018-q2-update.macos64_1.0.0.201904181610/tools/bin/../lib/gcc/arm-none-eabi/7.3.1/../../../../arm-none-eabi/lib/thumb/v7e-m/fpv4-sp/hard/libc_nano.a(lib_a-mlock.o)
                0x000000000801163c                __malloc_lock
 .text.__malloc_unlock
                0x000000000801163e        0x2 /Applications/STM32CubeIDE.app/Contents/Eclipse/plugins/com.st.stm32cube.ide.mcu.externaltools.gnu-tools-for-stm32.7-2018-q2-update.macos64_1.0.0.201904181610/tools/bin/../lib/gcc/arm-none-eabi/7.3.1/../../../../arm-none-eabi/lib/thumb/v7e-m/fpv4-sp/hard/libc_nano.a(lib_a-mlock.o)
                0x000000000801163e                __malloc_unlock
 .text._realloc_r
                0x0000000008011640       0x4c /Applications/STM32CubeIDE.app/Contents/Eclipse/plugins/com.st.stm32cube.ide.mcu.externaltools.gnu-tools-for-stm32.7-2018-q2-update.macos64_1.0.0.201904181610/tools/bin/../lib/gcc/arm-none-eabi/7.3.1/../../../../arm-none-eabi/lib/thumb/v7e-m/fpv4-sp/hard/libc_nano.a(lib_a-nano-reallocr.o)
                0x0000000008011640                _realloc_r
 .text.__sfputc_r
                0x000000000801168c       0x2e /Applications/STM32CubeIDE.app/Contents/Eclipse/plugins/com.st.stm32cube.ide.mcu.externaltools.gnu-tools-for-stm32.7-2018-q2-update.macos64_1.0.0.201904181610/tools/bin/../lib/gcc/arm-none-eabi/7.3.1/../../../../arm-none-eabi/lib/thumb/v7e-m/fpv4-sp/hard/libc_nano.a(lib_a-nano-vfprintf.o)
 .text.__sfputs_r
                0x00000000080116ba       0x24 /Applications/STM32CubeIDE.app/Contents/Eclipse/plugins/com.st.stm32cube.ide.mcu.externaltools.gnu-tools-for-stm32.7-2018-q2-update.macos64_1.0.0.201904181610/tools/bin/../lib/gcc/arm-none-eabi/7.3.1/../../../../arm-none-eabi/lib/thumb/v7e-m/fpv4-sp/hard/libc_nano.a(lib_a-nano-vfprintf.o)
                0x00000000080116ba                __sfputs_r
 *fill*         0x00000000080116de        0x2 
 .text._vfprintf_r
                0x00000000080116e0      0x22c /Applications/STM32CubeIDE.app/Contents/Eclipse/plugins/com.st.stm32cube.ide.mcu.externaltools.gnu-tools-for-stm32.7-2018-q2-update.macos64_1.0.0.201904181610/tools/bin/../lib/gcc/arm-none-eabi/7.3.1/../../../../arm-none-eabi/lib/thumb/v7e-m/fpv4-sp/hard/libc_nano.a(lib_a-nano-vfprintf.o)
                0x00000000080116e0                _vfiprintf_r
                0x00000000080116e0                _vfprintf_r
 .text._printf_common
                0x000000000801190c       0xea /Applications/STM32CubeIDE.app/Contents/Eclipse/plugins/com.st.stm32cube.ide.mcu.externaltools.gnu-tools-for-stm32.7-2018-q2-update.macos64_1.0.0.201904181610/tools/bin/../lib/gcc/arm-none-eabi/7.3.1/../../../../arm-none-eabi/lib/thumb/v7e-m/fpv4-sp/hard/libc_nano.a(lib_a-nano-vfprintf_i.o)
                0x000000000801190c                _printf_common
 *fill*         0x00000000080119f6        0x2 
 .text._printf_i
                0x00000000080119f8      0x224 /Applications/STM32CubeIDE.app/Contents/Eclipse/plugins/com.st.stm32cube.ide.mcu.externaltools.gnu-tools-for-stm32.7-2018-q2-update.macos64_1.0.0.201904181610/tools/bin/../lib/gcc/arm-none-eabi/7.3.1/../../../../arm-none-eabi/lib/thumb/v7e-m/fpv4-sp/hard/libc_nano.a(lib_a-nano-vfprintf_i.o)
                0x00000000080119f8                _printf_i
 .text.__sread  0x0000000008011c1c       0x22 /Applications/STM32CubeIDE.app/Contents/Eclipse/plugins/com.st.stm32cube.ide.mcu.externaltools.gnu-tools-for-stm32.7-2018-q2-update.macos64_1.0.0.201904181610/tools/bin/../lib/gcc/arm-none-eabi/7.3.1/../../../../arm-none-eabi/lib/thumb/v7e-m/fpv4-sp/hard/libc_nano.a(lib_a-stdio.o)
                0x0000000008011c1c                __sread
 .text.__swrite
                0x0000000008011c3e       0x38 /Applications/STM32CubeIDE.app/Contents/Eclipse/plugins/com.st.stm32cube.ide.mcu.externaltools.gnu-tools-for-stm32.7-2018-q2-update.macos64_1.0.0.201904181610/tools/bin/../lib/gcc/arm-none-eabi/7.3.1/../../../../arm-none-eabi/lib/thumb/v7e-m/fpv4-sp/hard/libc_nano.a(lib_a-stdio.o)
                0x0000000008011c3e                __swrite
 .text.__sseek  0x0000000008011c76       0x24 /Applications/STM32CubeIDE.app/Contents/Eclipse/plugins/com.st.stm32cube.ide.mcu.externaltools.gnu-tools-for-stm32.7-2018-q2-update.macos64_1.0.0.201904181610/tools/bin/../lib/gcc/arm-none-eabi/7.3.1/../../../../arm-none-eabi/lib/thumb/v7e-m/fpv4-sp/hard/libc_nano.a(lib_a-stdio.o)
                0x0000000008011c76                __sseek
 .text.__sclose
                0x0000000008011c9a        0x8 /Applications/STM32CubeIDE.app/Contents/Eclipse/plugins/com.st.stm32cube.ide.mcu.externaltools.gnu-tools-for-stm32.7-2018-q2-update.macos64_1.0.0.201904181610/tools/bin/../lib/gcc/arm-none-eabi/7.3.1/../../../../arm-none-eabi/lib/thumb/v7e-m/fpv4-sp/hard/libc_nano.a(lib_a-stdio.o)
                0x0000000008011c9a                __sclose
 *fill*         0x0000000008011ca2        0x2 
 .text._write_r
                0x0000000008011ca4       0x24 /Applications/STM32CubeIDE.app/Contents/Eclipse/plugins/com.st.stm32cube.ide.mcu.externaltools.gnu-tools-for-stm32.7-2018-q2-update.macos64_1.0.0.201904181610/tools/bin/../lib/gcc/arm-none-eabi/7.3.1/../../../../arm-none-eabi/lib/thumb/v7e-m/fpv4-sp/hard/libc_nano.a(lib_a-writer.o)
                0x0000000008011ca4                _write_r
 .text._close_r
                0x0000000008011cc8       0x20 /Applications/STM32CubeIDE.app/Contents/Eclipse/plugins/com.st.stm32cube.ide.mcu.externaltools.gnu-tools-for-stm32.7-2018-q2-update.macos64_1.0.0.201904181610/tools/bin/../lib/gcc/arm-none-eabi/7.3.1/../../../../arm-none-eabi/lib/thumb/v7e-m/fpv4-sp/hard/libc_nano.a(lib_a-closer.o)
                0x0000000008011cc8                _close_r
 .text._fstat_r
                0x0000000008011ce8       0x24 /Applications/STM32CubeIDE.app/Contents/Eclipse/plugins/com.st.stm32cube.ide.mcu.externaltools.gnu-tools-for-stm32.7-2018-q2-update.macos64_1.0.0.201904181610/tools/bin/../lib/gcc/arm-none-eabi/7.3.1/../../../../arm-none-eabi/lib/thumb/v7e-m/fpv4-sp/hard/libc_nano.a(lib_a-fstatr.o)
                0x0000000008011ce8                _fstat_r
 .text._isatty_r
                0x0000000008011d0c       0x20 /Applications/STM32CubeIDE.app/Contents/Eclipse/plugins/com.st.stm32cube.ide.mcu.externaltools.gnu-tools-for-stm32.7-2018-q2-update.macos64_1.0.0.201904181610/tools/bin/../lib/gcc/arm-none-eabi/7.3.1/../../../../arm-none-eabi/lib/thumb/v7e-m/fpv4-sp/hard/libc_nano.a(lib_a-isattyr.o)
                0x0000000008011d0c                _isatty_r
 .text._lseek_r
                0x0000000008011d2c       0x24 /Applications/STM32CubeIDE.app/Contents/Eclipse/plugins/com.st.stm32cube.ide.mcu.externaltools.gnu-tools-for-stm32.7-2018-q2-update.macos64_1.0.0.201904181610/tools/bin/../lib/gcc/arm-none-eabi/7.3.1/../../../../arm-none-eabi/lib/thumb/v7e-m/fpv4-sp/hard/libc_nano.a(lib_a-lseekr.o)
                0x0000000008011d2c                _lseek_r
 .text._malloc_usable_size_r
                0x0000000008011d50       0x10 /Applications/STM32CubeIDE.app/Contents/Eclipse/plugins/com.st.stm32cube.ide.mcu.externaltools.gnu-tools-for-stm32.7-2018-q2-update.macos64_1.0.0.201904181610/tools/bin/../lib/gcc/arm-none-eabi/7.3.1/../../../../arm-none-eabi/lib/thumb/v7e-m/fpv4-sp/hard/libc_nano.a(lib_a-nano-msizer.o)
                0x0000000008011d50                _malloc_usable_size_r
 .text._read_r  0x0000000008011d60       0x24 /Applications/STM32CubeIDE.app/Contents/Eclipse/plugins/com.st.stm32cube.ide.mcu.externaltools.gnu-tools-for-stm32.7-2018-q2-update.macos64_1.0.0.201904181610/tools/bin/../lib/gcc/arm-none-eabi/7.3.1/../../../../arm-none-eabi/lib/thumb/v7e-m/fpv4-sp/hard/libc_nano.a(lib_a-readr.o)
                0x0000000008011d60                _read_r
 .text.asinhf   0x0000000008011d84       0xd0 /Applications/STM32CubeIDE.app/Contents/Eclipse/plugins/com.st.stm32cube.ide.mcu.externaltools.gnu-tools-for-stm32.7-2018-q2-update.macos64_1.0.0.201904181610/tools/bin/../lib/gcc/arm-none-eabi/7.3.1/../../../../arm-none-eabi/lib/thumb/v7e-m/fpv4-sp/hard/libm.a(lib_a-sf_asinh.o)
                0x0000000008011d84                asinhf
 .text.atanf    0x0000000008011e54      0x1a8 /Applications/STM32CubeIDE.app/Contents/Eclipse/plugins/com.st.stm32cube.ide.mcu.externaltools.gnu-tools-for-stm32.7-2018-q2-update.macos64_1.0.0.201904181610/tools/bin/../lib/gcc/arm-none-eabi/7.3.1/../../../../arm-none-eabi/lib/thumb/v7e-m/fpv4-sp/hard/libm.a(lib_a-sf_atan.o)
                0x0000000008011e54                atanf
 .text.ceilf    0x0000000008011ffc       0x80 /Applications/STM32CubeIDE.app/Contents/Eclipse/plugins/com.st.stm32cube.ide.mcu.externaltools.gnu-tools-for-stm32.7-2018-q2-update.macos64_1.0.0.201904181610/tools/bin/../lib/gcc/arm-none-eabi/7.3.1/../../../../arm-none-eabi/lib/thumb/v7e-m/fpv4-sp/hard/libm.a(lib_a-sf_ceil.o)
                0x0000000008011ffc                ceilf
 .text.cosf     0x000000000801207c       0x80 /Applications/STM32CubeIDE.app/Contents/Eclipse/plugins/com.st.stm32cube.ide.mcu.externaltools.gnu-tools-for-stm32.7-2018-q2-update.macos64_1.0.0.201904181610/tools/bin/../lib/gcc/arm-none-eabi/7.3.1/../../../../arm-none-eabi/lib/thumb/v7e-m/fpv4-sp/hard/libm.a(lib_a-sf_cos.o)
                0x000000000801207c                cosf
 .text.erff     0x00000000080120fc      0x3c0 /Applications/STM32CubeIDE.app/Contents/Eclipse/plugins/com.st.stm32cube.ide.mcu.externaltools.gnu-tools-for-stm32.7-2018-q2-update.macos64_1.0.0.201904181610/tools/bin/../lib/gcc/arm-none-eabi/7.3.1/../../../../arm-none-eabi/lib/thumb/v7e-m/fpv4-sp/hard/libm.a(lib_a-sf_erf.o)
                0x00000000080120fc                erff
 .text.fabsf    0x00000000080124bc        0xe /Applications/STM32CubeIDE.app/Contents/Eclipse/plugins/com.st.stm32cube.ide.mcu.externaltools.gnu-tools-for-stm32.7-2018-q2-update.macos64_1.0.0.201904181610/tools/bin/../lib/gcc/arm-none-eabi/7.3.1/../../../../arm-none-eabi/lib/thumb/v7e-m/fpv4-sp/hard/libm.a(lib_a-sf_fabs.o)
                0x00000000080124bc                fabsf
 *fill*         0x00000000080124ca        0x2 
 .text.floorf   0x00000000080124cc       0x84 /Applications/STM32CubeIDE.app/Contents/Eclipse/plugins/com.st.stm32cube.ide.mcu.externaltools.gnu-tools-for-stm32.7-2018-q2-update.macos64_1.0.0.201904181610/tools/bin/../lib/gcc/arm-none-eabi/7.3.1/../../../../arm-none-eabi/lib/thumb/v7e-m/fpv4-sp/hard/libm.a(lib_a-sf_floor.o)
                0x00000000080124cc                floorf
 .text.log1pf   0x0000000008012550      0x210 /Applications/STM32CubeIDE.app/Contents/Eclipse/plugins/com.st.stm32cube.ide.mcu.externaltools.gnu-tools-for-stm32.7-2018-q2-update.macos64_1.0.0.201904181610/tools/bin/../lib/gcc/arm-none-eabi/7.3.1/../../../../arm-none-eabi/lib/thumb/v7e-m/fpv4-sp/hard/libm.a(lib_a-sf_log1p.o)
                0x0000000008012550                log1pf
 .text.roundf   0x0000000008012760       0x4c /Applications/STM32CubeIDE.app/Contents/Eclipse/plugins/com.st.stm32cube.ide.mcu.externaltools.gnu-tools-for-stm32.7-2018-q2-update.macos64_1.0.0.201904181610/tools/bin/../lib/gcc/arm-none-eabi/7.3.1/../../../../arm-none-eabi/lib/thumb/v7e-m/fpv4-sp/hard/libm.a(lib_a-sf_round.o)
                0x0000000008012760                roundf
 .text.sinf     0x00000000080127ac       0x84 /Applications/STM32CubeIDE.app/Contents/Eclipse/plugins/com.st.stm32cube.ide.mcu.externaltools.gnu-tools-for-stm32.7-2018-q2-update.macos64_1.0.0.201904181610/tools/bin/../lib/gcc/arm-none-eabi/7.3.1/../../../../arm-none-eabi/lib/thumb/v7e-m/fpv4-sp/hard/libm.a(lib_a-sf_sin.o)
                0x00000000080127ac                sinf
 .text.tanf     0x0000000008012830       0x50 /Applications/STM32CubeIDE.app/Contents/Eclipse/plugins/com.st.stm32cube.ide.mcu.externaltools.gnu-tools-for-stm32.7-2018-q2-update.macos64_1.0.0.201904181610/tools/bin/../lib/gcc/arm-none-eabi/7.3.1/../../../../arm-none-eabi/lib/thumb/v7e-m/fpv4-sp/hard/libm.a(lib_a-sf_tan.o)
                0x0000000008012830                tanf
 .text.tanhf    0x0000000008012880       0xa4 /Applications/STM32CubeIDE.app/Contents/Eclipse/plugins/com.st.stm32cube.ide.mcu.externaltools.gnu-tools-for-stm32.7-2018-q2-update.macos64_1.0.0.201904181610/tools/bin/../lib/gcc/arm-none-eabi/7.3.1/../../../../arm-none-eabi/lib/thumb/v7e-m/fpv4-sp/hard/libm.a(lib_a-sf_tanh.o)
                0x0000000008012880                tanhf
 .text.acosf    0x0000000008012924       0xb0 /Applications/STM32CubeIDE.app/Contents/Eclipse/plugins/com.st.stm32cube.ide.mcu.externaltools.gnu-tools-for-stm32.7-2018-q2-update.macos64_1.0.0.201904181610/tools/bin/../lib/gcc/arm-none-eabi/7.3.1/../../../../arm-none-eabi/lib/thumb/v7e-m/fpv4-sp/hard/libm.a(lib_a-wf_acos.o)
                0x0000000008012924                acosf
 .text.acoshf   0x00000000080129d4       0xa0 /Applications/STM32CubeIDE.app/Contents/Eclipse/plugins/com.st.stm32cube.ide.mcu.externaltools.gnu-tools-for-stm32.7-2018-q2-update.macos64_1.0.0.201904181610/tools/bin/../lib/gcc/arm-none-eabi/7.3.1/../../../../arm-none-eabi/lib/thumb/v7e-m/fpv4-sp/hard/libm.a(lib_a-wf_acosh.o)
                0x00000000080129d4                acoshf
 .text.asinf    0x0000000008012a74       0xb0 /Applications/STM32CubeIDE.app/Contents/Eclipse/plugins/com.st.stm32cube.ide.mcu.externaltools.gnu-tools-for-stm32.7-2018-q2-update.macos64_1.0.0.201904181610/tools/bin/../lib/gcc/arm-none-eabi/7.3.1/../../../../arm-none-eabi/lib/thumb/v7e-m/fpv4-sp/hard/libm.a(lib_a-wf_asin.o)
                0x0000000008012a74                asinf
 .text.atanhf   0x0000000008012b24       0xe8 /Applications/STM32CubeIDE.app/Contents/Eclipse/plugins/com.st.stm32cube.ide.mcu.externaltools.gnu-tools-for-stm32.7-2018-q2-update.macos64_1.0.0.201904181610/tools/bin/../lib/gcc/arm-none-eabi/7.3.1/../../../../arm-none-eabi/lib/thumb/v7e-m/fpv4-sp/hard/libm.a(lib_a-wf_atanh.o)
                0x0000000008012b24                atanhf
 .text.coshf    0x0000000008012c0c       0xc0 /Applications/STM32CubeIDE.app/Contents/Eclipse/plugins/com.st.stm32cube.ide.mcu.externaltools.gnu-tools-for-stm32.7-2018-q2-update.macos64_1.0.0.201904181610/tools/bin/../lib/gcc/arm-none-eabi/7.3.1/../../../../arm-none-eabi/lib/thumb/v7e-m/fpv4-sp/hard/libm.a(lib_a-wf_cosh.o)
                0x0000000008012c0c                coshf
 .text.expf     0x0000000008012ccc       0xf4 /Applications/STM32CubeIDE.app/Contents/Eclipse/plugins/com.st.stm32cube.ide.mcu.externaltools.gnu-tools-for-stm32.7-2018-q2-update.macos64_1.0.0.201904181610/tools/bin/../lib/gcc/arm-none-eabi/7.3.1/../../../../arm-none-eabi/lib/thumb/v7e-m/fpv4-sp/hard/libm.a(lib_a-wf_exp.o)
                0x0000000008012ccc                expf
 .text.fmodf    0x0000000008012dc0       0xb8 /Applications/STM32CubeIDE.app/Contents/Eclipse/plugins/com.st.stm32cube.ide.mcu.externaltools.gnu-tools-for-stm32.7-2018-q2-update.macos64_1.0.0.201904181610/tools/bin/../lib/gcc/arm-none-eabi/7.3.1/../../../../arm-none-eabi/lib/thumb/v7e-m/fpv4-sp/hard/libm.a(lib_a-wf_fmod.o)
                0x0000000008012dc0                fmodf
 .text.logf     0x0000000008012e78       0xec /Applications/STM32CubeIDE.app/Contents/Eclipse/plugins/com.st.stm32cube.ide.mcu.externaltools.gnu-tools-for-stm32.7-2018-q2-update.macos64_1.0.0.201904181610/tools/bin/../lib/gcc/arm-none-eabi/7.3.1/../../../../arm-none-eabi/lib/thumb/v7e-m/fpv4-sp/hard/libm.a(lib_a-wf_log.o)
                0x0000000008012e78                logf
 .text.powf     0x0000000008012f64      0x2c8 /Applications/STM32CubeIDE.app/Contents/Eclipse/plugins/com.st.stm32cube.ide.mcu.externaltools.gnu-tools-for-stm32.7-2018-q2-update.macos64_1.0.0.201904181610/tools/bin/../lib/gcc/arm-none-eabi/7.3.1/../../../../arm-none-eabi/lib/thumb/v7e-m/fpv4-sp/hard/libm.a(lib_a-wf_pow.o)
                0x0000000008012f64                powf
 .text.sinhf    0x000000000801322c       0xcc /Applications/STM32CubeIDE.app/Contents/Eclipse/plugins/com.st.stm32cube.ide.mcu.externaltools.gnu-tools-for-stm32.7-2018-q2-update.macos64_1.0.0.201904181610/tools/bin/../lib/gcc/arm-none-eabi/7.3.1/../../../../arm-none-eabi/lib/thumb/v7e-m/fpv4-sp/hard/libm.a(lib_a-wf_sinh.o)
                0x000000000801322c                sinhf
 .text.__ieee754_acosf
                0x00000000080132f8      0x1f8 /Applications/STM32CubeIDE.app/Contents/Eclipse/plugins/com.st.stm32cube.ide.mcu.externaltools.gnu-tools-for-stm32.7-2018-q2-update.macos64_1.0.0.201904181610/tools/bin/../lib/gcc/arm-none-eabi/7.3.1/../../../../arm-none-eabi/lib/thumb/v7e-m/fpv4-sp/hard/libm.a(lib_a-ef_acos.o)
                0x00000000080132f8                __ieee754_acosf
 .text.__ieee754_acoshf
                0x00000000080134f0       0xa8 /Applications/STM32CubeIDE.app/Contents/Eclipse/plugins/com.st.stm32cube.ide.mcu.externaltools.gnu-tools-for-stm32.7-2018-q2-update.macos64_1.0.0.201904181610/tools/bin/../lib/gcc/arm-none-eabi/7.3.1/../../../../arm-none-eabi/lib/thumb/v7e-m/fpv4-sp/hard/libm.a(lib_a-ef_acosh.o)
                0x00000000080134f0                __ieee754_acoshf
 .text.__ieee754_asinf
                0x0000000008013598      0x1d0 /Applications/STM32CubeIDE.app/Contents/Eclipse/plugins/com.st.stm32cube.ide.mcu.externaltools.gnu-tools-for-stm32.7-2018-q2-update.macos64_1.0.0.201904181610/tools/bin/../lib/gcc/arm-none-eabi/7.3.1/../../../../arm-none-eabi/lib/thumb/v7e-m/fpv4-sp/hard/libm.a(lib_a-ef_asin.o)
                0x0000000008013598                __ieee754_asinf
 .text.__ieee754_atanhf
                0x0000000008013768       0x8c /Applications/STM32CubeIDE.app/Contents/Eclipse/plugins/com.st.stm32cube.ide.mcu.externaltools.gnu-tools-for-stm32.7-2018-q2-update.macos64_1.0.0.201904181610/tools/bin/../lib/gcc/arm-none-eabi/7.3.1/../../../../arm-none-eabi/lib/thumb/v7e-m/fpv4-sp/hard/libm.a(lib_a-ef_atanh.o)
                0x0000000008013768                __ieee754_atanhf
 .text.__ieee754_coshf