Archive member included to satisfy reference by file (symbol)

.././Libs/libarm_cortexM4lf_nn.a(arm_nn_activations_q7.o)
                              Core/Src/nnom/nnom_activation.o (arm_nn_activations_direct_q7)
.././Libs/libarm_cortexM4lf_nn.a(arm_relu_q7.o)
                              Core/Src/nnom/nnom_activation.o (arm_relu_q7)
.././Libs/libarm_cortexM4lf_nn.a(arm_convolve_1x1_HWC_q7_fast_nonsquare.o)
                              Core/Src/nnom/nnom_conv2d.o (arm_convolve_1x1_HWC_q7_fast_nonsquare)
.././Libs/libarm_cortexM4lf_nn.a(arm_convolve_HWC_q7_RGB.o)
                              Core/Src/nnom/nnom_conv2d.o (arm_convolve_HWC_q7_RGB)
.././Libs/libarm_cortexM4lf_nn.a(arm_convolve_HWC_q7_basic.o)
                              Core/Src/nnom/nnom_conv2d.o (arm_convolve_HWC_q7_basic)
.././Libs/libarm_cortexM4lf_nn.a(arm_convolve_HWC_q7_basic_nonsquare.o)
                              Core/Src/nnom/nnom_conv2d.o (arm_convolve_HWC_q7_basic_nonsquare)
.././Libs/libarm_cortexM4lf_nn.a(arm_convolve_HWC_q7_fast.o)
                              Core/Src/nnom/nnom_conv2d.o (arm_convolve_HWC_q7_fast)
.././Libs/libarm_cortexM4lf_nn.a(arm_convolve_HWC_q7_fast_nonsquare.o)
                              Core/Src/nnom/nnom_conv2d.o (arm_convolve_HWC_q7_fast_nonsquare)
.././Libs/libarm_cortexM4lf_nn.a(arm_depthwise_separable_conv_HWC_q7_nonsquare.o)
                              Core/Src/nnom/nnom_dw_conv2d.o (arm_depthwise_separable_conv_HWC_q7_nonsquare)
.././Libs/libarm_cortexM4lf_nn.a(arm_nn_mat_mult_kernel_q7_q15.o)
                              .././Libs/libarm_cortexM4lf_nn.a(arm_convolve_HWC_q7_RGB.o) (arm_nn_mat_mult_kernel_q7_q15)
.././Libs/libarm_cortexM4lf_nn.a(arm_nn_mat_mult_kernel_q7_q15_reordered.o)
                              .././Libs/libarm_cortexM4lf_nn.a(arm_convolve_1x1_HWC_q7_fast_nonsquare.o) (arm_nn_mat_mult_kernel_q7_q15_reordered)
.././Libs/libarm_cortexM4lf_nn.a(arm_fully_connected_q7_opt.o)
                              Core/Src/nnom/nnom_dense.o (arm_fully_connected_q7_opt)
.././Libs/libarm_cortexM4lf_nn.a(arm_nntables.o)
                              .././Libs/libarm_cortexM4lf_nn.a(arm_nn_activations_q7.o) (tanhTable_q7)
.././Libs/libarm_cortexM4lf_nn.a(arm_q7_to_q15_no_shift.o)
                              .././Libs/libarm_cortexM4lf_nn.a(arm_convolve_HWC_q7_basic.o) (arm_q7_to_q15_no_shift)
.././Libs/libarm_cortexM4lf_nn.a(arm_q7_to_q15_reordered_no_shift.o)
                              .././Libs/libarm_cortexM4lf_nn.a(arm_convolve_1x1_HWC_q7_fast_nonsquare.o) (arm_q7_to_q15_reordered_no_shift)
.././Libs/libarm_cortexM4lf_nn.a(arm_pool_q7_HWC.o)
                              Core/Src/nnom/nnom_maxpool.o (arm_maxpool_q7_HWC)
.././Libs/libarm_cortexM4lf_nn.a(arm_softmax_q7.o)
                              Core/Src/nnom/nnom_softmax.o (arm_softmax_q7)
/Applications/STM32CubeIDE.app/Contents/Eclipse/plugins/com.st.stm32cube.ide.mcu.externaltools.gnu-tools-for-stm32.7-2018-q2-update.macos64_1.0.0.201904181610/tools/bin/../lib/gcc/arm-none-eabi/7.3.1/../../../../arm-none-eabi/lib/thumb/v7e-m/fpv4-sp/hard/libc_nano.a(lib_a-calloc.o)
                              Core/Src/main.o (calloc)
/Applications/STM32CubeIDE.app/Contents/Eclipse/plugins/com.st.stm32cube.ide.mcu.externaltools.gnu-tools-for-stm32.7-2018-q2-update.macos64_1.0.0.201904181610/tools/bin/../lib/gcc/arm-none-eabi/7.3.1/../../../../arm-none-eabi/lib/thumb/v7e-m/fpv4-sp/hard/libc_nano.a(lib_a-errno.o)
                              Core/Src/syscalls.o (__errno)
/Applications/STM32CubeIDE.app/Contents/Eclipse/plugins/com.st.stm32cube.ide.mcu.externaltools.gnu-tools-for-stm32.7-2018-q2-update.macos64_1.0.0.201904181610/tools/bin/../lib/gcc/arm-none-eabi/7.3.1/../../../../arm-none-eabi/lib/thumb/v7e-m/fpv4-sp/hard/libc_nano.a(lib_a-exit.o)
                              /Applications/STM32CubeIDE.app/Contents/Eclipse/plugins/com.st.stm32cube.ide.mcu.externaltools.gnu-tools-for-stm32.7-2018-q2-update.macos64_1.0.0.201904181610/tools/bin/../lib/gcc/arm-none-eabi/7.3.1/../../../../arm-none-eabi/lib/thumb/v7e-m/fpv4-sp/hard/crt0.o (exit)
/Applications/STM32CubeIDE.app/Contents/Eclipse/plugins/com.st.stm32cube.ide.mcu.externaltools.gnu-tools-for-stm32.7-2018-q2-update.macos64_1.0.0.201904181610/tools/bin/../lib/gcc/arm-none-eabi/7.3.1/../../../../arm-none-eabi/lib/thumb/v7e-m/fpv4-sp/hard/libc_nano.a(lib_a-impure.o)
                              /Applications/STM32CubeIDE.app/Contents/Eclipse/plugins/com.st.stm32cube.ide.mcu.externaltools.gnu-tools-for-stm32.7-2018-q2-update.macos64_1.0.0.201904181610/tools/bin/../lib/gcc/arm-none-eabi/7.3.1/../../../../arm-none-eabi/lib/thumb/v7e-m/fpv4-sp/hard/libc_nano.a(lib_a-exit.o) (_global_impure_ptr)
/Applications/STM32CubeIDE.app/Contents/Eclipse/plugins/com.st.stm32cube.ide.mcu.externaltools.gnu-tools-for-stm32.7-2018-q2-update.macos64_1.0.0.201904181610/tools/bin/../lib/gcc/arm-none-eabi/7.3.1/../../../../arm-none-eabi/lib/thumb/v7e-m/fpv4-sp/hard/libc_nano.a(lib_a-init.o)
[...]
Memory Configuration

Name             Origin             Length             Attributes
RAM              0x0000000020000000 0x0000000000018000 xrw
RAM2             0x0000000010000000 0x0000000000008000 xrw
FLASH            0x0000000008000000 0x0000000000100000 xr
*default*        0x0000000000000000 0xffffffffffffffff

Linker script and memory map

LOAD /Applications/STM32CubeIDE.app/Contents/Eclipse/plugins/com.st.stm32cube.ide.mcu.externaltools.gnu-tools-for-stm32.7-2018-q2-update.macos64_1.0.0.201904181610/tools/bin/../lib/gcc/arm-none-eabi/7.3.1/thumb/v7e-m/fpv4-sp/hard/crti.o
LOAD /Applications/STM32CubeIDE.app/Contents/Eclipse/plugins/com.st.stm32cube.ide.mcu.externaltools.gnu-tools-for-stm32.7-2018-q2-update.macos64_1.0.0.201904181610/tools/bin/../lib/gcc/arm-none-eabi/7.3.1/thumb/v7e-m/fpv4-sp/hard/crtbegin.o
LOAD /Applications/STM32CubeIDE.app/Contents/Eclipse/plugins/com.st.stm32cube.ide.mcu.externaltools.gnu-tools-for-stm32.7-2018-q2-update.macos64_1.0.0.201904181610/tools/bin/../lib/gcc/arm-none-eabi/7.3.1/../../../../arm-none-eabi/lib/thumb/v7e-m/fpv4-sp/hard/crt0.o
LOAD Core/Src/CycleCounter.o
LOAD Core/Src/main.o
LOAD Core/Src/stm32l4xx_hal_msp.o
LOAD Core/Src/stm32l4xx_it.o
LOAD Core/Src/syscalls.o
LOAD Core/Src/sysmem.o
LOAD Core/Src/system_stm32l4xx.o
LOAD Core/Src/nnom/nnom.o
LOAD Core/Src/nnom/nnom_activation.o
LOAD Core/Src/nnom/nnom_avgpool.o
LOAD Core/Src/nnom/nnom_baselayer.o
LOAD Core/Src/nnom/nnom_concat.o
LOAD Core/Src/nnom/nnom_conv2d.o
LOAD Core/Src/nnom/nnom_cropping.o
LOAD Core/Src/nnom/nnom_dense.o
LOAD Core/Src/nnom/nnom_dw_conv2d.o
LOAD Core/Src/nnom/nnom_flatten.o
LOAD Core/Src/nnom/nnom_global_pool.o
LOAD Core/Src/nnom/nnom_input.o
LOAD Core/Src/nnom/nnom_lambda.o
LOAD Core/Src/nnom/nnom_layers.o
LOAD Core/Src/nnom/nnom_local.o
LOAD Core/Src/nnom/nnom_matrix.o
LOAD Core/Src/nnom/nnom_maxpool.o
LOAD Core/Src/nnom/nnom_output.o
LOAD Core/Src/nnom/nnom_rnn.o
LOAD Core/Src/nnom/nnom_softmax.o
LOAD Core/Src/nnom/nnom_sumpool.o
LOAD Core/Src/nnom/nnom_tensor.o
LOAD Core/Src/nnom/nnom_upsample.o
LOAD Core/Src/nnom/nnom_utils.o
LOAD Core/Src/nnom/nnom_zero_padding.o
LOAD Core/Startup/startup_stm32l475vgtx.o
LOAD Drivers/STM32L4xx_HAL_Driver/Src/stm32l4xx_hal.o
LOAD Drivers/STM32L4xx_HAL_Driver/Src/stm32l4xx_hal_cortex.o
LOAD Drivers/STM32L4xx_HAL_Driver/Src/stm32l4xx_hal_dma.o
LOAD Drivers/STM32L4xx_HAL_Driver/Src/stm32l4xx_hal_dma_ex.o
LOAD Drivers/STM32L4xx_HAL_Driver/Src/stm32l4xx_hal_exti.o
LOAD Drivers/STM32L4xx_HAL_Driver/Src/stm32l4xx_hal_flash.o
LOAD Drivers/STM32L4xx_HAL_Driver/Src/stm32l4xx_hal_flash_ex.o
LOAD Drivers/STM32L4xx_HAL_Driver/Src/stm32l4xx_hal_flash_ramfunc.o
LOAD Drivers/STM32L4xx_HAL_Driver/Src/stm32l4xx_hal_gpio.o
LOAD Drivers/STM32L4xx_HAL_Driver/Src/stm32l4xx_hal_i2c.o
LOAD Drivers/STM32L4xx_HAL_Driver/Src/stm32l4xx_hal_i2c_ex.o
LOAD Drivers/STM32L4xx_HAL_Driver/Src/stm32l4xx_hal_pwr.o
LOAD Drivers/STM32L4xx_HAL_Driver/Src/stm32l4xx_hal_pwr_ex.o
LOAD Drivers/STM32L4xx_HAL_Driver/Src/stm32l4xx_hal_rcc.o
LOAD Drivers/STM32L4xx_HAL_Driver/Src/stm32l4xx_hal_rcc_ex.o
LOAD Drivers/STM32L4xx_HAL_Driver/Src/stm32l4xx_hal_tim.o
LOAD Drivers/STM32L4xx_HAL_Driver/Src/stm32l4xx_hal_tim_ex.o
LOAD Drivers/STM32L4xx_HAL_Driver/Src/stm32l4xx_hal_usart.o
LOAD Drivers/STM32L4xx_HAL_Driver/Src/stm32l4xx_hal_usart_ex.o
LOAD .././Libs/libarm_cortexM4lf_nn.a
START GROUP
LOAD /Applications/STM32CubeIDE.app/Contents/Eclipse/plugins/com.st.stm32cube.ide.mcu.externaltools.gnu-tools-for-stm32.7-2018-q2-update.macos64_1.0.0.201904181610/tools/bin/../lib/gcc/arm-none-eabi/7.3.1/../../../../arm-none-eabi/lib/thumb/v7e-m/fpv4-sp/hard/libc_nano.a
LOAD /Applications/STM32CubeIDE.app/Contents/Eclipse/plugins/com.st.stm32cube.ide.mcu.externaltools.gnu-tools-for-stm32.7-2018-q2-update.macos64_1.0.0.201904181610/tools/bin/../lib/gcc/arm-none-eabi/7.3.1/../../../../arm-none-eabi/lib/thumb/v7e-m/fpv4-sp/hard/libm.a
END GROUP
START GROUP
LOAD /Applications/STM32CubeIDE.app/Contents/Eclipse/plugins/com.st.stm32cube.ide.mcu.externaltools.gnu-tools-for-stm32.7-2018-q2-update.macos64_1.0.0.201904181610/tools/bin/../lib/gcc/arm-none-eabi/7.3.1/thumb/v7e-m/fpv4-sp/hard/libgcc.a
LOAD /Applications/STM32CubeIDE.app/Contents/Eclipse/plugins/com.st.stm32cube.ide.mcu.externaltools.gnu-tools-for-stm32.7-2018-q2-update.macos64_1.0.0.201904181610/tools/bin/../lib/gcc/arm-none-eabi/7.3.1/../../../../arm-none-eabi/lib/thumb/v7e-m/fpv4-sp/hard/libc_nano.a
END GROUP
START GROUP
LOAD /Applications/STM32CubeIDE.app/Contents/Eclipse/plugins/com.st.stm32cube.ide.mcu.externaltools.gnu-tools-for-stm32.7-2018-q2-update.macos64_1.0.0.201904181610/tools/bin/../lib/gcc/arm-none-eabi/7.3.1/thumb/v7e-m/fpv4-sp/hard/libgcc.a
LOAD /Applications/STM32CubeIDE.app/Contents/Eclipse/plugins/com.st.stm32cube.ide.mcu.externaltools.gnu-tools-for-stm32.7-2018-q2-update.macos64_1.0.0.201904181610/tools/bin/../lib/gcc/arm-none-eabi/7.3.1/../../../../arm-none-eabi/lib/thumb/v7e-m/fpv4-sp/hard/libc_nano.a
LOAD /Applications/STM32CubeIDE.app/Contents/Eclipse/plugins/com.st.stm32cube.ide.mcu.externaltools.gnu-tools-for-stm32.7-2018-q2-update.macos64_1.0.0.201904181610/tools/bin/../lib/gcc/arm-none-eabi/7.3.1/../../../../arm-none-eabi/lib/thumb/v7e-m/fpv4-sp/hard/libnosys.a
END GROUP
START GROUP
LOAD /Applications/STM32CubeIDE.app/Contents/Eclipse/plugins/com.st.stm32cube.ide.mcu.externaltools.gnu-tools-for-stm32.7-2018-q2-update.macos64_1.0.0.201904181610/tools/bin/../lib/gcc/arm-none-eabi/7.3.1/thumb/v7e-m/fpv4-sp/hard/libgcc.a
LOAD /Applications/STM32CubeIDE.app/Contents/Eclipse/plugins/com.st.stm32cube.ide.mcu.externaltools.gnu-tools-for-stm32.7-2018-q2-update.macos64_1.0.0.201904181610/tools/bin/../lib/gcc/arm-none-eabi/7.3.1/../../../../arm-none-eabi/lib/thumb/v7e-m/fpv4-sp/hard/libc_nano.a
LOAD /Applications/STM32CubeIDE.app/Contents/Eclipse/plugins/com.st.stm32cube.ide.mcu.externaltools.gnu-tools-for-stm32.7-2018-q2-update.macos64_1.0.0.201904181610/tools/bin/../lib/gcc/arm-none-eabi/7.3.1/../../../../arm-none-eabi/lib/thumb/v7e-m/fpv4-sp/hard/libnosys.a
END GROUP
LOAD /Applications/STM32CubeIDE.app/Contents/Eclipse/plugins/com.st.stm32cube.ide.mcu.externaltools.gnu-tools-for-stm32.7-2018-q2-update.macos64_1.0.0.201904181610/tools/bin/../lib/gcc/arm-none-eabi/7.3.1/thumb/v7e-m/fpv4-sp/hard/crtend.o
LOAD /Applications/STM32CubeIDE.app/Contents/Eclipse/plugins/com.st.stm32cube.ide.mcu.externaltools.gnu-tools-for-stm32.7-2018-q2-update.macos64_1.0.0.201904181610/tools/bin/../lib/gcc/arm-none-eabi/7.3.1/thumb/v7e-m/fpv4-sp/hard/crtn.o
                0x0000000020018000                _estack = (ORIGIN (RAM) + LENGTH (RAM))
                0x0000000000000200                _Min_Heap_Size = 0x200
                0x0000000000000400                _Min_Stack_Size = 0x400

.isr_vector     0x0000000008000000      0x188
                0x0000000008000000                . = ALIGN (0x4)
 *(.isr_vector)
 .isr_vector    0x0000000008000000      0x188 Core/Startup/startup_stm32l475vgtx.o
                0x0000000008000000                g_pfnVectors
                0x0000000008000188                . = ALIGN (0x4)

.text           0x0000000008000190     0xb348
                0x0000000008000190                . = ALIGN (0x4)
 *(.text)
 .text          0x0000000008000190       0x40 /Applications/STM32CubeIDE.app/Contents/Eclipse/plugins/com.st.stm32cube.ide.mcu.externaltools.gnu-tools-for-stm32.7-2018-q2-update.macos64_1.0.0.201904181610/tools/bin/../lib/gcc/arm-none-eabi/7.3.1/thumb/v7e-m/fpv4-sp/hard/crtbegin.o
 .text          0x00000000080001d0       0x6c .././Libs/libarm_cortexM4lf_nn.a(arm_relu_q7.o)
                0x00000000080001d0                arm_relu_q7
 .text          0x000000000800023c      0x190 .././Libs/libarm_cortexM4lf_nn.a(arm_convolve_1x1_HWC_q7_fast_nonsquare.o)
                0x000000000800023c                arm_convolve_1x1_HWC_q7_fast_nonsquare
 .text          0x00000000080003cc      0x2cc .././Libs/libarm_cortexM4lf_nn.a(arm_convolve_HWC_q7_RGB.o)
                0x00000000080003cc                arm_convolve_HWC_q7_RGB
 .text          0x0000000008000698      0x290 .././Libs/libarm_cortexM4lf_nn.a(arm_convolve_HWC_q7_basic.o)
                0x0000000008000698                arm_convolve_HWC_q7_basic
 .text          0x0000000008000928      0x2b0 .././Libs/libarm_cortexM4lf_nn.a(arm_convolve_HWC_q7_basic_nonsquare.o)
                0x0000000008000928                arm_convolve_HWC_q7_basic_nonsquare
 .text          0x0000000008000bd8      0x72c .././Libs/libarm_cortexM4lf_nn.a(arm_convolve_HWC_q7_fast.o)
                0x0000000008000bd8                arm_convolve_HWC_q7_fast
 .text          0x0000000008001304      0x778 .././Libs/libarm_cortexM4lf_nn.a(arm_convolve_HWC_q7_fast_nonsquare.o)
                0x0000000008001304                arm_convolve_HWC_q7_fast_nonsquare
 .text          0x0000000008001a7c      0x314 .././Libs/libarm_cortexM4lf_nn.a(arm_nn_mat_mult_kernel_q7_q15.o)
                0x0000000008001a7c                arm_nn_mat_mult_kernel_q7_q15
 .text          0x0000000008001d90      0x1d8 .././Libs/libarm_cortexM4lf_nn.a(arm_nn_mat_mult_kernel_q7_q15_reordered.o)
                0x0000000008001d90                arm_nn_mat_mult_kernel_q7_q15_reordered
 .text          0x0000000008001f68      0x270 .././Libs/libarm_cortexM4lf_nn.a(arm_fully_connected_q7_opt.o)
                0x0000000008001f68                arm_fully_connected_q7_opt
 .text          0x00000000080021d8       0x70 .././Libs/libarm_cortexM4lf_nn.a(arm_q7_to_q15_no_shift.o)
                0x00000000080021d8                arm_q7_to_q15_no_shift
 .text          0x0000000008002248       0x5c .././Libs/libarm_cortexM4lf_nn.a(arm_q7_to_q15_reordered_no_shift.o)
                0x0000000008002248                arm_q7_to_q15_reordered_no_shift
 .text          0x00000000080022a4      0x5fc .././Libs/libarm_cortexM4lf_nn.a(arm_pool_q7_HWC.o)
                0x00000000080022a4                arm_maxpool_q7_HWC
                0x0000000008002560                arm_avepool_q7_HWC
 .text          0x00000000080028a0      0x1fc .././Libs/libarm_cortexM4lf_nn.a(arm_softmax_q7.o)
                0x00000000080028a0                arm_softmax_q7
 .text          0x0000000008002a9c       0x10 /Applications/STM32CubeIDE.app/Contents/Eclipse/plugins/com.st.stm32cube.ide.mcu.externaltools.gnu-tools-for-stm32.7-2018-q2-update.macos64_1.0.0.201904181610/tools/bin/../lib/gcc/arm-none-eabi/7.3.1/../../../../arm-none-eabi/lib/thumb/v7e-m/fpv4-sp/hard/libc_nano.a(lib_a-strlen.o)
                0x0000000008002a9c                strlen
 *fill*         0x0000000008002aac        0x4 
 .text          0x0000000008002ab0       0xa0 /Applications/STM32CubeIDE.app/Contents/Eclipse/plugins/com.st.stm32cube.ide.mcu.externaltools.gnu-tools-for-stm32.7-2018-q2-update.macos64_1.0.0.201904181610/tools/bin/../lib/gcc/arm-none-eabi/7.3.1/../../../../arm-none-eabi/lib/thumb/v7e-m/fpv4-sp/hard/libc_nano.a(lib_a-memchr.o)
                0x0000000008002ab0                memchr
 .text          0x0000000008002b50      0x378 /Applications/STM32CubeIDE.app/Contents/Eclipse/plugins/com.st.stm32cube.ide.mcu.externaltools.gnu-tools-for-stm32.7-2018-q2-update.macos64_1.0.0.201904181610/tools/bin/../lib/gcc/arm-none-eabi/7.3.1/thumb/v7e-m/fpv4-sp/hard/libgcc.a(_arm_addsubdf3.o)
                0x0000000008002b50                __aeabi_drsub
                0x0000000008002b58                __subdf3
                0x0000000008002b58                __aeabi_dsub
                0x0000000008002b5c                __aeabi_dadd
                0x0000000008002b5c                __adddf3
                0x0000000008002dd4                __aeabi_ui2d
                0x0000000008002dd4                __floatunsidf
                0x0000000008002df4                __floatsidf
                0x0000000008002df4                __aeabi_i2d
                0x0000000008002e18                __extendsfdf2
                0x0000000008002e18                __aeabi_f2d
                0x0000000008002e5c                __aeabi_ul2d
                0x0000000008002e5c                __floatundidf
                0x0000000008002e6c                __aeabi_l2d
                0x0000000008002e6c                __floatdidf
 .text          0x0000000008002ec8      0x424 /Applications/STM32CubeIDE.app/Contents/Eclipse/plugins/com.st.stm32cube.ide.mcu.externaltools.gnu-tools-for-stm32.7-2018-q2-update.macos64_1.0.0.201904181610/tools/bin/../lib/gcc/arm-none-eabi/7.3.1/thumb/v7e-m/fpv4-sp/hard/libgcc.a(_arm_muldivdf3.o)
                0x0000000008002ec8                __aeabi_dmul
                0x0000000008002ec8                __muldf3
                0x000000000800311c                __aeabi_ddiv
                0x000000000800311c                __divdf3
 .text          0x00000000080032ec      0x110 /Applications/STM32CubeIDE.app/Contents/Eclipse/plugins/com.st.stm32cube.ide.mcu.externaltools.gnu-tools-for-stm32.7-2018-q2-update.macos64_1.0.0.201904181610/tools/bin/../lib/gcc/arm-none-eabi/7.3.1/thumb/v7e-m/fpv4-sp/hard/libgcc.a(_arm_cmpdf2.o)
                0x00000000080032ec                __gedf2
                0x00000000080032ec                __gtdf2
                0x00000000080032f4                __ledf2
                0x00000000080032f4                __ltdf2
                0x00000000080032fc                __cmpdf2
                0x00000000080032fc                __eqdf2
                0x00000000080032fc                __nedf2
                0x0000000008003378                __aeabi_cdrcmple
                0x0000000008003388                __aeabi_cdcmple
                0x0000000008003388                __aeabi_cdcmpeq
                0x0000000008003398                __aeabi_dcmpeq
                0x00000000080033ac                __aeabi_dcmplt
                0x00000000080033c0                __aeabi_dcmple
                0x00000000080033d4                __aeabi_dcmpge
                0x00000000080033e8                __aeabi_dcmpgt
 .text          0x00000000080033fc       0x2c /Applications/STM32CubeIDE.app/Contents/Eclipse/plugins/com.st.stm32cube.ide.mcu.externaltools.gnu-tools-for-stm32.7-2018-q2-update.macos64_1.0.0.201904181610/tools/bin/../lib/gcc/arm-none-eabi/7.3.1/thumb/v7e-m/fpv4-sp/hard/libgcc.a(_arm_unorddf2.o)
                0x00000000080033fc                __aeabi_dcmpun
                0x00000000080033fc                __unorddf2
 .text          0x0000000008003428       0x50 /Applications/STM32CubeIDE.app/Contents/Eclipse/plugins/com.st.stm32cube.ide.mcu.externaltools.gnu-tools-for-stm32.7-2018-q2-update.macos64_1.0.0.201904181610/tools/bin/../lib/gcc/arm-none-eabi/7.3.1/thumb/v7e-m/fpv4-sp/hard/libgcc.a(_arm_fixdfsi.o)
                0x0000000008003428                __fixdfsi
                0x0000000008003428                __aeabi_d2iz
 *(.text*)
 .text.ResetTimer
                0x0000000008003478       0x58 Core/Src/CycleCounter.o
                0x0000000008003478                ResetTimer
 .text.StartTimer
                0x00000000080034d0       0x24 Core/Src/CycleCounter.o
                0x00000000080034d0                StartTimer
 .text.StopTimer
                0x00000000080034f4       0x20 Core/Src/CycleCounter.o
                0x00000000080034f4                StopTimer
 .text.getCycles
                0x0000000008003514       0x18 Core/Src/CycleCounter.o
                0x0000000008003514                getCycles
 .text.nnom_model_create
                0x000000000800352c      0x348 Core/Src/main.o
 .text.__io_putchar
                0x0000000008003874       0x2c Core/Src/main.o
                0x0000000008003874                __io_putchar
 .text.__io_getchar
                0x00000000080038a0       0x30 Core/Src/main.o
                0x00000000080038a0                __io_getchar
 .text.main     0x00000000080038d0       0x9c Core/Src/main.o
                0x00000000080038d0                main
 .text.SystemClock_Config
                0x000000000800396c       0xca Core/Src/main.o
                0x000000000800396c                SystemClock_Config
 *fill*         0x0000000008003a36        0x2 
 .text.MX_USART1_Init
                0x0000000008003a38       0x58 Core/Src/main.o
 .text.MX_GPIO_Init
                0x0000000008003a90       0x30 Core/Src/main.o
 .text.Error_Handler
                0x0000000008003ac0        0xe Core/Src/main.o
                0x0000000008003ac0                Error_Handler
 *fill*         0x0000000008003ace        0x2 
 .text.HAL_MspInit
                0x0000000008003ad0       0x48 Core/Src/stm32l4xx_hal_msp.o
                0x0000000008003ad0                HAL_MspInit
 .text.HAL_USART_MspInit
                0x0000000008003b18       0x88 Core/Src/stm32l4xx_hal_msp.o
                0x0000000008003b18                HAL_USART_MspInit
 .text.NMI_Handler
                0x0000000008003ba0        0xe Core/Src/stm32l4xx_it.o
                0x0000000008003ba0                NMI_Handler
 .text.HardFault_Handler
                0x0000000008003bae        0x6 Core/Src/stm32l4xx_it.o
                0x0000000008003bae                HardFault_Handler
 .text.MemManage_Handler
                0x0000000008003bb4        0x6 Core/Src/stm32l4xx_it.o
                0x0000000008003bb4                MemManage_Handler
 .text.BusFault_Handler
                0x0000000008003bba        0x6 Core/Src/stm32l4xx_it.o
                0x0000000008003bba                BusFault_Handler
 .text.UsageFault_Handler
                0x0000000008003bc0        0x6 Core/Src/stm32l4xx_it.o
                0x0000000008003bc0                UsageFault_Handler
 .text.SVC_Handler
                0x0000000008003bc6        0xe Core/Src/stm32l4xx_it.o
                0x0000000008003bc6                SVC_Handler
 .text.DebugMon_Handler
                0x0000000008003bd4        0xe Core/Src/stm32l4xx_it.o
                0x0000000008003bd4                DebugMon_Handler
 .text.PendSV_Handler
                0x0000000008003be2        0xe Core/Src/stm32l4xx_it.o
                0x0000000008003be2                PendSV_Handler
 .text.SysTick_Handler
                0x0000000008003bf0        0xc Core/Src/stm32l4xx_it.o
                0x0000000008003bf0                SysTick_Handler
 .text._read    0x0000000008003bfc       0x3a Core/Src/syscalls.o
                0x0000000008003bfc                _read
 .text._write   0x0000000008003c36       0x38 Core/Src/syscalls.o
                0x0000000008003c36                _write
 .text._close   0x0000000008003c6e       0x18 Core/Src/syscalls.o
                0x0000000008003c6e                _close
 .text._fstat   0x0000000008003c86       0x20 Core/Src/syscalls.o
                0x0000000008003c86                _fstat
 .text._isatty  0x0000000008003ca6       0x16 Core/Src/syscalls.o
                0x0000000008003ca6                _isatty
 .text._lseek   0x0000000008003cbc       0x1a Core/Src/syscalls.o
                0x0000000008003cbc                _lseek
 *fill*         0x0000000008003cd6        0x2 
 .text._sbrk    0x0000000008003cd8       0x58 Core/Src/sysmem.o
                0x0000000008003cd8                _sbrk
 .text.SystemInit
                0x0000000008003d30       0x6c Core/Src/system_stm32l4xx.o
                0x0000000008003d30                SystemInit
 .text.nnom_mem
                0x0000000008003d9c       0x48 Core/Src/nnom/nnom.o
                0x0000000008003d9c                nnom_mem
 .text.io_mem_size
                0x0000000008003de4       0x3c Core/Src/nnom/nnom.o
 .text.nnom_alignto
                0x0000000008003e20       0x4a Core/Src/nnom/nnom.o
                0x0000000008003e20                nnom_alignto
 .text.find_last
                0x0000000008003e6a       0x34 Core/Src/nnom/nnom.o
 .text.find_index
                0x0000000008003e9e       0x4c Core/Src/nnom/nnom.o
 *fill*         0x0000000008003eea        0x2 
 .text.model_add
                0x0000000008003eec       0x64 Core/Src/nnom/nnom.o
 .text.allocate_hook
                0x0000000008003f50       0x54 Core/Src/nnom/nnom.o
 .text.allocate_io
                0x0000000008003fa4       0x5a Core/Src/nnom/nnom.o
 .text.model_hook
                0x0000000008003ffe       0x4a Core/Src/nnom/nnom.o
 .text.model_mergex
                0x0000000008004048       0x6e Core/Src/nnom/nnom.o
 .text.model_merge
                0x00000000080040b6       0x22 Core/Src/nnom/nnom.o
 .text.model_active
                0x00000000080040d8       0x1e Core/Src/nnom/nnom.o
 *fill*         0x00000000080040f6        0x2 
 .text.new_model
                0x00000000080040f8       0x74 Core/Src/nnom/nnom.o
                0x00000000080040f8                new_model
 .text.allocate_block
                0x000000000800416c       0x58 Core/Src/nnom/nnom.o
 .text.release_block
                0x00000000080041c4       0x36 Core/Src/nnom/nnom.o
 .text.release_input_mem
                0x00000000080041fa       0x2e Core/Src/nnom/nnom.o
 .text.release_comp_mem
                0x0000000008004228       0x24 Core/Src/nnom/nnom.o
 .text.nnom_hook_length
                0x000000000800424c       0x36 Core/Src/nnom/nnom.o
                0x000000000800424c                nnom_hook_length
 .text.layer_shortcut_find_last
                0x0000000008004282       0x32 Core/Src/nnom/nnom.o
 .text.layer_shortcut_add
                0x00000000080042b4       0x4a Core/Src/nnom/nnom.o
 *fill*         0x00000000080042fe        0x2 
 .text.print_layer_info
                0x0000000008004300      0x1ec Core/Src/nnom/nnom.o
 .text.print_memory_block_info
                0x00000000080044ec       0x84 Core/Src/nnom/nnom.o
 .text.compile_layers
                0x0000000008004570      0x38c Core/Src/nnom/nnom.o
                0x0000000008004570                compile_layers
 .text.mem_analysis_result
                0x00000000080048fc       0x78 Core/Src/nnom/nnom.o
                0x00000000080048fc                mem_analysis_result
 .text.block_mem_set
                0x0000000008004974       0x78 Core/Src/nnom/nnom.o
                0x0000000008004974                block_mem_set
 .text.tensor_mem_set
                0x00000000080049ec       0x6a Core/Src/nnom/nnom.o
                0x00000000080049ec                tensor_mem_set
 *fill*         0x0000000008004a56        0x2 
 .text.set_tailed_activation
                0x0000000008004a58       0xb0 Core/Src/nnom/nnom.o
                0x0000000008004a58                set_tailed_activation
 .text.model_set_ops
                0x0000000008004b08       0x6a Core/Src/nnom/nnom.o
 *fill*         0x0000000008004b72        0x2 
 .text.model_compile
                0x0000000008004b74      0x12c Core/Src/nnom/nnom.o
                0x0000000008004b74                model_compile
 .text.layer_run
                0x0000000008004ca0       0x58 Core/Src/nnom/nnom.o
                0x0000000008004ca0                layer_run
 .text.model_run_to
                0x0000000008004cf8       0xf0 Core/Src/nnom/nnom.o
                0x0000000008004cf8                model_run_to
 .text.model_run
                0x0000000008004de8       0x1a Core/Src/nnom/nnom.o
                0x0000000008004de8                model_run
 .text.relu_run
                0x0000000008004e02       0x24 Core/Src/nnom/nnom_activation.o
 *fill*         0x0000000008004e26        0x2 
 .text.act_relu
                0x0000000008004e28       0x28 Core/Src/nnom/nnom_activation.o
                0x0000000008004e28                act_relu
 .text.avgpool_run
                0x0000000008004e50      0x160 Core/Src/nnom/nnom_avgpool.o
                0x0000000008004e50                avgpool_run
 .text.default_build
                0x0000000008004fb0       0x4e Core/Src/nnom/nnom_baselayer.o
                0x0000000008004fb0                default_build
 *fill*         0x0000000008004ffe        0x2 
 .text.Conv2D   0x0000000008005000      0x128 Core/Src/nnom/nnom_conv2d.o
                0x0000000008005000                Conv2D
 .text.conv2d_build
                0x0000000008005128      0x1aa Core/Src/nnom/nnom_conv2d.o
                0x0000000008005128                conv2d_build
 .text.conv2d_run
                0x00000000080052d2      0x5a6 Core/Src/nnom/nnom_conv2d.o
                0x00000000080052d2                conv2d_run
 .text.Dense    0x0000000008005878       0xb8 Core/Src/nnom/nnom_dense.o
                0x0000000008005878                Dense
 .text.dense_build
                0x0000000008005930       0xa4 Core/Src/nnom/nnom_dense.o
                0x0000000008005930                dense_build
 .text.dense_run
                0x00000000080059d4       0x88 Core/Src/nnom/nnom_dense.o
                0x00000000080059d4                dense_run
 .text.GlobalAvgPool
                0x0000000008005a5c       0x60 Core/Src/nnom/nnom_global_pool.o
                0x0000000008005a5c                GlobalAvgPool
 .text.global_pooling_build
                0x0000000008005abc      0x1a2 Core/Src/nnom/nnom_global_pool.o
                0x0000000008005abc                global_pooling_build
 *fill*         0x0000000008005c5e        0x2 
 .text.Input    0x0000000008005c60       0xd8 Core/Src/nnom/nnom_input.o
                0x0000000008005c60                Input
 .text.input_build
                0x0000000008005d38       0x40 Core/Src/nnom/nnom_input.o
                0x0000000008005d38                input_build
 .text.input_run
                0x0000000008005d78       0x3a Core/Src/nnom/nnom_input.o
                0x0000000008005d78                input_run
 .text.shape_size
                0x0000000008005db2       0x34 Core/Src/nnom/nnom_layers.o
                0x0000000008005db2                shape_size
 .text.shape    0x0000000008005de6       0x3c Core/Src/nnom/nnom_layers.o
                0x0000000008005de6                shape
 .text.kernel   0x0000000008005e22       0x20 Core/Src/nnom/nnom_layers.o
                0x0000000008005e22                kernel
 .text.stride   0x0000000008005e42       0x20 Core/Src/nnom/nnom_layers.o
                0x0000000008005e42                stride
 .text.io_init  0x0000000008005e62       0x1e Core/Src/nnom/nnom_layers.o
                0x0000000008005e62                io_init
 .text.local_avepool_q7_HWC
                0x0000000008005e80      0x19e Core/Src/nnom/nnom_local.o
                0x0000000008005e80                local_avepool_q7_HWC
 .text.local_maxpool_q7_HWC
                0x000000000800601e      0x1a0 Core/Src/nnom/nnom_local.o
                0x000000000800601e                local_maxpool_q7_HWC
 *fill*         0x00000000080061be        0x2 
 .text.MaxPool  0x00000000080061c0      0x104 Core/Src/nnom/nnom_maxpool.o
                0x00000000080061c0                MaxPool
 .text.maxpooling_build
                0x00000000080062c4      0x142 Core/Src/nnom/nnom_maxpool.o
                0x00000000080062c4                maxpooling_build
 .text.maxpool_run
                0x0000000008006406      0x13c Core/Src/nnom/nnom_maxpool.o
                0x0000000008006406                maxpool_run
 *fill*         0x0000000008006542        0x2 
 .text.Output   0x0000000008006544       0x4c Core/Src/nnom/nnom_output.o
                0x0000000008006544                Output
 .text.output_run
                0x0000000008006590       0x3a Core/Src/nnom/nnom_output.o
                0x0000000008006590                output_run
 *fill*         0x00000000080065ca        0x2 
 .text.Softmax  0x00000000080065cc       0x74 Core/Src/nnom/nnom_softmax.o
                0x00000000080065cc                Softmax
 .text.softmax_run
                0x0000000008006640       0x3a Core/Src/nnom/nnom_softmax.o
                0x0000000008006640                softmax_run
 .text.tensor_size
                0x000000000800667a       0x56 Core/Src/nnom/nnom_tensor.o
                0x000000000800667a                tensor_size
 .text.new_tensor
                0x00000000080066d0       0x42 Core/Src/nnom/nnom_tensor.o
                0x00000000080066d0                new_tensor
 .text.tensor_set_attribuites
                0x0000000008006712       0x5a Core/Src/nnom/nnom_tensor.o
                0x0000000008006712                tensor_set_attribuites
 .text.tensor_cpy_attributes
                0x000000000800676c       0x3c Core/Src/nnom/nnom_tensor.o
                0x000000000800676c                tensor_cpy_attributes
 .text.nnom_predict
                0x00000000080067a8      0x128 Core/Src/nnom/nnom_utils.o
                0x00000000080067a8                nnom_predict
 .text.Reset_Handler
                0x00000000080068d0       0x50 Core/Startup/startup_stm32l475vgtx.o
                0x00000000080068d0                Reset_Handler
 .text.Default_Handler
                0x0000000008006920        0x2 Core/Startup/startup_stm32l475vgtx.o
                0x0000000008006920                TIM1_BRK_TIM15_IRQHandler
                0x0000000008006920                EXTI2_IRQHandler
                0x0000000008006920                TIM8_TRG_COM_IRQHandler
                0x0000000008006920                TIM8_CC_IRQHandler
                0x0000000008006920                TIM1_CC_IRQHandler
                0x0000000008006920                TSC_IRQHandler
                0x0000000008006920                TAMP_STAMP_IRQHandler
                0x0000000008006920                EXTI3_IRQHandler
                0x0000000008006920                LPTIM2_IRQHandler
                0x0000000008006920                DFSDM1_FLT1_IRQHandler
                0x0000000008006920                I2C3_ER_IRQHandler
                0x0000000008006920                DFSDM1_FLT2_IRQHandler
                0x0000000008006920                EXTI0_IRQHandler
                0x0000000008006920                I2C2_EV_IRQHandler
                0x0000000008006920                CAN1_RX0_IRQHandler
                0x0000000008006920                FPU_IRQHandler
                0x0000000008006920                TIM1_UP_TIM16_IRQHandler
                0x0000000008006920                ADC1_2_IRQHandler
                0x0000000008006920                SPI1_IRQHandler
                0x0000000008006920                TIM6_DAC_IRQHandler
                0x0000000008006920                TIM8_UP_IRQHandler
                0x0000000008006920                DMA2_Channel2_IRQHandler
                0x0000000008006920                DMA1_Channel4_IRQHandler
                0x0000000008006920                SAI2_IRQHandler
                0x0000000008006920                DFSDM1_FLT3_IRQHandler
                0x0000000008006920                USART3_IRQHandler
                0x0000000008006920                DMA1_Channel7_IRQHandler
                0x0000000008006920                CAN1_RX1_IRQHandler
                0x0000000008006920                UART5_IRQHandler
                0x0000000008006920                ADC3_IRQHandler
                0x0000000008006920                TIM4_IRQHandler
                0x0000000008006920                DMA2_Channel1_IRQHandler
                0x0000000008006920                QUADSPI_IRQHandler
                0x0000000008006920                I2C1_EV_IRQHandler
                0x0000000008006920                DMA1_Channel6_IRQHandler
                0x0000000008006920                UART4_IRQHandler
                0x0000000008006920                DMA2_Channel4_IRQHandler
                0x0000000008006920                TIM3_IRQHandler
                0x0000000008006920                RCC_IRQHandler
                0x0000000008006920                DMA1_Channel1_IRQHandler
                0x0000000008006920                Default_Handler
                0x0000000008006920                DMA2_Channel7_IRQHandler
                0x0000000008006920                EXTI15_10_IRQHandler
                0x0000000008006920                TIM7_IRQHandler
                0x0000000008006920                SDMMC1_IRQHandler
                0x0000000008006920                TIM5_IRQHandler
                0x0000000008006920                I2C3_EV_IRQHandler
                0x0000000008006920                EXTI9_5_IRQHandler
                0x0000000008006920                RTC_WKUP_IRQHandler
                0x0000000008006920                PVD_PVM_IRQHandler
                0x0000000008006920                SPI2_IRQHandler
                0x0000000008006920                CAN1_TX_IRQHandler
                0x0000000008006920                DMA2_Channel5_IRQHandler
                0x0000000008006920                DMA1_Channel5_IRQHandler
                0x0000000008006920                EXTI4_IRQHandler
                0x0000000008006920                RNG_IRQHandler
                0x0000000008006920                TIM1_TRG_COM_TIM17_IRQHandler
                0x0000000008006920                DMA1_Channel3_IRQHandler
                0x0000000008006920                COMP_IRQHandler
                0x0000000008006920                WWDG_IRQHandler
                0x0000000008006920                LPUART1_IRQHandler
                0x0000000008006920                DMA2_Channel6_IRQHandler
                0x0000000008006920                TIM2_IRQHandler
                0x0000000008006920                EXTI1_IRQHandler
                0x0000000008006920                USART2_IRQHandler
                0x0000000008006920                DFSDM1_FLT0_IRQHandler
                0x0000000008006920                I2C2_ER_IRQHandler
                0x0000000008006920                DMA1_Channel2_IRQHandler
                0x0000000008006920                TIM8_BRK_IRQHandler
                0x0000000008006920                CAN1_SCE_IRQHandler
                0x0000000008006920                FLASH_IRQHandler
                0x0000000008006920                USART1_IRQHandler
                0x0000000008006920                OTG_FS_IRQHandler
                0x0000000008006920                SPI3_IRQHandler
                0x0000000008006920                I2C1_ER_IRQHandler
                0x0000000008006920                FMC_IRQHandler
                0x0000000008006920                SWPMI1_IRQHandler
                0x0000000008006920                LPTIM1_IRQHandler
                0x0000000008006920                SAI1_IRQHandler
                0x0000000008006920                DMA2_Channel3_IRQHandler
                0x0000000008006920                RTC_Alarm_IRQHandler
 .text.HAL_Init
                0x0000000008006922       0x30 Drivers/STM32L4xx_HAL_Driver/Src/stm32l4xx_hal.o
                0x0000000008006922                HAL_Init
 *fill*         0x0000000008006952        0x2 
 .text.HAL_InitTick
                0x0000000008006954       0x74 Drivers/STM32L4xx_HAL_Driver/Src/stm32l4xx_hal.o
                0x0000000008006954                HAL_InitTick
 .text.HAL_IncTick
                0x00000000080069c8       0x24 Drivers/STM32L4xx_HAL_Driver/Src/stm32l4xx_hal.o
                0x00000000080069c8                HAL_IncTick
 .text.HAL_GetTick
                0x00000000080069ec       0x18 Drivers/STM32L4xx_HAL_Driver/Src/stm32l4xx_hal.o
                0x00000000080069ec                HAL_GetTick
 .text.__NVIC_SetPriorityGrouping
                0x0000000008006a04       0x48 Drivers/STM32L4xx_HAL_Driver/Src/stm32l4xx_hal_cortex.o
 .text.__NVIC_GetPriorityGrouping
                0x0000000008006a4c       0x1c Drivers/STM32L4xx_HAL_Driver/Src/stm32l4xx_hal_cortex.o
 .text.__NVIC_SetPriority
                0x0000000008006a68       0x54 Drivers/STM32L4xx_HAL_Driver/Src/stm32l4xx_hal_cortex.o
 .text.NVIC_EncodePriority
                0x0000000008006abc       0x66 Drivers/STM32L4xx_HAL_Driver/Src/stm32l4xx_hal_cortex.o
 *fill*         0x0000000008006b22        0x2 
 .text.SysTick_Config
                0x0000000008006b24       0x44 Drivers/STM32L4xx_HAL_Driver/Src/stm32l4xx_hal_cortex.o
 .text.HAL_NVIC_SetPriorityGrouping
                0x0000000008006b68       0x16 Drivers/STM32L4xx_HAL_Driver/Src/stm32l4xx_hal_cortex.o
                0x0000000008006b68                HAL_NVIC_SetPriorityGrouping
 .text.HAL_NVIC_SetPriority
                0x0000000008006b7e       0x38 Drivers/STM32L4xx_HAL_Driver/Src/stm32l4xx_hal_cortex.o
                0x0000000008006b7e                HAL_NVIC_SetPriority
 .text.HAL_SYSTICK_Config
                0x0000000008006bb6       0x18 Drivers/STM32L4xx_HAL_Driver/Src/stm32l4xx_hal_cortex.o
                0x0000000008006bb6                HAL_SYSTICK_Config
 *fill*         0x0000000008006bce        0x2 
 .text.HAL_GPIO_Init
                0x0000000008006bd0      0x350 Drivers/STM32L4xx_HAL_Driver/Src/stm32l4xx_hal_gpio.o
                0x0000000008006bd0                HAL_GPIO_Init
 .text.HAL_PWREx_GetVoltageRange
                0x0000000008006f20       0x1c Drivers/STM32L4xx_HAL_Driver/Src/stm32l4xx_hal_pwr_ex.o
                0x0000000008006f20                HAL_PWREx_GetVoltageRange
 .text.HAL_PWREx_ControlVoltageScaling
                0x0000000008006f3c       0xac Drivers/STM32L4xx_HAL_Driver/Src/stm32l4xx_hal_pwr_ex.o
                0x0000000008006f3c                HAL_PWREx_ControlVoltageScaling
 .text.HAL_RCC_OscConfig
                0x0000000008006fe8      0x7cc Drivers/STM32L4xx_HAL_Driver/Src/stm32l4xx_hal_rcc.o
                0x0000000008006fe8                HAL_RCC_OscConfig
 .text.HAL_RCC_ClockConfig
                0x00000000080077b4      0x1c4 Drivers/STM32L4xx_HAL_Driver/Src/stm32l4xx_hal_rcc.o
                0x00000000080077b4                HAL_RCC_ClockConfig
 .text.HAL_RCC_GetSysClockFreq
                0x0000000008007978      0x114 Drivers/STM32L4xx_HAL_Driver/Src/stm32l4xx_hal_rcc.o
                0x0000000008007978                HAL_RCC_GetSysClockFreq
 .text.HAL_RCC_GetHCLKFreq
                0x0000000008007a8c       0x18 Drivers/STM32L4xx_HAL_Driver/Src/stm32l4xx_hal_rcc.o
                0x0000000008007a8c                HAL_RCC_GetHCLKFreq
 .text.HAL_RCC_GetPCLK1Freq
                0x0000000008007aa4       0x2c Drivers/STM32L4xx_HAL_Driver/Src/stm32l4xx_hal_rcc.o
                0x0000000008007aa4                HAL_RCC_GetPCLK1Freq
 .text.HAL_RCC_GetPCLK2Freq
                0x0000000008007ad0       0x2c Drivers/STM32L4xx_HAL_Driver/Src/stm32l4xx_hal_rcc.o
                0x0000000008007ad0                HAL_RCC_GetPCLK2Freq
 .text.RCC_SetFlashLatencyFromMSIRange
                0x0000000008007afc       0xc0 Drivers/STM32L4xx_HAL_Driver/Src/stm32l4xx_hal_rcc.o
 .text.HAL_RCCEx_PeriphCLKConfig
                0x0000000008007bbc      0x5cc Drivers/STM32L4xx_HAL_Driver/Src/stm32l4xx_hal_rcc_ex.o
                0x0000000008007bbc                HAL_RCCEx_PeriphCLKConfig
 .text.RCCEx_PLLSAI1_Config
                0x0000000008008188      0x1e0 Drivers/STM32L4xx_HAL_Driver/Src/stm32l4xx_hal_rcc_ex.o
 .text.RCCEx_PLLSAI2_Config
                0x0000000008008368      0x1b4 Drivers/STM32L4xx_HAL_Driver/Src/stm32l4xx_hal_rcc_ex.o
 .text.HAL_USART_Init
                0x000000000800851c       0x94 Drivers/STM32L4xx_HAL_Driver/Src/stm32l4xx_hal_usart.o
                0x000000000800851c                HAL_USART_Init
 .text.HAL_USART_Transmit
                0x00000000080085b0      0x15c Drivers/STM32L4xx_HAL_Driver/Src/stm32l4xx_hal_usart.o
                0x00000000080085b0                HAL_USART_Transmit
 .text.HAL_USART_Receive
                0x000000000800870c      0x1aa Drivers/STM32L4xx_HAL_Driver/Src/stm32l4xx_hal_usart.o
                0x000000000800870c                HAL_USART_Receive
 .text.USART_WaitOnFlagUntilTimeout
                0x00000000080088b6       0x6c Drivers/STM32L4xx_HAL_Driver/Src/stm32l4xx_hal_usart.o
 *fill*         0x0000000008008922        0x2 
 .text.USART_SetConfig
                0x0000000008008924      0x2b0 Drivers/STM32L4xx_HAL_Driver/Src/stm32l4xx_hal_usart.o
 .text.USART_CheckIdleState
                0x0000000008008bd4       0x86 Drivers/STM32L4xx_HAL_Driver/Src/stm32l4xx_hal_usart.o
 *fill*         0x0000000008008c5a        0x2 
 .text.calloc   0x0000000008008c5c       0x10 /Applications/STM32CubeIDE.app/Contents/Eclipse/plugins/com.st.stm32cube.ide.mcu.externaltools.gnu-tools-for-stm32.7-2018-q2-update.macos64_1.0.0.201904181610/tools/bin/../lib/gcc/arm-none-eabi/7.3.1/../../../../arm-none-eabi/lib/thumb/v7e-m/fpv4-sp/hard/libc_nano.a(lib_a-calloc.o)
                0x0000000008008c5c                calloc
 .text.__errno  0x0000000008008c6c        0xc /Applications/STM32CubeIDE.app/Contents/Eclipse/plugins/com.st.stm32cube.ide.mcu.externaltools.gnu-tools-for-stm32.7-2018-q2-update.macos64_1.0.0.201904181610/tools/bin/../lib/gcc/arm-none-eabi/7.3.1/../../../../arm-none-eabi/lib/thumb/v7e-m/fpv4-sp/hard/libc_nano.a(lib_a-errno.o)
                0x0000000008008c6c                __errno
 .text.__libc_init_array
                0x0000000008008c78       0x48 /Applications/STM32CubeIDE.app/Contents/Eclipse/plugins/com.st.stm32cube.ide.mcu.externaltools.gnu-tools-for-stm32.7-2018-q2-update.macos64_1.0.0.201904181610/tools/bin/../lib/gcc/arm-none-eabi/7.3.1/../../../../arm-none-eabi/lib/thumb/v7e-m/fpv4-sp/hard/libc_nano.a(lib_a-init.o)
                0x0000000008008c78                __libc_init_array
 .text.malloc   0x0000000008008cc0       0x10 /Applications/STM32CubeIDE.app/Contents/Eclipse/plugins/com.st.stm32cube.ide.mcu.externaltools.gnu-tools-for-stm32.7-2018-q2-update.macos64_1.0.0.201904181610/tools/bin/../lib/gcc/arm-none-eabi/7.3.1/../../../../arm-none-eabi/lib/thumb/v7e-m/fpv4-sp/hard/libc_nano.a(lib_a-malloc.o)
                0x0000000008008cc0                malloc
 .text.free     0x0000000008008cd0       0x10 /Applications/STM32CubeIDE.app/Contents/Eclipse/plugins/com.st.stm32cube.ide.mcu.externaltools.gnu-tools-for-stm32.7-2018-q2-update.macos64_1.0.0.201904181610/tools/bin/../lib/gcc/arm-none-eabi/7.3.1/../../../../arm-none-eabi/lib/thumb/v7e-m/fpv4-sp/hard/libc_nano.a(lib_a-malloc.o)
                0x0000000008008cd0                free
 .text.memcpy   0x0000000008008ce0       0x16 /Applications/STM32CubeIDE.app/Contents/Eclipse/plugins/com.st.stm32cube.ide.mcu.externaltools.gnu-tools-for-stm32.7-2018-q2-update.macos64_1.0.0.201904181610/tools/bin/../lib/gcc/arm-none-eabi/7.3.1/../../../../arm-none-eabi/lib/thumb/v7e-m/fpv4-sp/hard/libc_nano.a(lib_a-memcpy-stub.o)
                0x0000000008008ce0                memcpy
 .text.memmove  0x0000000008008cf6       0x32 /Applications/STM32CubeIDE.app/Contents/Eclipse/plugins/com.st.stm32cube.ide.mcu.externaltools.gnu-tools-for-stm32.7-2018-q2-update.macos64_1.0.0.201904181610/tools/bin/../lib/gcc/arm-none-eabi/7.3.1/../../../../arm-none-eabi/lib/thumb/v7e-m/fpv4-sp/hard/libc_nano.a(lib_a-memmove.o)
                0x0000000008008cf6                memmove
 .text.memset   0x0000000008008d28       0x10 /Applications/STM32CubeIDE.app/Contents/Eclipse/plugins/com.st.stm32cube.ide.mcu.externaltools.gnu-tools-for-stm32.7-2018-q2-update.macos64_1.0.0.201904181610/tools/bin/../lib/gcc/arm-none-eabi/7.3.1/../../../../arm-none-eabi/lib/thumb/v7e-m/fpv4-sp/hard/libc_nano.a(lib_a-memset.o)
                0x0000000008008d28                memset
 .text._calloc_r
                0x0000000008008d38       0x1c /Applications/STM32CubeIDE.app/Contents/Eclipse/plugins/com.st.stm32cube.ide.mcu.externaltools.gnu-tools-for-stm32.7-2018-q2-update.macos64_1.0.0.201904181610/tools/bin/../lib/gcc/arm-none-eabi/7.3.1/../../../../arm-none-eabi/lib/thumb/v7e-m/fpv4-sp/hard/libc_nano.a(lib_a-nano-callocr.o)
                0x0000000008008d38                _calloc_r
 .text._free_r  0x0000000008008d54       0x9c /Applications/STM32CubeIDE.app/Contents/Eclipse/plugins/com.st.stm32cube.ide.mcu.externaltools.gnu-tools-for-stm32.7-2018-q2-update.macos64_1.0.0.201904181610/tools/bin/../lib/gcc/arm-none-eabi/7.3.1/../../../../arm-none-eabi/lib/thumb/v7e-m/fpv4-sp/hard/libc_nano.a(lib_a-nano-freer.o)
                0x0000000008008d54                _free_r
 .text._malloc_r
                0x0000000008008df0       0xb4 /Applications/STM32CubeIDE.app/Contents/Eclipse/plugins/com.st.stm32cube.ide.mcu.externaltools.gnu-tools-for-stm32.7-2018-q2-update.macos64_1.0.0.201904181610/tools/bin/../lib/gcc/arm-none-eabi/7.3.1/../../../../arm-none-eabi/lib/thumb/v7e-m/fpv4-sp/hard/libc_nano.a(lib_a-nano-mallocr.o)
                0x0000000008008df0                _malloc_r
 .text.__cvt    0x0000000008008ea4       0xc2 /Applications/STM32CubeIDE.app/Contents/Eclipse/plugins/com.st.stm32cube.ide.mcu.externaltools.gnu-tools-for-stm32.7-2018-q2-update.macos64_1.0.0.201904181610/tools/bin/../lib/gcc/arm-none-eabi/7.3.1/../../../../arm-none-eabi/lib/thumb/v7e-m/fpv4-sp/hard/libc_nano.a(lib_a-nano-vfprintf_float.o)
                0x0000000008008ea4                __cvt
 .text.__exponent
                0x0000000008008f66       0x66 /Applications/STM32CubeIDE.app/Contents/Eclipse/plugins/com.st.stm32cube.ide.mcu.externaltools.gnu-tools-for-stm32.7-2018-q2-update.macos64_1.0.0.201904181610/tools/bin/../lib/gcc/arm-none-eabi/7.3.1/../../../../arm-none-eabi/lib/thumb/v7e-m/fpv4-sp/hard/libc_nano.a(lib_a-nano-vfprintf_float.o)
                0x0000000008008f66                __exponent
 .text._printf_float
                0x0000000008008fcc      0x480 /Applications/STM32CubeIDE.app/Contents/Eclipse/plugins/com.st.stm32cube.ide.mcu.externaltools.gnu-tools-for-stm32.7-2018-q2-update.macos64_1.0.0.201904181610/tools/bin/../lib/gcc/arm-none-eabi/7.3.1/../../../../arm-none-eabi/lib/thumb/v7e-m/fpv4-sp/hard/libc_nano.a(lib_a-nano-vfprintf_float.o)
                0x0000000008008fcc                _printf_float
 .text._printf_common
                0x000000000800944c       0xea /Applications/STM32CubeIDE.app/Contents/Eclipse/plugins/com.st.stm32cube.ide.mcu.externaltools.gnu-tools-for-stm32.7-2018-q2-update.macos64_1.0.0.201904181610/tools/bin/../lib/gcc/arm-none-eabi/7.3.1/../../../../arm-none-eabi/lib/thumb/v7e-m/fpv4-sp/hard/libc_nano.a(lib_a-nano-vfprintf_i.o)
                0x000000000800944c                _printf_common
 *fill*         0x0000000008009536        0x2 
 .text._printf_i
                0x0000000008009538      0x224 /Applications/STM32CubeIDE.app/Contents/Eclipse/plugins/com.st.stm32cube.ide.mcu.externaltools.gnu-tools-for-stm32.7-2018-q2-update.macos64_1.0.0.201904181610/tools/bin/../lib/gcc/arm-none-eabi/7.3.1/../../../../arm-none-eabi/lib/thumb/v7e-m/fpv4-sp/hard/libc_nano.a(lib_a-nano-vfprintf_i.o)
                0x0000000008009538                _printf_i
 .text.printf   0x000000000800975c       0x30 /Applications/STM32CubeIDE.app/Contents/Eclipse/plugins/com.st.stm32cube.ide.mcu.externaltools.gnu-tools-for-stm32.7-2018-q2-update.macos64_1.0.0.201904181610/tools/bin/../lib/gcc/arm-none-eabi/7.3.1/../../../../arm-none-eabi/lib/thumb/v7e-m/fpv4-sp/hard/libc_nano.a(lib_a-printf.o)
                0x000000000800975c                printf
                0x000000000800975c                iprintf
 .text.putchar  0x000000000800978c       0x28 /Applications/STM32CubeIDE.app/Contents/Eclipse/plugins/com.st.stm32cube.ide.mcu.externaltools.gnu-tools-for-stm32.7-2018-q2-update.macos64_1.0.0.201904181610/tools/bin/../lib/gcc/arm-none-eabi/7.3.1/../../../../arm-none-eabi/lib/thumb/v7e-m/fpv4-sp/hard/libc_nano.a(lib_a-putchar.o)
                0x000000000800978c                putchar
 .text._puts_r  0x00000000080097b4       0xb8 /Applications/STM32CubeIDE.app/Contents/Eclipse/plugins/com.st.stm32cube.ide.mcu.externaltools.gnu-tools-for-stm32.7-2018-q2-update.macos64_1.0.0.201904181610/tools/bin/../lib/gcc/arm-none-eabi/7.3.1/../../../../arm-none-eabi/lib/thumb/v7e-m/fpv4-sp/hard/libc_nano.a(lib_a-puts.o)
                0x00000000080097b4                _puts_r
 .text.puts     0x000000000800986c       0x10 /Applications/STM32CubeIDE.app/Contents/Eclipse/plugins/com.st.stm32cube.ide.mcu.externaltools.gnu-tools-for-stm32.7-2018-q2-update.macos64_1.0.0.201904181610/tools/bin/../lib/gcc/arm-none-eabi/7.3.1/../../../../arm-none-eabi/lib/thumb/v7e-m/fpv4-sp/hard/libc_nano.a(lib_a-puts.o)
                0x000000000800986c                puts
 .text._sbrk_r  0x000000000800987c       0x20 /Applications/STM32CubeIDE.app/Contents/Eclipse/plugins/com.st.stm32cube.ide.mcu.externaltools.gnu-tools-for-stm32.7-2018-q2-update.macos64_1.0.0.201904181610/tools/bin/../lib/gcc/arm-none-eabi/7.3.1/../../../../arm-none-eabi/lib/thumb/v7e-m/fpv4-sp/hard/libc_nano.a(lib_a-sbrkr.o)
                0x000000000800987c                _sbrk_r
 .text.__swbuf_r
                0x000000000800989c       0xa4 /Applications/STM32CubeIDE.app/Contents/Eclipse/plugins/com.st.stm32cube.ide.mcu.externaltools.gnu-tools-for-stm32.7-2018-q2-update.macos64_1.0.0.201904181610/tools/bin/../lib/gcc/arm-none-eabi/7.3.1/../../../../arm-none-eabi/lib/thumb/v7e-m/fpv4-sp/hard/libc_nano.a(lib_a-wbuf.o)
                0x000000000800989c                __swbuf_r
 .text.__swsetup_r
                0x0000000008009940       0xdc /Applications/STM32CubeIDE.app/Contents/Eclipse/plugins/com.st.stm32cube.ide.mcu.externaltools.gnu-tools-for-stm32.7-2018-q2-update.macos64_1.0.0.201904181610/tools/bin/../lib/gcc/arm-none-eabi/7.3.1/../../../../arm-none-eabi/lib/thumb/v7e-m/fpv4-sp/hard/libc_nano.a(lib_a-wsetup.o)
                0x0000000008009940                __swsetup_r
 .text.quorem   0x0000000008009a1c      0x118 /Applications/STM32CubeIDE.app/Contents/Eclipse/plugins/com.st.stm32cube.ide.mcu.externaltools.gnu-tools-for-stm32.7-2018-q2-update.macos64_1.0.0.201904181610/tools/bin/../lib/gcc/arm-none-eabi/7.3.1/../../../../arm-none-eabi/lib/thumb/v7e-m/fpv4-sp/hard/libc_nano.a(lib_a-dtoa.o)
 *fill*         0x0000000008009b34        0x4 
 .text._dtoa_r  0x0000000008009b38      0xb70 /Applications/STM32CubeIDE.app/Contents/Eclipse/plugins/com.st.stm32cube.ide.mcu.externaltools.gnu-tools-for-stm32.7-2018-q2-update.macos64_1.0.0.201904181610/tools/bin/../lib/gcc/arm-none-eabi/7.3.1/../../../../arm-none-eabi/lib/thumb/v7e-m/fpv4-sp/hard/libc_nano.a(lib_a-dtoa.o)
                0x0000000008009b38                _dtoa_r
 .text.__sflush_r
                0x000000000800a6a8      0x10c /Applications/STM32CubeIDE.app/Contents/Eclipse/plugins/com.st.stm32cube.ide.mcu.externaltools.gnu-tools-for-stm32.7-2018-q2-update.macos64_1.0.0.201904181610/tools/bin/../lib/gcc/arm-none-eabi/7.3.1/../../../../arm-none-eabi/lib/thumb/v7e-m/fpv4-sp/hard/libc_nano.a(lib_a-fflush.o)
                0x000000000800a6a8                __sflush_r
 .text._fflush_r
                0x000000000800a7b4       0x54 /Applications/STM32CubeIDE.app/Contents/Eclipse/plugins/com.st.stm32cube.ide.mcu.externaltools.gnu-tools-for-stm32.7-2018-q2-update.macos64_1.0.0.201904181610/tools/bin/../lib/gcc/arm-none-eabi/7.3.1/../../../../arm-none-eabi/lib/thumb/v7e-m/fpv4-sp/hard/libc_nano.a(lib_a-fflush.o)
                0x000000000800a7b4                _fflush_r
 .text.std      0x000000000800a808       0x48 /Applications/STM32CubeIDE.app/Contents/Eclipse/plugins/com.st.stm32cube.ide.mcu.externaltools.gnu-tools-for-stm32.7-2018-q2-update.macos64_1.0.0.201904181610/tools/bin/../lib/gcc/arm-none-eabi/7.3.1/../../../../arm-none-eabi/lib/thumb/v7e-m/fpv4-sp/hard/libc_nano.a(lib_a-findfp.o)
 .text._cleanup_r
                0x000000000800a850        0xc /Applications/STM32CubeIDE.app/Contents/Eclipse/plugins/com.st.stm32cube.ide.mcu.externaltools.gnu-tools-for-stm32.7-2018-q2-update.macos64_1.0.0.201904181610/tools/bin/../lib/gcc/arm-none-eabi/7.3.1/../../../../arm-none-eabi/lib/thumb/v7e-m/fpv4-sp/hard/libc_nano.a(lib_a-findfp.o)
                0x000000000800a850                _cleanup_r
 .text.__sfmoreglue
                0x000000000800a85c       0x2c /Applications/STM32CubeIDE.app/Contents/Eclipse/plugins/com.st.stm32cube.ide.mcu.externaltools.gnu-tools-for-stm32.7-2018-q2-update.macos64_1.0.0.201904181610/tools/bin/../lib/gcc/arm-none-eabi/7.3.1/../../../../arm-none-eabi/lib/thumb/v7e-m/fpv4-sp/hard/libc_nano.a(lib_a-findfp.o)
                0x000000000800a85c                __sfmoreglue
 .text.__sinit  0x000000000800a888       0x60 /Applications/STM32CubeIDE.app/Contents/Eclipse/plugins/com.st.stm32cube.ide.mcu.externaltools.gnu-tools-for-stm32.7-2018-q2-update.macos64_1.0.0.201904181610/tools/bin/../lib/gcc/arm-none-eabi/7.3.1/../../../../arm-none-eabi/lib/thumb/v7e-m/fpv4-sp/hard/libc_nano.a(lib_a-findfp.o)
                0x000000000800a888                __sinit
 .text.__sfp    0x000000000800a8e8       0x78 /Applications/STM32CubeIDE.app/Contents/Eclipse/plugins/com.st.stm32cube.ide.mcu.externaltools.gnu-tools-for-stm32.7-2018-q2-update.macos64_1.0.0.201904181610/tools/bin/../lib/gcc/arm-none-eabi/7.3.1/../../../../arm-none-eabi/lib/thumb/v7e-m/fpv4-sp/hard/libc_nano.a(lib_a-findfp.o)
                0x000000000800a8e8                __sfp
 .text._fwalk_reent
                0x000000000800a960       0x3c /Applications/STM32CubeIDE.app/Contents/Eclipse/plugins/com.st.stm32cube.ide.mcu.externaltools.gnu-tools-for-stm32.7-2018-q2-update.macos64_1.0.0.201904181610/tools/bin/../lib/gcc/arm-none-eabi/7.3.1/../../../../arm-none-eabi/lib/thumb/v7e-m/fpv4-sp/hard/libc_nano.a(lib_a-fwalk.o)
                0x000000000800a960                _fwalk_reent
 .text._localeconv_r
                0x000000000800a99c       0x1c /Applications/STM32CubeIDE.app/Contents/Eclipse/plugins/com.st.stm32cube.ide.mcu.externaltools.gnu-tools-for-stm32.7-2018-q2-update.macos64_1.0.0.201904181610/tools/bin/../lib/gcc/arm-none-eabi/7.3.1/../../../../arm-none-eabi/lib/thumb/v7e-m/fpv4-sp/hard/libc_nano.a(lib_a-localeconv.o)
                0x000000000800a99c                _localeconv_r
 .text.__swhatbuf_r
                0x000000000800a9b8       0x48 /Applications/STM32CubeIDE.app/Contents/Eclipse/plugins/com.st.stm32cube.ide.mcu.externaltools.gnu-tools-for-stm32.7-2018-q2-update.macos64_1.0.0.201904181610/tools/bin/../lib/gcc/arm-none-eabi/7.3.1/../../../../arm-none-eabi/lib/thumb/v7e-m/fpv4-sp/hard/libc_nano.a(lib_a-makebuf.o)
                0x000000000800a9b8                __swhatbuf_r
 .text.__smakebuf_r
                0x000000000800aa00       0x80 /Applications/STM32CubeIDE.app/Contents/Eclipse/plugins/com.st.stm32cube.ide.mcu.externaltools.gnu-tools-for-stm32.7-2018-q2-update.macos64_1.0.0.201904181610/tools/bin/../lib/gcc/arm-none-eabi/7.3.1/../../../../arm-none-eabi/lib/thumb/v7e-m/fpv4-sp/hard/libc_nano.a(lib_a-makebuf.o)
                0x000000000800aa00                __smakebuf_r
 .text.__malloc_lock
                0x000000000800aa80        0x2 /Applications/STM32CubeIDE.app/Contents/Eclipse/plugins/com.st.stm32cube.ide.mcu.externaltools.gnu-tools-for-stm32.7-2018-q2-update.macos64_1.0.0.201904181610/tools/bin/../lib/gcc/arm-none-eabi/7.3.1/../../../../arm-none-eabi/lib/thumb/v7e-m/fpv4-sp/hard/libc_nano.a(lib_a-mlock.o)
                0x000000000800aa80                __malloc_lock
 .text.__malloc_unlock
                0x000000000800aa82        0x2 /Applications/STM32CubeIDE.app/Contents/Eclipse/plugins/com.st.stm32cube.ide.mcu.externaltools.gnu-tools-for-stm32.7-2018-q2-update.macos64_1.0.0.201904181610/tools/bin/../lib/gcc/arm-none-eabi/7.3.1/../../../../arm-none-eabi/lib/thumb/v7e-m/fpv4-sp/hard/libc_nano.a(lib_a-mlock.o)
                0x000000000800aa82                __malloc_unlock
 .text._Balloc  0x000000000800aa84       0x68 /Applications/STM32CubeIDE.app/Contents/Eclipse/plugins/com.st.stm32cube.ide.mcu.externaltools.gnu-tools-for-stm32.7-2018-q2-update.macos64_1.0.0.201904181610/tools/bin/../lib/gcc/arm-none-eabi/7.3.1/../../../../arm-none-eabi/lib/thumb/v7e-m/fpv4-sp/hard/libc_nano.a(lib_a-mprec.o)
                0x000000000800aa84                _Balloc
 .text._Bfree   0x000000000800aaec       0x2e /Applications/STM32CubeIDE.app/Contents/Eclipse/plugins/com.st.stm32cube.ide.mcu.externaltools.gnu-tools-for-stm32.7-2018-q2-update.macos64_1.0.0.201904181610/tools/bin/../lib/gcc/arm-none-eabi/7.3.1/../../../../arm-none-eabi/lib/thumb/v7e-m/fpv4-sp/hard/libc_nano.a(lib_a-mprec.o)
                0x000000000800aaec                _Bfree
 .text.__multadd
                0x000000000800ab1a       0x76 /Applications/STM32CubeIDE.app/Contents/Eclipse/plugins/com.st.stm32cube.ide.mcu.externaltools.gnu-tools-for-stm32.7-2018-q2-update.macos64_1.0.0.201904181610/tools/bin/../lib/gcc/arm-none-eabi/7.3.1/../../../../arm-none-eabi/lib/thumb/v7e-m/fpv4-sp/hard/libc_nano.a(lib_a-mprec.o)
                0x000000000800ab1a                __multadd
 .text.__hi0bits
                0x000000000800ab90       0x3e /Applications/STM32CubeIDE.app/Contents/Eclipse/plugins/com.st.stm32cube.ide.mcu.externaltools.gnu-tools-for-stm32.7-2018-q2-update.macos64_1.0.0.201904181610/tools/bin/../lib/gcc/arm-none-eabi/7.3.1/../../../../arm-none-eabi/lib/thumb/v7e-m/fpv4-sp/hard/libc_nano.a(lib_a-mprec.o)
                0x000000000800ab90                __hi0bits
 .text.__lo0bits
                0x000000000800abce       0x5e /Applications/STM32CubeIDE.app/Contents/Eclipse/plugins/com.st.stm32cube.ide.mcu.externaltools.gnu-tools-for-stm32.7-2018-q2-update.macos64_1.0.0.201904181610/tools/bin/../lib/gcc/arm-none-eabi/7.3.1/../../../../arm-none-eabi/lib/thumb/v7e-m/fpv4-sp/hard/libc_nano.a(lib_a-mprec.o)
                0x000000000800abce                __lo0bits
 .text.__i2b    0x000000000800ac2c       0x12 /Applications/STM32CubeIDE.app/Contents/Eclipse/plugins/com.st.stm32cube.ide.mcu.externaltools.gnu-tools-for-stm32.7-2018-q2-update.macos64_1.0.0.201904181610/tools/bin/../lib/gcc/arm-none-eabi/7.3.1/../../../../arm-none-eabi/lib/thumb/v7e-m/fpv4-sp/hard/libc_nano.a(lib_a-mprec.o)
                0x000000000800ac2c                __i2b
 .text.__multiply
                0x000000000800ac3e      0x12c /Applications/STM32CubeIDE.app/Contents/Eclipse/plugins/com.st.stm32cube.ide.mcu.externaltools.gnu-tools-for-stm32.7-2018-q2-update.macos64_1.0.0.201904181610/tools/bin/../lib/gcc/arm-none-eabi/7.3.1/../../../../arm-none-eabi/lib/thumb/v7e-m/fpv4-sp/hard/libc_nano.a(lib_a-mprec.o)
                0x000000000800ac3e                __multiply
 *fill*         0x000000000800ad6a        0x2 
 .text.__pow5mult
                0x000000000800ad6c       0x9c /Applications/STM32CubeIDE.app/Contents/Eclipse/plugins/com.st.stm32cube.ide.mcu.externaltools.gnu-tools-for-stm32.7-2018-q2-update.macos64_1.0.0.201904181610/tools/bin/../lib/gcc/arm-none-eabi/7.3.1/../../../../arm-none-eabi/lib/thumb/v7e-m/fpv4-sp/hard/libc_nano.a(lib_a-mprec.o)
                0x000000000800ad6c                __pow5mult
 .text.__lshift
                0x000000000800ae08       0xa8 /Applications/STM32CubeIDE.app/Contents/Eclipse/plugins/com.st.stm32cube.ide.mcu.externaltools.gnu-tools-for-stm32.7-2018-q2-update.macos64_1.0.0.201904181610/tools/bin/../lib/gcc/arm-none-eabi/7.3.1/../../../../arm-none-eabi/lib/thumb/v7e-m/fpv4-sp/hard/libc_nano.a(lib_a-mprec.o)
                0x000000000800ae08                __lshift
 .text.__mcmp   0x000000000800aeb0       0x34 /Applications/STM32CubeIDE.app/Contents/Eclipse/plugins/com.st.stm32cube.ide.mcu.externaltools.gnu-tools-for-stm32.7-2018-q2-update.macos64_1.0.0.201904181610/tools/bin/../lib/gcc/arm-none-eabi/7.3.1/../../../../arm-none-eabi/lib/thumb/v7e-m/fpv4-sp/hard/libc_nano.a(lib_a-mprec.o)
                0x000000000800aeb0                __mcmp
 .text.__mdiff  0x000000000800aee4       0xba /Applications/STM32CubeIDE.app/Contents/Eclipse/plugins/com.st.stm32cube.ide.mcu.externaltools.gnu-tools-for-stm32.7-2018-q2-update.macos64_1.0.0.201904181610/tools/bin/../lib/gcc/arm-none-eabi/7.3.1/../../../../arm-none-eabi/lib/thumb/v7e-m/fpv4-sp/hard/libc_nano.a(lib_a-mprec.o)
                0x000000000800aee4                __mdiff
 .text.__d2b    0x000000000800af9e       0x9e /Applications/STM32CubeIDE.app/Contents/Eclipse/plugins/com.st.stm32cube.ide.mcu.externaltools.gnu-tools-for-stm32.7-2018-q2-update.macos64_1.0.0.201904181610/tools/bin/../lib/gcc/arm-none-eabi/7.3.1/../../../../arm-none-eabi/lib/thumb/v7e-m/fpv4-sp/hard/libc_nano.a(lib_a-mprec.o)
                0x000000000800af9e                __d2b
 .text.__sfputc_r
                0x000000000800b03c       0x2e /Applications/STM32CubeIDE.app/Contents/Eclipse/plugins/com.st.stm32cube.ide.mcu.externaltools.gnu-tools-for-stm32.7-2018-q2-update.macos64_1.0.0.201904181610/tools/bin/../lib/gcc/arm-none-eabi/7.3.1/../../../../arm-none-eabi/lib/thumb/v7e-m/fpv4-sp/hard/libc_nano.a(lib_a-nano-vfprintf.o)
 .text.__sfputs_r
                0x000000000800b06a       0x24 /Applications/STM32CubeIDE.app/Contents/Eclipse/plugins/com.st.stm32cube.ide.mcu.externaltools.gnu-tools-for-stm32.7-2018-q2-update.macos64_1.0.0.201904181610/tools/bin/../lib/gcc/arm-none-eabi/7.3.1/../../../../arm-none-eabi/lib/thumb/v7e-m/fpv4-sp/hard/libc_nano.a(lib_a-nano-vfprintf.o)
                0x000000000800b06a                __sfputs_r
 *fill*         0x000000000800b08e        0x2 
 .text._vfprintf_r
                0x000000000800b090      0x22c /Applications/STM32CubeIDE.app/Contents/Eclipse/plugins/com.st.stm32cube.ide.mcu.externaltools.gnu-tools-for-stm32.7-2018-q2-update.macos64_1.0.0.201904181610/tools/bin/../lib/gcc/arm-none-eabi/7.3.1/../../../../arm-none-eabi/lib/thumb/v7e-m/fpv4-sp/hard/libc_nano.a(lib_a-nano-vfprintf.o)
                0x000000000800b090                _vfiprintf_r
                0x000000000800b090                _vfprintf_r
 .text._putc_r  0x000000000800b2bc       0x6c /Applications/STM32CubeIDE.app/Contents/Eclipse/plugins/com.st.stm32cube.ide.mcu.externaltools.gnu-tools-for-stm32.7-2018-q2-update.macos64_1.0.0.201904181610/tools/bin/../lib/gcc/arm-none-eabi/7.3.1/../../../../arm-none-eabi/lib/thumb/v7e-m/fpv4-sp/hard/libc_nano.a(lib_a-putc.o)
                0x000000000800b2bc                _putc_r
 .text.__sread  0x000000000800b328       0x22 /Applications/STM32CubeIDE.app/Contents/Eclipse/plugins/com.st.stm32cube.ide.mcu.externaltools.gnu-tools-for-stm32.7-2018-q2-update.macos64_1.0.0.201904181610/tools/bin/../lib/gcc/arm-none-eabi/7.3.1/../../../../arm-none-eabi/lib/thumb/v7e-m/fpv4-sp/hard/libc_nano.a(lib_a-stdio.o)
                0x000000000800b328                __sread
 .text.__swrite
                0x000000000800b34a       0x38 /Applications/STM32CubeIDE.app/Contents/Eclipse/plugins/com.st.stm32cube.ide.mcu.externaltools.gnu-tools-for-stm32.7-2018-q2-update.macos64_1.0.0.201904181610/tools/bin/../lib/gcc/arm-none-eabi/7.3.1/../../../../arm-none-eabi/lib/thumb/v7e-m/fpv4-sp/hard/libc_nano.a(lib_a-stdio.o)
                0x000000000800b34a                __swrite
 .text.__sseek  0x000000000800b382       0x24 /Applications/STM32CubeIDE.app/Contents/Eclipse/plugins/com.st.stm32cube.ide.mcu.externaltools.gnu-tools-for-stm32.7-2018-q2-update.macos64_1.0.0.201904181610/tools/bin/../lib/gcc/arm-none-eabi/7.3.1/../../../../arm-none-eabi/lib/thumb/v7e-m/fpv4-sp/hard/libc_nano.a(lib_a-stdio.o)
                0x000000000800b382                __sseek
 .text.__sclose
                0x000000000800b3a6        0x8 /Applications/STM32CubeIDE.app/Contents/Eclipse/plugins/com.st.stm32cube.ide.mcu.externaltools.gnu-tools-for-stm32.7-2018-q2-update.macos64_1.0.0.201904181610/tools/bin/../lib/gcc/arm-none-eabi/7.3.1/../../../../arm-none-eabi/lib/thumb/v7e-m/fpv4-sp/hard/libc_nano.a(lib_a-stdio.o)
                0x000000000800b3a6                __sclose
 *fill*         0x000000000800b3ae        0x2 
 .text._write_r
                0x000000000800b3b0       0x24 /Applications/STM32CubeIDE.app/Contents/Eclipse/plugins/com.st.stm32cube.ide.mcu.externaltools.gnu-tools-for-stm32.7-2018-q2-update.macos64_1.0.0.201904181610/tools/bin/../lib/gcc/arm-none-eabi/7.3.1/../../../../arm-none-eabi/lib/thumb/v7e-m/fpv4-sp/hard/libc_nano.a(lib_a-writer.o)
                0x000000000800b3b0                _write_r
 .text._close_r
                0x000000000800b3d4       0x20 /Applications/STM32CubeIDE.app/Contents/Eclipse/plugins/com.st.stm32cube.ide.mcu.externaltools.gnu-tools-for-stm32.7-2018-q2-update.macos64_1.0.0.201904181610/tools/bin/../lib/gcc/arm-none-eabi/7.3.1/../../../../arm-none-eabi/lib/thumb/v7e-m/fpv4-sp/hard/libc_nano.a(lib_a-closer.o)
                0x000000000800b3d4                _close_r
 .text._fstat_r
                0x000000000800b3f4       0x24 /Applications/STM32CubeIDE.app/Contents/Eclipse/plugins/com.st.stm32cube.ide.mcu.externaltools.gnu-tools-for-stm32.7-2018-q2-update.macos64_1.0.0.201904181610/tools/bin/../lib/gcc/arm-none-eabi/7.3.1/../../../../arm-none-eabi/lib/thumb/v7e-m/fpv4-sp/hard/libc_nano.a(lib_a-fstatr.o)
                0x000000000800b3f4                _fstat_r
 .text._isatty_r
                0x000000000800b418       0x20 /Applications/STM32CubeIDE.app/Contents/Eclipse/plugins/com.st.stm32cube.ide.mcu.externaltools.gnu-tools-for-stm32.7-2018-q2-update.macos64_1.0.0.201904181610/tools/bin/../lib/gcc/arm-none-eabi/7.3.1/../../../../arm-none-eabi/lib/thumb/v7e-m/fpv4-sp/hard/libc_nano.a(lib_a-isattyr.o)
                0x000000000800b418                _isatty_r
 .text._lseek_r
                0x000000000800b438       0x24 /Applications/STM32CubeIDE.app/Contents/Eclipse/plugins/com.st.stm32cube.ide.mcu.externaltools.gnu-tools-for-stm32.7-2018-q2-update.macos64_1.0.0.201904181610/tools/bin/../lib/gcc/arm-none-eabi/7.3.1/../../../../arm-none-eabi/lib/thumb/v7e-m/fpv4-sp/hard/libc_nano.a(lib_a-lseekr.o)
                0x000000000800b438                _lseek_r
 .text.__ascii_mbtowc
                0x000000000800b45c       0x24 /Applications/STM32CubeIDE.app/Contents/Eclipse/plugins/com.st.stm32cube.ide.mcu.externaltools.gnu-tools-for-stm32.7-2018-q2-update.macos64_1.0.0.201904181610/tools/bin/../lib/gcc/arm-none-eabi/7.3.1/../../../../arm-none-eabi/lib/thumb/v7e-m/fpv4-sp/hard/libc_nano.a(lib_a-mbtowc_r.o)
                0x000000000800b45c                __ascii_mbtowc
 .text._read_r  0x000000000800b480       0x24 /Applications/STM32CubeIDE.app/Contents/Eclipse/plugins/com.st.stm32cube.ide.mcu.externaltools.gnu-tools-for-stm32.7-2018-q2-update.macos64_1.0.0.201904181610/tools/bin/../lib/gcc/arm-none-eabi/7.3.1/../../../../arm-none-eabi/lib/thumb/v7e-m/fpv4-sp/hard/libc_nano.a(lib_a-readr.o)
                0x000000000800b480                _read_r
 .text.__ascii_wctomb
                0x000000000800b4a4       0x1a /Applications/STM32CubeIDE.app/Contents/Eclipse/plugins/com.st.stm32cube.ide.mcu.externaltools.gnu-tools-for-stm32.7-2018-q2-update.macos64_1.0.0.201904181610/tools/bin/../lib/gcc/arm-none-eabi/7.3.1/../../../../arm-none-eabi/lib/thumb/v7e-m/fpv4-sp/hard/libc_nano.a(lib_a-wctomb_r.o)
                0x000000000800b4a4                __ascii_wctomb
 *(.glue_7)
 .glue_7        0x000000000800b4be        0x0 linker stubs
 *(.glue_7t)
 .glue_7t       0x000000000800b4be        0x0 linker stubs
 *(.eh_frame)
 *fill*         0x000000000800b4be        0x2 
 .eh_frame      0x000000000800b4c0        0x0 /Applications/STM32CubeIDE.app/Contents/Eclipse/plugins/com.st.stm32cube.ide.mcu.externaltools.gnu-tools-for-stm32.7-2018-q2-update.macos64_1.0.0.201904181610/tools/bin/../lib/gcc/arm-none-eabi/7.3.1/thumb/v7e-m/fpv4-sp/hard/crtbegin.o
 *(.init)
 .init          0x000000000800b4c0        0x4 /Applications/STM32CubeIDE.app/Contents/Eclipse/plugins/com.st.stm32cube.ide.mcu.externaltools.gnu-tools-for-stm32.7-2018-q2-update.macos64_1.0.0.201904181610/tools/bin/../lib/gcc/arm-none-eabi/7.3.1/thumb/v7e-m/fpv4-sp/hard/crti.o
                0x000000000800b4c0                _init
 .init          0x000000000800b4c4        0x8 /Applications/STM32CubeIDE.app/Contents/Eclipse/plugins/com.st.stm32cube.ide.mcu.externaltools.gnu-tools-for-stm32.7-2018-q2-update.macos64_1.0.0.201904181610/tools/bin/../lib/gcc/arm-none-eabi/7.3.1/thumb/v7e-m/fpv4-sp/hard/crtn.o
 *(.fini)
 .fini          0x000000000800b4cc        0x4 /Applications/STM32CubeIDE.app/Contents/Eclipse/plugins/com.st.stm32cube.ide.mcu.externaltools.gnu-tools-for-stm32.7-2018-q2-update.macos64_1.0.0.201904181610/tools/bin/../lib/gcc/arm-none-eabi/7.3.1/thumb/v7e-m/fpv4-sp/hard/crti.o
                0x000000000800b4cc                _fini
 .fini          0x000000000800b4d0        0x8 /Applications/STM32CubeIDE.app/Contents/Eclipse/plugins/com.st.stm32cube.ide.mcu.externaltools.gnu-tools-for-stm32.7-2018-q2-update.macos64_1.0.0.201904181610/tools/bin/../lib/gcc/arm-none-eabi/7.3.1/thumb/v7e-m/fpv4-sp/hard/crtn.o
                0x000000000800b4d8                . = ALIGN (0x4)
                0x000000000800b4d8                _etext = .

.vfp11_veneer   0x000000000800b4d8        0x0
 .vfp11_veneer  0x000000000800b4d8        0x0 linker stubs

.v4_bx          0x000000000800b4d8        0x0
 .v4_bx         0x000000000800b4d8        0x0 linker stubs

.iplt           0x000000000800b4d8        0x0
 .iplt          0x000000000800b4d8        0x0 /Applications/STM32CubeIDE.app/Contents/Eclipse/plugins/com.st.stm32cube.ide.mcu.externaltools.gnu-tools-for-stm32.7-2018-q2-update.macos64_1.0.0.201904181610/tools/bin/../lib/gcc/arm-none-eabi/7.3.1/thumb/v7e-m/fpv4-sp/hard/crtbegin.o

.rodata         0x000000000800b4d8     0x5448
                0x000000000800b4d8                . = ALIGN (0x4)
 *(.rodata)
 .rodata        0x000000000800b4d8       0x62 Core/Src/main.o
 *fill*         0x000000000800b53a        0x2 
 .rodata        0x000000000800b53c      0x33a Core/Src/nnom/nnom.o
 *(.rodata*)
 *fill*         0x000000000800b876        0x2 
 .rodata.conv2d_weights
                0x000000000800b878       0x1b Core/Src/main.o
 *fill*         0x000000000800b893        0x1 
 .rodata.conv2d_w
                0x000000000800b894        0x8 Core/Src/main.o
 .rodata.conv2d_bias
                0x000000000800b89c        0x3 Core/Src/main.o
 *fill*         0x000000000800b89f        0x1 
 .rodata.conv2d_b
                0x000000000800b8a0        0x8 Core/Src/main.o
 .rodata.conv2d_1_weights
                0x000000000800b8a8      0x1b0 Core/Src/main.o
 .rodata.conv2d_1_w
                0x000000000800ba58        0x8 Core/Src/main.o
 .rodata.conv2d_1_bias
                0x000000000800ba60       0x10 Core/Src/main.o
 .rodata.conv2d_1_b
                0x000000000800ba70        0x8 Core/Src/main.o
 .rodata.conv2d_2_weights
                0x000000000800ba78     0x1200 Core/Src/main.o
 .rodata.conv2d_2_w
                0x000000000800cc78        0x8 Core/Src/main.o
 .rodata.conv2d_2_bias
                0x000000000800cc80       0x20 Core/Src/main.o
 .rodata.conv2d_2_b
                0x000000000800cca0        0x8 Core/Src/main.o
 .rodata.conv2d_3_weights
                0x000000000800cca8     0x3600 Core/Src/main.o
 .rodata.conv2d_3_w
                0x00000000080102a8        0x8 Core/Src/main.o
 .rodata.conv2d_3_bias
                0x00000000080102b0       0x30 Core/Src/main.o
 .rodata.conv2d_3_b
                0x00000000080102e0        0x8 Core/Src/main.o
 .rodata.dense_weights
                0x00000000080102e8      0x180 Core/Src/main.o
 .rodata.dense_w
                0x0000000008010468        0x8 Core/Src/main.o
 .rodata.dense_bias
                0x0000000008010470        0x8 Core/Src/main.o
 .rodata.dense_b
                0x0000000008010478        0x8 Core/Src/main.o
 .rodata.dense_1_weights
                0x0000000008010480       0x10 Core/Src/main.o
 .rodata.dense_1_w
                0x0000000008010490        0x8 Core/Src/main.o
 .rodata.dense_1_bias
                0x0000000008010498        0x2 Core/Src/main.o
 *fill*         0x000000000801049a        0x2 
 .rodata.dense_1_b
                0x000000000801049c        0x8 Core/Src/main.o
 .rodata.AHBPrescTable
                0x00000000080104a4       0x10 Core/Src/system_stm32l4xx.o
                0x00000000080104a4                AHBPrescTable
 .rodata.APBPrescTable
                0x00000000080104b4        0x8 Core/Src/system_stm32l4xx.o
                0x00000000080104b4                APBPrescTable
 .rodata.MSIRangeTable
                0x00000000080104bc       0x30 Core/Src/system_stm32l4xx.o
                0x00000000080104bc                MSIRangeTable
 .rodata.default_layer_names
                0x00000000080104ec      0x15c Core/Src/nnom/nnom.o
                0x00000000080104ec                default_layer_names
 .rodata.default_activation_names
                0x0000000008010648       0x18 Core/Src/nnom/nnom.o
                0x0000000008010648                default_activation_names
 .rodata._global_impure_ptr
                0x0000000008010660        0x4 /Applications/STM32CubeIDE.app/Contents/Eclipse/plugins/com.st.stm32cube.ide.mcu.externaltools.gnu-tools-for-stm32.7-2018-q2-update.macos64_1.0.0.201904181610/tools/bin/../lib/gcc/arm-none-eabi/7.3.1/../../../../arm-none-eabi/lib/thumb/v7e-m/fpv4-sp/hard/libc_nano.a(lib_a-impure.o)
                0x0000000008010660                _global_impure_ptr
 .rodata._printf_float.str1.1
                0x0000000008010664       0x12 /Applications/STM32CubeIDE.app/Contents/Eclipse/plugins/com.st.stm32cube.ide.mcu.externaltools.gnu-tools-for-stm32.7-2018-q2-update.macos64_1.0.0.201904181610/tools/bin/../lib/gcc/arm-none-eabi/7.3.1/../../../../arm-none-eabi/lib/thumb/v7e-m/fpv4-sp/hard/libc_nano.a(lib_a-nano-vfprintf_float.o)
 .rodata._printf_i.str1.1
                0x0000000008010676       0x22 /Applications/STM32CubeIDE.app/Contents/Eclipse/plugins/com.st.stm32cube.ide.mcu.externaltools.gnu-tools-for-stm32.7-2018-q2-update.macos64_1.0.0.201904181610/tools/bin/../lib/gcc/arm-none-eabi/7.3.1/../../../../arm-none-eabi/lib/thumb/v7e-m/fpv4-sp/hard/libc_nano.a(lib_a-nano-vfprintf_i.o)
 .rodata._dtoa_r.str1.1
                0x0000000008010698        0xd /Applications/STM32CubeIDE.app/Contents/Eclipse/plugins/com.st.stm32cube.ide.mcu.externaltools.gnu-tools-for-stm32.7-2018-q2-update.macos64_1.0.0.201904181610/tools/bin/../lib/gcc/arm-none-eabi/7.3.1/../../../../arm-none-eabi/lib/thumb/v7e-m/fpv4-sp/hard/libc_nano.a(lib_a-dtoa.o)
                                          0xf (size before relaxing)
 *fill*         0x00000000080106a5        0x3 
 .rodata.__sf_fake_stderr
                0x00000000080106a8       0x20 /Applications/STM32CubeIDE.app/Contents/Eclipse/plugins/com.st.stm32cube.ide.mcu.externaltools.gnu-tools-for-stm32.7-2018-q2-update.macos64_1.0.0.201904181610/tools/bin/../lib/gcc/arm-none-eabi/7.3.1/../../../../arm-none-eabi/lib/thumb/v7e-m/fpv4-sp/hard/libc_nano.a(lib_a-findfp.o)
                0x00000000080106a8                __sf_fake_stderr
 .rodata.__sf_fake_stdin
                0x00000000080106c8       0x20 /Applications/STM32CubeIDE.app/Contents/Eclipse/plugins/com.st.stm32cube.ide.mcu.externaltools.gnu-tools-for-stm32.7-2018-q2-update.macos64_1.0.0.201904181610/tools/bin/../lib/gcc/arm-none-eabi/7.3.1/../../../../arm-none-eabi/lib/thumb/v7e-m/fpv4-sp/hard/libc_nano.a(lib_a-findfp.o)
                0x00000000080106c8                __sf_fake_stdin
 .rodata.__sf_fake_stdout
                0x00000000080106e8       0x20 /Applications/STM32CubeIDE.app/Contents/Eclipse/plugins/com.st.stm32cube.ide.mcu.externaltools.gnu-tools-for-stm32.7-2018-q2-update.macos64_1.0.0.201904181610/tools/bin/../lib/gcc/arm-none-eabi/7.3.1/../../../../arm-none-eabi/lib/thumb/v7e-m/fpv4-sp/hard/libc_nano.a(lib_a-findfp.o)
                0x00000000080106e8                __sf_fake_stdout
 .rodata.__mprec_bigtens
                0x0000000008010708       0x28 /Applications/STM32CubeIDE.app/Contents/Eclipse/plugins/com.st.stm32cube.ide.mcu.externaltools.gnu-tools-for-stm32.7-2018-q2-update.macos64_1.0.0.201904181610/tools/bin/../lib/gcc/arm-none-eabi/7.3.1/../../../../arm-none-eabi/lib/thumb/v7e-m/fpv4-sp/hard/libc_nano.a(lib_a-mprec.o)
                0x0000000008010708                __mprec_bigtens
 .rodata.__mprec_tens
                0x0000000008010730       0xc8 /Applications/STM32CubeIDE.app/Contents/Eclipse/plugins/com.st.stm32cube.ide.mcu.externaltools.gnu-tools-for-stm32.7-2018-q2-update.macos64_1.0.0.201904181610/tools/bin/../lib/gcc/arm-none-eabi/7.3.1/../../../../arm-none-eabi/lib/thumb/v7e-m/fpv4-sp/hard/libc_nano.a(lib_a-mprec.o)
                0x0000000008010730                __mprec_tens
 .rodata.p05.7359
                0x00000000080107f8        0xc /Applications/STM32CubeIDE.app/Contents/Eclipse/plugins/com.st.stm32cube.ide.mcu.externaltools.gnu-tools-for-stm32.7-2018-q2-update.macos64_1.0.0.201904181610/tools/bin/../lib/gcc/arm-none-eabi/7.3.1/../../../../arm-none-eabi/lib/thumb/v7e-m/fpv4-sp/hard/libc_nano.a(lib_a-mprec.o)
 .rodata._vfprintf_r.str1.1
                0x0000000008010804       0x11 /Applications/STM32CubeIDE.app/Contents/Eclipse/plugins/com.st.stm32cube.ide.mcu.externaltools.gnu-tools-for-stm32.7-2018-q2-update.macos64_1.0.0.201904181610/tools/bin/../lib/gcc/arm-none-eabi/7.3.1/../../../../arm-none-eabi/lib/thumb/v7e-m/fpv4-sp/hard/libc_nano.a(lib_a-nano-vfprintf.o)
 .rodata._setlocale_r.str1.1
                0x0000000008010815        0x8 /Applications/STM32CubeIDE.app/Contents/Eclipse/plugins/com.st.stm32cube.ide.mcu.externaltools.gnu-tools-for-stm32.7-2018-q2-update.macos64_1.0.0.201904181610/tools/bin/../lib/gcc/arm-none-eabi/7.3.1/../../../../arm-none-eabi/lib/thumb/v7e-m/fpv4-sp/hard/libc_nano.a(lib_a-locale.o)
                                          0x9 (size before relaxing)
 .rodata.str1.1
                0x000000000801081d        0x2 /Applications/STM32CubeIDE.app/Contents/Eclipse/plugins/com.st.stm32cube.ide.mcu.externaltools.gnu-tools-for-stm32.7-2018-q2-update.macos64_1.0.0.201904181610/tools/bin/../lib/gcc/arm-none-eabi/7.3.1/../../../../arm-none-eabi/lib/thumb/v7e-m/fpv4-sp/hard/libc_nano.a(lib_a-locale.o)
 .rodata._ctype_
                0x000000000801081f      0x101 /Applications/STM32CubeIDE.app/Contents/Eclipse/plugins/com.st.stm32cube.ide.mcu.externaltools.gnu-tools-for-stm32.7-2018-q2-update.macos64_1.0.0.201904181610/tools/bin/../lib/gcc/arm-none-eabi/7.3.1/../../../../arm-none-eabi/lib/thumb/v7e-m/fpv4-sp/hard/libc_nano.a(lib_a-ctype_.o)
                0x000000000801081f                _ctype_
                0x0000000008010920                . = ALIGN (0x4)

.rel.dyn        0x0000000008010920        0x0
 .rel.iplt      0x0000000008010920        0x0 /Applications/STM32CubeIDE.app/Contents/Eclipse/plugins/com.st.stm32cube.ide.mcu.externaltools.gnu-tools-for-stm32.7-2018-q2-update.macos64_1.0.0.201904181610/tools/bin/../lib/gcc/arm-none-eabi/7.3.1/thumb/v7e-m/fpv4-sp/hard/crtbegin.o

.ARM.extab      0x0000000008010920        0x0
                0x0000000008010920                . = ALIGN (0x4)
 *(.ARM.extab* .gnu.linkonce.armextab.*)
                0x0000000008010920                . = ALIGN (0x4)

.ARM            0x0000000008010920        0x0
                0x0000000008010920                . = ALIGN (0x4)
                0x0000000008010920                __exidx_start = .
 *(.ARM.exidx*)
                0x0000000008010920                __exidx_end = .
                0x0000000008010920                . = ALIGN (0x4)

.preinit_array  0x0000000008010920        0x0
                0x0000000008010920                . = ALIGN (0x4)
                0x0000000008010920                PROVIDE (__preinit_array_start = .)
 *(.preinit_array*)
                0x0000000008010920                PROVIDE (__preinit_array_end = .)
                0x0000000008010920                . = ALIGN (0x4)

.init_array     0x0000000008010920        0x4
                0x0000000008010920                . = ALIGN (0x4)
                0x0000000008010920                PROVIDE (__init_array_start = .)
 *(SORT_BY_NAME(.init_array.*))
 *(.init_array*)
 .init_array    0x0000000008010920        0x4 /Applications/STM32CubeIDE.app/Contents/Eclipse/plugins/com.st.stm32cube.ide.mcu.externaltools.gnu-tools-for-stm32.7-2018-q2-update.macos64_1.0.0.201904181610/tools/bin/../lib/gcc/arm-none-eabi/7.3.1/thumb/v7e-m/fpv4-sp/hard/crtbegin.o
                0x0000000008010924                PROVIDE (__init_array_end = .)
                0x0000000008010924                . = ALIGN (0x4)

.fini_array     0x0000000008010924        0x4
                0x0000000008010924                . = ALIGN (0x4)
                [!provide]                        PROVIDE (__fini_array_start = .)
 *(SORT_BY_NAME(.fini_array.*))
 *(.fini_array*)
 .fini_array    0x0000000008010924        0x4 /Applications/STM32CubeIDE.app/Contents/Eclipse/plugins/com.st.stm32cube.ide.mcu.externaltools.gnu-tools-for-stm32.7-2018-q2-update.macos64_1.0.0.201904181610/tools/bin/../lib/gcc/arm-none-eabi/7.3.1/thumb/v7e-m/fpv4-sp/hard/crtbegin.o
                [!provide]                        PROVIDE (__fini_array_end = .)
                0x0000000008010928                . = ALIGN (0x4)
                0x0000000008010928                _sidata = LOADADDR (.data)

.data           0x0000000020000000      0x1dc load address 0x0000000008010928
                0x0000000020000000                . = ALIGN (0x4)
                0x0000000020000000                _sdata = .
 *(.data)
 *(.data*)
 .data.SystemCoreClock
                0x0000000020000000        0x4 Core/Src/system_stm32l4xx.o
                0x0000000020000000                SystemCoreClock
 .data.uwTickPrio
                0x0000000020000004        0x4 Drivers/STM32L4xx_HAL_Driver/Src/stm32l4xx_hal.o
                0x0000000020000004                uwTickPrio
 .data.uwTickFreq
                0x0000000020000008        0x4 Drivers/STM32L4xx_HAL_Driver/Src/stm32l4xx_hal.o
                0x0000000020000008                uwTickFreq
 .data._impure_ptr
                0x000000002000000c        0x4 /Applications/STM32CubeIDE.app/Contents/Eclipse/plugins/com.st.stm32cube.ide.mcu.externaltools.gnu-tools-for-stm32.7-2018-q2-update.macos64_1.0.0.201904181610/tools/bin/../lib/gcc/arm-none-eabi/7.3.1/../../../../arm-none-eabi/lib/thumb/v7e-m/fpv4-sp/hard/libc_nano.a(lib_a-impure.o)
                0x000000002000000c                _impure_ptr
 .data.impure_data
                0x0000000020000010       0x60 /Applications/STM32CubeIDE.app/Contents/Eclipse/plugins/com.st.stm32cube.ide.mcu.externaltools.gnu-tools-for-stm32.7-2018-q2-update.macos64_1.0.0.201904181610/tools/bin/../lib/gcc/arm-none-eabi/7.3.1/../../../../arm-none-eabi/lib/thumb/v7e-m/fpv4-sp/hard/libc_nano.a(lib_a-impure.o)
 .data.__global_locale
                0x0000000020000070      0x16c /Applications/STM32CubeIDE.app/Contents/Eclipse/plugins/com.st.stm32cube.ide.mcu.externaltools.gnu-tools-for-stm32.7-2018-q2-update.macos64_1.0.0.201904181610/tools/bin/../lib/gcc/arm-none-eabi/7.3.1/../../../../arm-none-eabi/lib/thumb/v7e-m/fpv4-sp/hard/libc_nano.a(lib_a-locale.o)
                0x0000000020000070                __global_locale
                0x00000000200001dc                . = ALIGN (0x4)
                0x00000000200001dc                _edata = .

.igot.plt       0x00000000200001dc        0x0 load address 0x0000000008010b04
 .igot.plt      0x00000000200001dc        0x0 /Applications/STM32CubeIDE.app/Contents/Eclipse/plugins/com.st.stm32cube.ide.mcu.externaltools.gnu-tools-for-stm32.7-2018-q2-update.macos64_1.0.0.201904181610/tools/bin/../lib/gcc/arm-none-eabi/7.3.1/thumb/v7e-m/fpv4-sp/hard/crtbegin.o
                0x00000000200001dc                . = ALIGN (0x4)

.bss            0x00000000200001dc      0x908 load address 0x0000000008010b04
                0x00000000200001dc                _sbss = .
                0x00000000200001dc                __bss_start__ = _sbss
 *(.bss)
 .bss           0x00000000200001dc       0x1c /Applications/STM32CubeIDE.app/Contents/Eclipse/plugins/com.st.stm32cube.ide.mcu.externaltools.gnu-tools-for-stm32.7-2018-q2-update.macos64_1.0.0.201904181610/tools/bin/../lib/gcc/arm-none-eabi/7.3.1/thumb/v7e-m/fpv4-sp/hard/crtbegin.o
 *(.bss*)
 .bss.DWT_CYCCNT
                0x00000000200001f8        0x4 Core/Src/CycleCounter.o
 .bss.DWT_CONTROL
                0x00000000200001fc        0x4 Core/Src/CycleCounter.o
 .bss.SCB_DEMCR
                0x0000000020000200        0x4 Core/Src/CycleCounter.o
 .bss.nnom_input_data
                0x0000000020000204      0x7ec Core/Src/main.o
 .bss.nnom_output_data
                0x00000000200009f0        0x2 Core/Src/main.o
 *fill*         0x00000000200009f2        0x2 
 .bss.model.13311
                0x00000000200009f4       0x88 Core/Src/main.o
 .bss.heap_end.6424
                0x0000000020000a7c        0x4 Core/Src/sysmem.o
 .bss.nnom_memory_taken
                0x0000000020000a80        0x4 Core/Src/nnom/nnom.o
                0x0000000020000a80                nnom_memory_taken
 .bss.__malloc_free_list
                0x0000000020000a84        0x4 /Applications/STM32CubeIDE.app/Contents/Eclipse/plugins/com.st.stm32cube.ide.mcu.externaltools.gnu-tools-for-stm32.7-2018-q2-update.macos64_1.0.0.201904181610/tools/bin/../lib/gcc/arm-none-eabi/7.3.1/../../../../arm-none-eabi/lib/thumb/v7e-m/fpv4-sp/hard/libc_nano.a(lib_a-nano-mallocr.o)
                0x0000000020000a84                __malloc_free_list
 .bss.__malloc_sbrk_start
                0x0000000020000a88        0x4 /Applications/STM32CubeIDE.app/Contents/Eclipse/plugins/com.st.stm32cube.ide.mcu.externaltools.gnu-tools-for-stm32.7-2018-q2-update.macos64_1.0.0.201904181610/tools/bin/../lib/gcc/arm-none-eabi/7.3.1/../../../../arm-none-eabi/lib/thumb/v7e-m/fpv4-sp/hard/libc_nano.a(lib_a-nano-mallocr.o)
                0x0000000020000a88                __malloc_sbrk_start
 *(COMMON)
 COMMON         0x0000000020000a8c       0x50 Core/Src/main.o
                0x0000000020000a8c                husart1
 COMMON         0x0000000020000adc        0x4 Drivers/STM32L4xx_HAL_Driver/Src/stm32l4xx_hal.o
                0x0000000020000adc                uwTick
 COMMON         0x0000000020000ae0        0x4 /Applications/STM32CubeIDE.app/Contents/Eclipse/plugins/com.st.stm32cube.ide.mcu.externaltools.gnu-tools-for-stm32.7-2018-q2-update.macos64_1.0.0.201904181610/tools/bin/../lib/gcc/arm-none-eabi/7.3.1/../../../../arm-none-eabi/lib/thumb/v7e-m/fpv4-sp/hard/libc_nano.a(lib_a-reent.o)
                0x0000000020000ae0                errno
                0x0000000020000ae4                . = ALIGN (0x4)
                0x0000000020000ae4                _ebss = .
                0x0000000020000ae4                __bss_end__ = _ebss

._user_heap_stack
                0x0000000020000ae4      0x604 load address 0x0000000008010b04
                0x0000000020000ae8                . = ALIGN (0x8)
 *fill*         0x0000000020000ae4        0x4 
                0x0000000020000ae8                PROVIDE (end = .)
                [!provide]                        PROVIDE (_end = .)
                0x0000000020000ce8                . = (. + _Min_Heap_Size)
 *fill*         0x0000000020000ae8      0x200 
                0x00000000200010e8                . = (. + _Min_Stack_Size)
 *fill*         0x0000000020000ce8      0x400 
                0x00000000200010e8                . = ALIGN (0x8)

/DISCARD/
 libc.a(*)
 libm.a(*)
 libgcc.a(*)

.ARM.attributes
                0x0000000000000000       0x2e
 *(.ARM.attributes)
 .ARM.attributes
                0x0000000000000000       0x22 /Applications/STM32CubeIDE.app/Contents/Eclipse/plugins/com.st.stm32cube.ide.mcu.externaltools.gnu-tools-for-stm32.7-2018-q2-update.macos64_1.0.0.201904181610/tools/bin/../lib/gcc/arm-none-eabi/7.3.1/thumb/v7e-m/fpv4-sp/hard/crti.o
 .ARM.attributes
                0x0000000000000022       0x34 /Applications/STM32CubeIDE.app/Contents/Eclipse/plugins/com.st.stm32cube.ide.mcu.externaltools.gnu-tools-for-stm32.7-2018-q2-update.macos64_1.0.0.201904181610/tools/bin/../lib/gcc/arm-none-eabi/7.3.1/thumb/v7e-m/fpv4-sp/hard/crtbegin.o
 .ARM.attributes
                0x0000000000000056       0x39 Core/Src/CycleCounter.o
 .ARM.attributes
                0x000000000000008f       0x39 Core/Src/main.o
 .ARM.attributes
                0x00000000000000c8       0x39 Core/Src/stm32l4xx_hal_msp.o
 .ARM.attributes
                0x0000000000000101       0x39 Core/Src/stm32l4xx_it.o
 .ARM.attributes
                0x000000000000013a       0x39 Core/Src/syscalls.o
 .ARM.attributes
                0x0000000000000173       0x39 Core/Src/sysmem.o
 .ARM.attributes
                0x00000000000001ac       0x39 Core/Src/system_stm32l4xx.o
 .ARM.attributes
                0x00000000000001e5       0x39 Core/Src/nnom/nnom.o
 .ARM.attributes
                0x000000000000021e       0x39 Core/Src/nnom/nnom_activation.o
 .ARM.attributes
                0x0000000000000257       0x39 Core/Src/nnom/nnom_avgpool.o
 .ARM.attributes
                0x0000000000000290       0x39 Core/Src/nnom/nnom_baselayer.o
 .ARM.attributes
                0x00000000000002c9       0x39 Core/Src/nnom/nnom_conv2d.o
 .ARM.attributes
                0x0000000000000302       0x39 Core/Src/nnom/nnom_dense.o
 .ARM.attributes
                0x000000000000033b       0x39 Core/Src/nnom/nnom_global_pool.o
 .ARM.attributes
                0x0000000000000374       0x39 Core/Src/nnom/nnom_input.o
 .ARM.attributes
                0x00000000000003ad       0x39 Core/Src/nnom/nnom_layers.o
 .ARM.attributes
                0x00000000000003e6       0x39 Core/Src/nnom/nnom_local.o
 .ARM.attributes
                0x000000000000041f       0x39 Core/Src/nnom/nnom_maxpool.o
 .ARM.attributes
                0x0000000000000458       0x39 Core/Src/nnom/nnom_output.o
 .ARM.attributes
                0x0000000000000491       0x39 Core/Src/nnom/nnom_softmax.o
 .ARM.attributes
                0x00000000000004ca       0x39 Core/Src/nnom/nnom_tensor.o
 .ARM.attributes
                0x0000000000000503       0x39 Core/Src/nnom/nnom_utils.o
 .ARM.attributes
                0x000000000000053c       0x21 Core/Startup/startup_stm32l475vgtx.o
 .ARM.attributes
                0x000000000000055d       0x39 Drivers/STM32L4xx_HAL_Driver/Src/stm32l4xx_hal.o
 .ARM.attributes
                0x0000000000000596       0x39 Drivers/STM32L4xx_HAL_Driver/Src/stm32l4xx_hal_cortex.o
 .ARM.attributes
                0x00000000000005cf       0x39 Drivers/STM32L4xx_HAL_Driver/Src/stm32l4xx_hal_gpio.o
 .ARM.attributes
                0x0000000000000608       0x39 Drivers/STM32L4xx_HAL_Driver/Src/stm32l4xx_hal_pwr_ex.o
 .ARM.attributes
                0x0000000000000641       0x39 Drivers/STM32L4xx_HAL_Driver/Src/stm32l4xx_hal_rcc.o
 .ARM.attributes
                0x000000000000067a       0x39 Drivers/STM32L4xx_HAL_Driver/Src/stm32l4xx_hal_rcc_ex.o
 .ARM.attributes
                0x00000000000006b3       0x39 Drivers/STM32L4xx_HAL_Driver/Src/stm32l4xx_hal_usart.o
 .ARM.attributes
                0x00000000000006ec       0x37 .././Libs/libarm_cortexM4lf_nn.a(arm_relu_q7.o)
 .ARM.attributes
                0x0000000000000723       0x37 .././Libs/libarm_cortexM4lf_nn.a(arm_convolve_1x1_HWC_q7_fast_nonsquare.o)
 .ARM.attributes
                0x000000000000075a       0x37 .././Libs/libarm_cortexM4lf_nn.a(arm_convolve_HWC_q7_RGB.o)
 .ARM.attributes
                0x0000000000000791       0x37 .././Libs/libarm_cortexM4lf_nn.a(arm_convolve_HWC_q7_basic.o)
 .ARM.attributes
                0x00000000000007c8       0x37 .././Libs/libarm_cortexM4lf_nn.a(arm_convolve_HWC_q7_basic_nonsquare.o)
 .ARM.attributes
                0x00000000000007ff       0x37 .././Libs/libarm_cortexM4lf_nn.a(arm_convolve_HWC_q7_fast.o)
 .ARM.attributes
                0x0000000000000836       0x37 .././Libs/libarm_cortexM4lf_nn.a(arm_convolve_HWC_q7_fast_nonsquare.o)
 .ARM.attributes
                0x000000000000086d       0x37 .././Libs/libarm_cortexM4lf_nn.a(arm_nn_mat_mult_kernel_q7_q15.o)
 .ARM.attributes
                0x00000000000008a4       0x37 .././Libs/libarm_cortexM4lf_nn.a(arm_nn_mat_mult_kernel_q7_q15_reordered.o)
 .ARM.attributes
                0x00000000000008db       0x37 .././Libs/libarm_cortexM4lf_nn.a(arm_fully_connected_q7_opt.o)
 .ARM.attributes
                0x0000000000000912       0x37 .././Libs/libarm_cortexM4lf_nn.a(arm_q7_to_q15_no_shift.o)
 .ARM.attributes
                0x0000000000000949       0x37 .././Libs/libarm_cortexM4lf_nn.a(arm_q7_to_q15_reordered_no_shift.o)
 .ARM.attributes
                0x0000000000000980       0x37 .././Libs/libarm_cortexM4lf_nn.a(arm_pool_q7_HWC.o)
 .ARM.attributes
                0x00000000000009b7       0x37 .././Libs/libarm_cortexM4lf_nn.a(arm_softmax_q7.o)
 .ARM.attributes
                0x00000000000009ee       0x34 /Applications/STM32CubeIDE.app/Contents/Eclipse/plugins/com.st.stm32cube.ide.mcu.externaltools.gnu-tools-for-stm32.7-2018-q2-update.macos64_1.0.0.201904181610/tools/bin/../lib/gcc/arm-none-eabi/7.3.1/../../../../arm-none-eabi/lib/thumb/v7e-m/fpv4-sp/hard/libc_nano.a(lib_a-calloc.o)
 .ARM.attributes
                0x0000000000000a22       0x34 /Applications/STM32CubeIDE.app/Contents/Eclipse/plugins/com.st.stm32cube.ide.mcu.externaltools.gnu-tools-for-stm32.7-2018-q2-update.macos64_1.0.0.201904181610/tools/bin/../lib/gcc/arm-none-eabi/7.3.1/../../../../arm-none-eabi/lib/thumb/v7e-m/fpv4-sp/hard/libc_nano.a(lib_a-errno.o)
 .ARM.attributes
                0x0000000000000a56       0x34 /Applications/STM32CubeIDE.app/Contents/Eclipse/plugins/com.st.stm32cube.ide.mcu.externaltools.gnu-tools-for-stm32.7-2018-q2-update.macos64_1.0.0.201904181610/tools/bin/../lib/gcc/arm-none-eabi/7.3.1/../../../../arm-none-eabi/lib/thumb/v7e-m/fpv4-sp/hard/libc_nano.a(lib_a-impure.o)
 .ARM.attributes
                0x0000000000000a8a       0x34 /Applications/STM32CubeIDE.app/Contents/Eclipse/plugins/com.st.stm32cube.ide.mcu.externaltools.gnu-tools-for-stm32.7-2018-q2-update.macos64_1.0.0.201904181610/tools/bin/../lib/gcc/arm-none-eabi/7.3.1/../../../../arm-none-eabi/lib/thumb/v7e-m/fpv4-sp/hard/libc_nano.a(lib_a-init.o)
 .ARM.attributes
                0x0000000000000abe       0x34 /Applications/STM32CubeIDE.app/Contents/Eclipse/plugins/com.st.stm32cube.ide.mcu.externaltools.gnu-tools-for-stm32.7-2018-q2-update.macos64_1.0.0.201904181610/tools/bin/../lib/gcc/arm-none-eabi/7.3.1/../../../../arm-none-eabi/lib/thumb/v7e-m/fpv4-sp/hard/libc_nano.a(lib_a-malloc.o)
 .ARM.attributes
                0x0000000000000af2       0x34 /Applications/STM32CubeIDE.app/Contents/Eclipse/plugins/com.st.stm32cube.ide.mcu.externaltools.gnu-tools-for-stm32.7-2018-q2-update.macos64_1.0.0.201904181610/tools/bin/../lib/gcc/arm-none-eabi/7.3.1/../../../../arm-none-eabi/lib/thumb/v7e-m/fpv4-sp/hard/libc_nano.a(lib_a-memcpy-stub.o)
 .ARM.attributes
                0x0000000000000b26       0x34 /Applications/STM32CubeIDE.app/Contents/Eclipse/plugins/com.st.stm32cube.ide.mcu.externaltools.gnu-tools-for-stm32.7-2018-q2-update.macos64_1.0.0.201904181610/tools/bin/../lib/gcc/arm-none-eabi/7.3.1/../../../../arm-none-eabi/lib/thumb/v7e-m/fpv4-sp/hard/libc_nano.a(lib_a-memmove.o)
 .ARM.attributes