Component: ARM Compiler 5.06 update 6 (build 750) Tool: armlink [4d35ed]

==============================================================================

Section Cross References

    main.o(i.MX_USART1_Init) refers to stm32l4xx_hal_usart.o(i.HAL_USART_Init) for HAL_USART_Init
    main.o(i.MX_USART1_Init) refers to main.o(i.Error_Handler) for Error_Handler
    main.o(i.MX_USART1_Init) refers to main.o(.bss) for husart1
    main.o(i.SystemClock_Config) refers to memseta.o(.text) for __aeabi_memclr4
    main.o(i.SystemClock_Config) refers to stm32l4xx_hal_rcc.o(i.HAL_RCC_OscConfig) for HAL_RCC_OscConfig
    main.o(i.SystemClock_Config) refers to main.o(i.Error_Handler) for Error_Handler
    main.o(i.SystemClock_Config) refers to stm32l4xx_hal_rcc.o(i.HAL_RCC_ClockConfig) for HAL_RCC_ClockConfig
    main.o(i.SystemClock_Config) refers to stm32l4xx_hal_rcc_ex.o(i.HAL_RCCEx_PeriphCLKConfig) for HAL_RCCEx_PeriphCLKConfig
    main.o(i.SystemClock_Config) refers to stm32l4xx_hal_pwr_ex.o(i.HAL_PWREx_ControlVoltageScaling) for HAL_PWREx_ControlVoltageScaling
    main.o(i.fgetc) refers to stm32l4xx_hal_usart.o(i.HAL_USART_Receive) for HAL_USART_Receive
    main.o(i.fgetc) refers to main.o(.bss) for husart1
    main.o(i.fputc) refers to stm32l4xx_hal_usart.o(i.HAL_USART_Transmit) for HAL_USART_Transmit
    main.o(i.fputc) refers to main.o(.bss) for husart1
    main.o(i.main) refers to stm32l4xx_hal.o(i.HAL_Init) for HAL_Init
    main.o(i.main) refers to main.o(i.SystemClock_Config) for SystemClock_Config
    main.o(i.main) refers to main.o(i.MX_GPIO_Init) for MX_GPIO_Init
    main.o(i.main) refers to main.o(i.MX_USART1_Init) for MX_USART1_Init
    main.o(i.main) refers to printfa.o(i.__0printf) for __2printf
    main.o(i.main) refers to main.o(i.nnom_model_create) for nnom_model_create
    main.o(i.main) refers to calloc.o(.text) for calloc
    main.o(i.main) refers to memmovea.o(.text) for __aeabi_memcpy
    main.o(i.main) refers to cyclecounter.o(i.ResetTimer) for ResetTimer
    main.o(i.main) refers to cyclecounter.o(i.StartTimer) for StartTimer
    main.o(i.main) refers to nnom_utils.o(i.nnom_predict) for nnom_predict
    main.o(i.main) refers to cyclecounter.o(i.StopTimer) for StopTimer
    main.o(i.main) refers to cyclecounter.o(i.getCycles) for getCycles
    main.o(i.main) refers to f2d.o(.text) for __aeabi_f2d
    main.o(i.main) refers to main.o(.bss) for nnom_input_data
    main.o(i.main) refers to main.o(.conststring) for .conststring
    main.o(i.nnom_model_create) refers to nnom.o(i.new_model) for new_model
    main.o(i.nnom_model_create) refers to nnom_layers.o(i.shape) for shape
    main.o(i.nnom_model_create) refers to nnom_input.o(i.Input) for Input
    main.o(i.nnom_model_create) refers to nnom_layers.o(i.stride) for stride
    main.o(i.nnom_model_create) refers to nnom_layers.o(i.kernel) for kernel
    main.o(i.nnom_model_create) refers to nnom_conv2d.o(i.Conv2D) for Conv2D
    main.o(i.nnom_model_create) refers to nnom_activation.o(i.act_relu) for act_relu
    main.o(i.nnom_model_create) refers to nnom_maxpool.o(i.MaxPool) for MaxPool
    main.o(i.nnom_model_create) refers to nnom_global_pool.o(i.GlobalAvgPool) for GlobalAvgPool
    main.o(i.nnom_model_create) refers to nnom_dense.o(i.Dense) for Dense
    main.o(i.nnom_model_create) refers to nnom_softmax.o(i.Softmax) for Softmax
    main.o(i.nnom_model_create) refers to nnom_output.o(i.Output) for Output
    main.o(i.nnom_model_create) refers to nnom.o(i.model_compile) for model_compile
    main.o(i.nnom_model_create) refers to main.o(.bss) for model
    main.o(i.nnom_model_create) refers to main.o(.constdata) for conv2d_b
    main.o(i.nnom_model_create) refers to main.o(.data) for nnom_output_data
    stm32l4xx_it.o(i.SysTick_Handler) refers to stm32l4xx_hal.o(i.HAL_IncTick) for HAL_IncTick
    stm32l4xx_hal_msp.o(i.HAL_USART_MspDeInit) refers to stm32l4xx_hal_gpio.o(i.HAL_GPIO_DeInit) for HAL_GPIO_DeInit
    stm32l4xx_hal_msp.o(i.HAL_USART_MspInit) refers to memseta.o(.text) for __aeabi_memclr4
    stm32l4xx_hal_msp.o(i.HAL_USART_MspInit) refers to stm32l4xx_hal_gpio.o(i.HAL_GPIO_Init) for HAL_GPIO_Init
    cyclecounter.o(i.ResetTimer) refers to cyclecounter.o(.data) for DWT_CYCCNT
    cyclecounter.o(i.StartTimer) refers to cyclecounter.o(.data) for DWT_CONTROL
    cyclecounter.o(i.StopTimer) refers to cyclecounter.o(.data) for DWT_CONTROL
    cyclecounter.o(i.getCycles) refers to cyclecounter.o(.data) for DWT_CYCCNT
    stm32l4xx_hal_usart.o(i.HAL_USART_Abort) refers to stm32l4xx_hal_dma.o(i.HAL_DMA_Abort) for HAL_DMA_Abort
    stm32l4xx_hal_usart.o(i.HAL_USART_Abort) refers to stm32l4xx_hal_dma.o(i.HAL_DMA_GetError) for HAL_DMA_GetError
    stm32l4xx_hal_usart.o(i.HAL_USART_Abort_IT) refers to stm32l4xx_hal_dma.o(i.HAL_DMA_Abort_IT) for HAL_DMA_Abort_IT
[...]
    RTE\\Device\\STM32L475VGTx\\system_stm32l4xx.c 0x00000000   Number         0  system_stm32l4xx.o ABSOLUTE
    arm_add_q7.c                             0x00000000   Number         0  arm_add_q7.o ABSOLUTE
    arm_mult_q7.c                            0x00000000   Number         0  arm_mult_q7.o ABSOLUTE
    arm_sub_q7.c                             0x00000000   Number         0  arm_sub_q7.o ABSOLUTE
    cdrcmple.s                               0x00000000   Number         0  cdrcmple.o ABSOLUTE
    dc.s                                     0x00000000   Number         0  dc.o ABSOLUTE
    handlers.s                               0x00000000   Number         0  handlers.o ABSOLUTE
    init.s                                   0x00000000   Number         0  init.o ABSOLUTE
    nnom-master\\src\\layers\\nnom_activation.c 0x00000000   Number         0  nnom_activation.o ABSOLUTE
    nnom-master\\src\\layers\\nnom_avgpool.c 0x00000000   Number         0  nnom_avgpool.o ABSOLUTE
    nnom-master\\src\\layers\\nnom_conv2d.c  0x00000000   Number         0  nnom_conv2d.o ABSOLUTE
    nnom-master\\src\\layers\\nnom_dense.c   0x00000000   Number         0  nnom_dense.o ABSOLUTE
    nnom-master\\src\\layers\\nnom_dw_conv2d.c 0x00000000   Number         0  nnom_dw_conv2d.o ABSOLUTE
    nnom-master\\src\\layers\\nnom_matrix.c  0x00000000   Number         0  nnom_matrix.o ABSOLUTE
    nnom-master\\src\\layers\\nnom_maxpool.c 0x00000000   Number         0  nnom_maxpool.o ABSOLUTE
    nnom-master\\src\\layers\\nnom_softmax.c 0x00000000   Number         0  nnom_softmax.o ABSOLUTE
    nnom-master\src\backends\nnom_local.c    0x00000000   Number         0  nnom_local.o ABSOLUTE
    nnom-master\src\core\nnom.c              0x00000000   Number         0  nnom.o ABSOLUTE
    nnom-master\src\core\nnom_layers.c       0x00000000   Number         0  nnom_layers.o ABSOLUTE
    nnom-master\src\core\nnom_tensor.c       0x00000000   Number         0  nnom_tensor.o ABSOLUTE
    nnom-master\src\core\nnom_utils.c        0x00000000   Number         0  nnom_utils.o ABSOLUTE
    nnom-master\src\layers\nnom_activation.c 0x00000000   Number         0  nnom_activation.o ABSOLUTE
    nnom-master\src\layers\nnom_avgpool.c    0x00000000   Number         0  nnom_avgpool.o ABSOLUTE
    nnom-master\src\layers\nnom_baselayer.c  0x00000000   Number         0  nnom_baselayer.o ABSOLUTE
    nnom-master\src\layers\nnom_concat.c     0x00000000   Number         0  nnom_concat.o ABSOLUTE
    nnom-master\src\layers\nnom_conv2d.c     0x00000000   Number         0  nnom_conv2d.o ABSOLUTE
    nnom-master\src\layers\nnom_cropping.c   0x00000000   Number         0  nnom_cropping.o ABSOLUTE
    nnom-master\src\layers\nnom_dense.c      0x00000000   Number         0  nnom_dense.o ABSOLUTE
    nnom-master\src\layers\nnom_dw_conv2d.c  0x00000000   Number         0  nnom_dw_conv2d.o ABSOLUTE
    nnom-master\src\layers\nnom_flatten.c    0x00000000   Number         0  nnom_flatten.o ABSOLUTE
    nnom-master\src\layers\nnom_global_pool.c 0x00000000   Number         0  nnom_global_pool.o ABSOLUTE
    nnom-master\src\layers\nnom_input.c      0x00000000   Number         0  nnom_input.o ABSOLUTE
    nnom-master\src\layers\nnom_lambda.c     0x00000000   Number         0  nnom_lambda.o ABSOLUTE
    nnom-master\src\layers\nnom_matrix.c     0x00000000   Number         0  nnom_matrix.o ABSOLUTE
    nnom-master\src\layers\nnom_maxpool.c    0x00000000   Number         0  nnom_maxpool.o ABSOLUTE
    nnom-master\src\layers\nnom_output.c     0x00000000   Number         0  nnom_output.o ABSOLUTE
    nnom-master\src\layers\nnom_rnn.c        0x00000000   Number         0  nnom_rnn.o ABSOLUTE
    nnom-master\src\layers\nnom_softmax.c    0x00000000   Number         0  nnom_softmax.o ABSOLUTE
    nnom-master\src\layers\nnom_sumpool.c    0x00000000   Number         0  nnom_sumpool.o ABSOLUTE
    nnom-master\src\layers\nnom_upsample.c   0x00000000   Number         0  nnom_upsample.o ABSOLUTE
    nnom-master\src\layers\nnom_zero_padding.c 0x00000000   Number         0  nnom_zero_padding.o ABSOLUTE
    RESET                                    0x08000000   Section      392  startup_stm32l475xx.o(RESET)
    .ARM.Collect$$$$00000000                 0x08000188   Section        0  entry.o(.ARM.Collect$$$$00000000)
    .ARM.Collect$$$$00000001                 0x08000188   Section        4  entry2.o(.ARM.Collect$$$$00000001)
    .ARM.Collect$$$$00000004                 0x0800018c   Section        4  entry5.o(.ARM.Collect$$$$00000004)
    .ARM.Collect$$$$00000008                 0x08000190   Section        0  entry7b.o(.ARM.Collect$$$$00000008)
    .ARM.Collect$$$$0000000A                 0x08000190   Section        0  entry8b.o(.ARM.Collect$$$$0000000A)
    .ARM.Collect$$$$0000000B                 0x08000190   Section        8  entry9a.o(.ARM.Collect$$$$0000000B)
    .ARM.Collect$$$$0000000D                 0x08000198   Section        0  entry10a.o(.ARM.Collect$$$$0000000D)
    .ARM.Collect$$$$0000000F                 0x08000198   Section        0  entry11a.o(.ARM.Collect$$$$0000000F)
    .ARM.Collect$$$$00002712                 0x08000198   Section        4  entry2.o(.ARM.Collect$$$$00002712)
    __lit__00000000                          0x08000198   Data           4  entry2.o(.ARM.Collect$$$$00002712)
    .text                                    0x0800019c   Section       36  startup_stm32l475xx.o(.text)
    $v0                                      0x0800019c   Number         0  startup_stm32l475xx.o(.text)
    .text                                    0x080001c0   Section        0  uldiv.o(.text)
    .text                                    0x08000228   Section        0  memmovea.o(.text)
    .text                                    0x08000268   Section        0  memseta.o(.text)
    .text                                    0x0800028c   Section        0  calloc.o(.text)
    .text                                    0x080002a8   Section        0  f2d.o(.text)
    .text                                    0x080002ce   Section        0  uidiv.o(.text)
    .text                                    0x080002fa   Section        0  llshl.o(.text)
    .text                                    0x08000318   Section        0  llushr.o(.text)
    .text                                    0x08000338   Section        0  dadd.o(.text)
    .text                                    0x08000338   Section        0  iusefp.o(.text)
    .text                                    0x08000496   Section        0  dmul.o(.text)
    .text                                    0x08000580   Section        0  ddiv.o(.text)
    .text                                    0x0800065e   Section        0  dfixul.o(.text)
    .text                                    0x08000690   Section       48  cdrcmple.o(.text)
    .text                                    0x080006c0   Section       36  init.o(.text)
    .text                                    0x080006e4   Section        0  llsshr.o(.text)
    .text                                    0x08000708   Section        0  depilogue.o(.text)
    i.BusFault_Handler                       0x080007c2   Section        0  stm32l4xx_it.o(i.BusFault_Handler)
    i.Conv2D                                 0x080007c8   Section        0  nnom_conv2d.o(i.Conv2D)
    i.DebugMon_Handler                       0x080008ae   Section        0  stm32l4xx_it.o(i.DebugMon_Handler)
    i.Dense                                  0x080008b0   Section        0  nnom_dense.o(i.Dense)
    i.Error_Handler                          0x08000936   Section        0  main.o(i.Error_Handler)
    i.GlobalAvgPool                          0x08000938   Section        0  nnom_global_pool.o(i.GlobalAvgPool)
    i.HAL_GPIO_Init                          0x0800097c   Section        0  stm32l4xx_hal_gpio.o(i.HAL_GPIO_Init)
    i.HAL_GetTick                            0x08000b80   Section        0  stm32l4xx_hal.o(i.HAL_GetTick)
    i.HAL_IncTick                            0x08000b8c   Section        0  stm32l4xx_hal.o(i.HAL_IncTick)
    i.HAL_Init                               0x08000b9c   Section        0  stm32l4xx_hal.o(i.HAL_Init)
    i.HAL_InitTick                           0x08000bbc   Section        0  stm32l4xx_hal.o(i.HAL_InitTick)
    i.HAL_MspInit                            0x08000bec   Section        0  stm32l4xx_hal_msp.o(i.HAL_MspInit)
    i.HAL_NVIC_SetPriority                   0x08000c2c   Section        0  stm32l4xx_hal_cortex.o(i.HAL_NVIC_SetPriority)
    i.HAL_NVIC_SetPriorityGrouping           0x08000cb0   Section        0  stm32l4xx_hal_cortex.o(i.HAL_NVIC_SetPriorityGrouping)
    i.HAL_PWREx_ControlVoltageScaling        0x08000cd8   Section        0  stm32l4xx_hal_pwr_ex.o(i.HAL_PWREx_ControlVoltageScaling)
    i.HAL_PWREx_GetVoltageRange              0x08000d64   Section        0  stm32l4xx_hal_pwr_ex.o(i.HAL_PWREx_GetVoltageRange)
    i.HAL_RCCEx_PeriphCLKConfig              0x08000d74   Section        0  stm32l4xx_hal_rcc_ex.o(i.HAL_RCCEx_PeriphCLKConfig)
    i.HAL_RCC_ClockConfig                    0x08001248   Section        0  stm32l4xx_hal_rcc.o(i.HAL_RCC_ClockConfig)
    i.HAL_RCC_GetHCLKFreq                    0x080013c0   Section        0  stm32l4xx_hal_rcc.o(i.HAL_RCC_GetHCLKFreq)
    i.HAL_RCC_GetPCLK1Freq                   0x080013cc   Section        0  stm32l4xx_hal_rcc.o(i.HAL_RCC_GetPCLK1Freq)
    i.HAL_RCC_GetPCLK2Freq                   0x080013f0   Section        0  stm32l4xx_hal_rcc.o(i.HAL_RCC_GetPCLK2Freq)
    i.HAL_RCC_GetSysClockFreq                0x08001414   Section        0  stm32l4xx_hal_rcc.o(i.HAL_RCC_GetSysClockFreq)
    i.HAL_RCC_OscConfig                      0x08001530   Section        0  stm32l4xx_hal_rcc.o(i.HAL_RCC_OscConfig)
    i.HAL_SYSTICK_Config                     0x08001b3c   Section        0  stm32l4xx_hal_cortex.o(i.HAL_SYSTICK_Config)
    i.HAL_USART_Init                         0x08001b70   Section        0  stm32l4xx_hal_usart.o(i.HAL_USART_Init)
    i.HAL_USART_MspInit                      0x08001bd8   Section        0  stm32l4xx_hal_msp.o(i.HAL_USART_MspInit)
    i.HAL_USART_Transmit                     0x08001c50   Section        0  stm32l4xx_hal_usart.o(i.HAL_USART_Transmit)
    i.HardFault_Handler                      0x08001d46   Section        0  stm32l4xx_it.o(i.HardFault_Handler)
    i.Input                                  0x08001d4c   Section        0  nnom_input.o(i.Input)
    i.MX_GPIO_Init                           0x08001df0   Section        0  main.o(i.MX_GPIO_Init)
    MX_GPIO_Init                             0x08001df1   Thumb Code    32  main.o(i.MX_GPIO_Init)
    i.MX_USART1_Init                         0x08001e14   Section        0  main.o(i.MX_USART1_Init)
    MX_USART1_Init                           0x08001e15   Thumb Code    48  main.o(i.MX_USART1_Init)
    i.MaxPool                                0x08001e4c   Section        0  nnom_maxpool.o(i.MaxPool)
    i.MemManage_Handler                      0x08001f00   Section        0  stm32l4xx_it.o(i.MemManage_Handler)
    i.NMI_Handler                            0x08001f04   Section        0  stm32l4xx_it.o(i.NMI_Handler)
    i.Output                                 0x08001f08   Section        0  nnom_output.o(i.Output)
    i.PendSV_Handler                         0x08001f34   Section        0  stm32l4xx_it.o(i.PendSV_Handler)
    i.RCCEx_PLLSAI1_Config                   0x08001f38   Section        0  stm32l4xx_hal_rcc_ex.o(i.RCCEx_PLLSAI1_Config)
    RCCEx_PLLSAI1_Config                     0x08001f39   Thumb Code   378  stm32l4xx_hal_rcc_ex.o(i.RCCEx_PLLSAI1_Config)
    i.RCCEx_PLLSAI2_Config                   0x080020c4   Section        0  stm32l4xx_hal_rcc_ex.o(i.RCCEx_PLLSAI2_Config)
    RCCEx_PLLSAI2_Config                     0x080020c5   Thumb Code   342  stm32l4xx_hal_rcc_ex.o(i.RCCEx_PLLSAI2_Config)
    i.RCC_SetFlashLatencyFromMSIRange        0x08002228   Section        0  stm32l4xx_hal_rcc.o(i.RCC_SetFlashLatencyFromMSIRange)
    RCC_SetFlashLatencyFromMSIRange          0x08002229   Thumb Code   148  stm32l4xx_hal_rcc.o(i.RCC_SetFlashLatencyFromMSIRange)
    i.ResetTimer                             0x080022c4   Section        0  cyclecounter.o(i.ResetTimer)
    i.SVC_Handler                            0x08002308   Section        0  stm32l4xx_it.o(i.SVC_Handler)
    i.Softmax                                0x0800230c   Section        0  nnom_softmax.o(i.Softmax)
    i.StartTimer                             0x0800235c   Section        0  cyclecounter.o(i.StartTimer)
    i.StopTimer                              0x08002374   Section        0  cyclecounter.o(i.StopTimer)
    i.SysTick_Handler                        0x08002388   Section        0  stm32l4xx_it.o(i.SysTick_Handler)
    i.SystemClock_Config                     0x08002390   Section        0  main.o(i.SystemClock_Config)
    i.SystemInit                             0x08002424   Section        0  system_stm32l4xx.o(i.SystemInit)
    i.USART_CheckIdleState                   0x08002474   Section        0  stm32l4xx_hal_usart.o(i.USART_CheckIdleState)
    USART_CheckIdleState                     0x08002475   Thumb Code   110  stm32l4xx_hal_usart.o(i.USART_CheckIdleState)
    i.USART_SetConfig                        0x080024e4   Section        0  stm32l4xx_hal_usart.o(i.USART_SetConfig)
    USART_SetConfig                          0x080024e5   Thumb Code   406  stm32l4xx_hal_usart.o(i.USART_SetConfig)
    i.USART_WaitOnFlagUntilTimeout           0x08002694   Section        0  stm32l4xx_hal_usart.o(i.USART_WaitOnFlagUntilTimeout)
    USART_WaitOnFlagUntilTimeout             0x08002695   Thumb Code    80  stm32l4xx_hal_usart.o(i.USART_WaitOnFlagUntilTimeout)
    i.UsageFault_Handler                     0x080026e4   Section        0  stm32l4xx_it.o(i.UsageFault_Handler)
    i.__0printf                              0x080026e8   Section        0  printfa.o(i.__0printf)
    i.__NVIC_GetPriorityGrouping             0x08002708   Section        0  stm32l4xx_hal_cortex.o(i.__NVIC_GetPriorityGrouping)
    __NVIC_GetPriorityGrouping               0x08002709   Thumb Code    10  stm32l4xx_hal_cortex.o(i.__NVIC_GetPriorityGrouping)
    i.__NVIC_SetPriority                     0x08002718   Section        0  stm32l4xx_hal_cortex.o(i.__NVIC_SetPriority)
    __NVIC_SetPriority                       0x08002719   Thumb Code    32  stm32l4xx_hal_cortex.o(i.__NVIC_SetPriority)
    i.__scatterload_copy                     0x08002740   Section       14  handlers.o(i.__scatterload_copy)
    i.__scatterload_null                     0x0800274e   Section        2  handlers.o(i.__scatterload_null)
    i.__scatterload_zeroinit                 0x08002750   Section       14  handlers.o(i.__scatterload_zeroinit)
    i._fp_digits                             0x08002760   Section        0  printfa.o(i._fp_digits)
    _fp_digits                               0x08002761   Thumb Code   366  printfa.o(i._fp_digits)
    i._printf_core                           0x080028ec   Section        0  printfa.o(i._printf_core)
    _printf_core                             0x080028ed   Thumb Code  1744  printfa.o(i._printf_core)
    i._printf_post_padding                   0x08002fce   Section        0  printfa.o(i._printf_post_padding)
    _printf_post_padding                     0x08002fcf   Thumb Code    36  printfa.o(i._printf_post_padding)
    i._printf_pre_padding                    0x08002ff2   Section        0  printfa.o(i._printf_pre_padding)
    _printf_pre_padding                      0x08002ff3   Thumb Code    46  printfa.o(i._printf_pre_padding)
    i.accumulate_q7_to_q15                   0x08003020   Section        0  arm_pool_q7_hwc.o(i.accumulate_q7_to_q15)
    accumulate_q7_to_q15                     0x08003021   Thumb Code   124  arm_pool_q7_hwc.o(i.accumulate_q7_to_q15)
    i.act_relu                               0x080030a4   Section        0  nnom_activation.o(i.act_relu)
    i.allocate_block                         0x080030c0   Section        0  nnom.o(i.allocate_block)
    allocate_block                           0x080030c1   Thumb Code    40  nnom.o(i.allocate_block)
    i.allocate_hook                          0x080030e8   Section        0  nnom.o(i.allocate_hook)
    allocate_hook                            0x080030e9   Thumb Code    50  nnom.o(i.allocate_hook)
    i.allocate_io                            0x0800311a   Section        0  nnom.o(i.allocate_io)
    allocate_io                              0x0800311b   Thumb Code    54  nnom.o(i.allocate_io)
    i.arm_avepool_q7_HWC                     0x08003150   Section        0  arm_pool_q7_hwc.o(i.arm_avepool_q7_HWC)
    i.arm_convolve_1x1_HWC_q7_fast_nonsquare 0x080032da   Section        0  arm_convolve_1x1_hwc_q7_fast_nonsquare.o(i.arm_convolve_1x1_HWC_q7_fast_nonsquare)
    i.arm_convolve_HWC_q7_RGB                0x0800349e   Section        0  arm_convolve_hwc_q7_rgb.o(i.arm_convolve_HWC_q7_RGB)
    i.arm_convolve_HWC_q7_basic              0x080036da   Section        0  arm_convolve_hwc_q7_basic.o(i.arm_convolve_HWC_q7_basic)
    i.arm_convolve_HWC_q7_basic_nonsquare    0x080038f4   Section        0  arm_convolve_hwc_q7_basic_nonsquare.o(i.arm_convolve_HWC_q7_basic_nonsquare)
    i.arm_convolve_HWC_q7_fast               0x08003b1c   Section        0  arm_convolve_hwc_q7_fast.o(i.arm_convolve_HWC_q7_fast)
    i.arm_convolve_HWC_q7_fast_nonsquare     0x08003ff6   Section        0  arm_convolve_hwc_q7_fast_nonsquare.o(i.arm_convolve_HWC_q7_fast_nonsquare)
    i.arm_fully_connected_q7_opt             0x080044ee   Section        0  arm_fully_connected_q7_opt.o(i.arm_fully_connected_q7_opt)
    i.arm_maxpool_q7_HWC                     0x08004736   Section        0  arm_pool_q7_hwc.o(i.arm_maxpool_q7_HWC)
    i.arm_nn_mat_mult_kernel_q7_q15          0x08004882   Section        0  arm_nn_mat_mult_kernel_q7_q15.o(i.arm_nn_mat_mult_kernel_q7_q15)
    i.arm_nn_mat_mult_kernel_q7_q15_reordered 0x08004cf4   Section        0  arm_nn_mat_mult_kernel_q7_q15_reordered.o(i.arm_nn_mat_mult_kernel_q7_q15_reordered)
    i.arm_q7_to_q15_no_shift                 0x08004f64   Section        0  arm_q7_to_q15_no_shift.o(i.arm_q7_to_q15_no_shift)
    i.arm_q7_to_q15_reordered_no_shift       0x08004fb4   Section        0  arm_q7_to_q15_reordered_no_shift.o(i.arm_q7_to_q15_reordered_no_shift)
    i.arm_relu_q7                            0x08004ff0   Section        0  arm_relu_q7.o(i.arm_relu_q7)
    i.arm_softmax_q7                         0x0800504e   Section        0  arm_softmax_q7.o(i.arm_softmax_q7)
    i.avgpool_run                            0x080050f6   Section        0  nnom_avgpool.o(i.avgpool_run)
    i.block_mem_set                          0x080051d4   Section        0  nnom.o(i.block_mem_set)
    i.buffer_scale_back_q15_to_q7            0x08005218   Section        0  arm_pool_q7_hwc.o(i.buffer_scale_back_q15_to_q7)
    buffer_scale_back_q15_to_q7              0x08005219   Thumb Code    28  arm_pool_q7_hwc.o(i.buffer_scale_back_q15_to_q7)
    i.compare_and_replace_if_larger_q7       0x08005234   Section        0  arm_pool_q7_hwc.o(i.compare_and_replace_if_larger_q7)
    compare_and_replace_if_larger_q7         0x08005235   Thumb Code   118  arm_pool_q7_hwc.o(i.compare_and_replace_if_larger_q7)
    i.compile_layers                         0x080052aa   Section        0  nnom.o(i.compile_layers)
    i.conv2d_build                           0x08005552   Section        0  nnom_conv2d.o(i.conv2d_build)
    i.conv2d_run                             0x08005660   Section        0  nnom_conv2d.o(i.conv2d_run)
    i.default_build                          0x08005ad8   Section        0  nnom_baselayer.o(i.default_build)
    i.dense_build                            0x08005b06   Section        0  nnom_dense.o(i.dense_build)
    i.dense_run                              0x08005b78   Section        0  nnom_dense.o(i.dense_run)
    i.find_index                             0x08005bd2   Section        0  nnom.o(i.find_index)
    find_index                               0x08005bd3   Thumb Code    40  nnom.o(i.find_index)
    i.find_last                              0x08005bfa   Section        0  nnom.o(i.find_last)
    find_last                                0x08005bfb   Thumb Code    28  nnom.o(i.find_last)
    i.fputc                                  0x08005c18   Section        0  main.o(i.fputc)
    i.free                                   0x08005c38   Section        0  malloc.o(i.free)
    i.getCycles                              0x08005c88   Section        0  cyclecounter.o(i.getCycles)
    i.global_pooling_build                   0x08005c94   Section        0  nnom_global_pool.o(i.global_pooling_build)
    i.input_build                            0x08005dca   Section        0  nnom_input.o(i.input_build)
    i.input_run                              0x08005dee   Section        0  nnom_input.o(i.input_run)
    i.io_init                                0x08005e10   Section        0  nnom_layers.o(i.io_init)
    i.io_mem_size                            0x08005e18   Section        0  nnom.o(i.io_mem_size)
    io_mem_size                              0x08005e19   Thumb Code    28  nnom.o(i.io_mem_size)
    i.kernel                                 0x08005e34   Section        0  nnom_layers.o(i.kernel)
    i.layer_run                              0x08005e4c   Section        0  nnom.o(i.layer_run)
    i.layer_shortcut_add                     0x08005e94   Section        0  nnom.o(i.layer_shortcut_add)
    layer_shortcut_add                       0x08005e95   Thumb Code    40  nnom.o(i.layer_shortcut_add)
    i.layer_shortcut_find_last               0x08005ebc   Section        0  nnom.o(i.layer_shortcut_find_last)
    layer_shortcut_find_last                 0x08005ebd   Thumb Code    24  nnom.o(i.layer_shortcut_find_last)
    i.local_avepool_q7_HWC                   0x08005ed4   Section        0  nnom_local.o(i.local_avepool_q7_HWC)
    i.local_maxpool_q7_HWC                   0x08005fde   Section        0  nnom_local.o(i.local_maxpool_q7_HWC)
    i.main                                   0x080060e0   Section        0  main.o(i.main)
    i.malloc                                 0x08006198   Section        0  malloc.o(i.malloc)
    i.maxpool_run                            0x08006204   Section        0  nnom_maxpool.o(i.maxpool_run)
    i.maxpooling_build                       0x080062d0   Section        0  nnom_maxpool.o(i.maxpooling_build)
    i.mem_analysis_result                    0x080063a0   Section        0  nnom.o(i.mem_analysis_result)
    i.model_active                           0x08006448   Section        0  nnom.o(i.model_active)
    model_active                             0x08006449   Thumb Code     8  nnom.o(i.model_active)
    i.model_add                              0x08006450   Section        0  nnom.o(i.model_add)
    model_add                                0x08006451   Thumb Code    58  nnom.o(i.model_add)
    i.model_compile                          0x08006490   Section        0  nnom.o(i.model_compile)
    i.model_hook                             0x08006606   Section        0  nnom.o(i.model_hook)
    model_hook                               0x08006607   Thumb Code    44  nnom.o(i.model_hook)
    i.model_merge                            0x08006632   Section        0  nnom.o(i.model_merge)
    model_merge                              0x08006633   Thumb Code    22  nnom.o(i.model_merge)
    i.model_mergex                           0x08006648   Section        0  nnom.o(i.model_mergex)
    model_mergex                             0x08006649   Thumb Code    76  nnom.o(i.model_mergex)
    i.model_run                              0x08006694   Section        0  nnom.o(i.model_run)
    i.model_run_to                           0x080066a4   Section        0  nnom.o(i.model_run_to)
    i.model_set_ops                          0x080067b8   Section        0  nnom.o(i.model_set_ops)
    model_set_ops                            0x080067b9   Thumb Code    42  nnom.o(i.model_set_ops)
    i.new_model                              0x080067e4   Section        0  nnom.o(i.new_model)
    i.new_tensor                             0x08006838   Section        0  nnom_tensor.o(i.new_tensor)
    i.nnom_alignto                           0x08006864   Section        0  nnom.o(i.nnom_alignto)
    i.nnom_hook_length                       0x08006880   Section        0  nnom.o(i.nnom_hook_length)
    i.nnom_mem                               0x08006898   Section        0  nnom.o(i.nnom_mem)
    i.nnom_model_create                      0x080068cc   Section        0  main.o(i.nnom_model_create)
    nnom_model_create                        0x080068cd   Thumb Code   608  main.o(i.nnom_model_create)
    i.nnom_predict                           0x08006b68   Section        0  nnom_utils.o(i.nnom_predict)
    i.output_run                             0x08006c3a   Section        0  nnom_output.o(i.output_run)
    i.print_layer_info                       0x08006c5c   Section        0  nnom.o(i.print_layer_info)
    print_layer_info                         0x08006c5d   Thumb Code   290  nnom.o(i.print_layer_info)
    i.print_memory_block_info                0x08006e1c   Section        0  nnom.o(i.print_memory_block_info)
    print_memory_block_info                  0x08006e1d   Thumb Code    84  nnom.o(i.print_memory_block_info)
    i.release_block                          0x08006e84   Section        0  nnom.o(i.release_block)
    release_block                            0x08006e85   Thumb Code    22  nnom.o(i.release_block)
    i.release_comp_mem                       0x08006e9a   Section        0  nnom.o(i.release_comp_mem)
    release_comp_mem                         0x08006e9b   Thumb Code    18  nnom.o(i.release_comp_mem)
    i.release_input_mem                      0x08006eac   Section        0  nnom.o(i.release_input_mem)
    release_input_mem                        0x08006ead   Thumb Code    22  nnom.o(i.release_input_mem)
    i.relu_run                               0x08006ec2   Section        0  nnom_activation.o(i.relu_run)
    relu_run                                 0x08006ec3   Thumb Code    18  nnom_activation.o(i.relu_run)
    i.set_tailed_activation                  0x08006ed4   Section        0  nnom.o(i.set_tailed_activation)
    i.shape                                  0x08006f58   Section        0  nnom_layers.o(i.shape)
    i.shape_size                             0x08006f78   Section        0  nnom_layers.o(i.shape_size)
    i.softmax_run                            0x08006f8c   Section        0  nnom_softmax.o(i.softmax_run)
    i.stride                                 0x08006fb0   Section        0  nnom_layers.o(i.stride)
    i.tensor_cpy_attributes                  0x08006fc6   Section        0  nnom_tensor.o(i.tensor_cpy_attributes)
    i.tensor_mem_set                         0x08006fe8   Section        0  nnom.o(i.tensor_mem_set)
    i.tensor_set_attribuites                 0x08007020   Section        0  nnom_tensor.o(i.tensor_set_attribuites)
    i.tensor_size                            0x08007044   Section        0  nnom_tensor.o(i.tensor_size)
    .constdata                               0x08007068   Section    19500  main.o(.constdata)
    conv2d_weights                           0x08007068   Data          27  main.o(.constdata)
    conv2d_w                                 0x08007084   Data           8  main.o(.constdata)
    conv2d_bias                              0x0800708c   Data           3  main.o(.constdata)
    conv2d_b                                 0x08007090   Data           8  main.o(.constdata)
    conv2d_1_weights                         0x08007098   Data         432  main.o(.constdata)
    conv2d_1_w                               0x08007248   Data           8  main.o(.constdata)
    conv2d_1_bias                            0x08007250   Data          16  main.o(.constdata)
    conv2d_1_b                               0x08007260   Data           8  main.o(.constdata)
    conv2d_2_weights                         0x08007268   Data        4608  main.o(.constdata)
    conv2d_2_w                               0x08008468   Data           8  main.o(.constdata)
    conv2d_2_bias                            0x08008470   Data          32  main.o(.constdata)
    conv2d_2_b                               0x08008490   Data           8  main.o(.constdata)
    conv2d_3_weights                         0x08008498   Data       13824  main.o(.constdata)
    conv2d_3_w                               0x0800ba98   Data           8  main.o(.constdata)
    conv2d_3_bias                            0x0800baa0   Data          48  main.o(.constdata)
    conv2d_3_b                               0x0800bad0   Data           8  main.o(.constdata)
    dense_weights                            0x0800bad8   Data         384  main.o(.constdata)
    dense_w                                  0x0800bc58   Data           8  main.o(.constdata)
    dense_bias                               0x0800bc60   Data           8  main.o(.constdata)
    dense_b                                  0x0800bc68   Data           8  main.o(.constdata)
    dense_1_weights                          0x0800bc70   Data          16  main.o(.constdata)
    dense_1_w                                0x0800bc80   Data           8  main.o(.constdata)
    dense_1_bias                             0x0800bc88   Data           2  main.o(.constdata)
    dense_1_b                                0x0800bc8c   Data           8  main.o(.constdata)
    .constdata                               0x0800bc94   Section      372  nnom.o(.constdata)
    .constdata                               0x0800be08   Section       72  system_stm32l4xx.o(.constdata)
    .conststring                             0x0800be50   Section       70  main.o(.conststring)
    .conststring                             0x0800be98   Section      363  nnom.o(.conststring)
    .data                                    0x20000000   Section       14  main.o(.data)
    DWT_CYCCNT                               0x20000000   Data           4  main.o(.data)
    DWT_CONTROL                              0x20000004   Data           4  main.o(.data)
    SCB_DEMCR                                0x20000008   Data           4  main.o(.data)
    nnom_output_data                         0x2000000c   Data           2  main.o(.data)
    .data                                    0x20000010   Section       12  cyclecounter.o(.data)
    DWT_CYCCNT                               0x20000010   Data           4  cyclecounter.o(.data)
    DWT_CONTROL                              0x20000014   Data           4  cyclecounter.o(.data)
    SCB_DEMCR                                0x20000018   Data           4  cyclecounter.o(.data)
    .data                                    0x2000001c   Section        4  stm32l4xx_hal.o(.data)
    .data                                    0x20000020   Section        4  nnom.o(.data)
    .data                                    0x20000024   Section        4  system_stm32l4xx.o(.data)
    .data                                    0x20000028   Section        4  stdout.o(.data)
    .data                                    0x2000002c   Section        4  mvars.o(.data)
    .data                                    0x20000030   Section        4  mvars.o(.data)
    .bss                                     0x20000034   Section     2244  main.o(.bss)
    nnom_input_data                          0x20000034   Data        2028  main.o(.bss)
    model                                    0x20000870   Data         136  main.o(.bss)
    HEAP                                     0x200008f8   Section    49152  startup_stm32l475xx.o(HEAP)
    STACK                                    0x2000c8f8   Section     8192  startup_stm32l475xx.o(STACK)

    Global Symbols

    Symbol Name                              Value     Ov Type        Size  Object(Section)

    BuildAttributes$$THM_ISAv4$E$P$D$K$B$S$7EM$VFPi3$EXTD16$VFPS$VFMA$PE$A:L22UL41UL21$X:L11$S22US41US21$IEEE1$IW$USESV6$~STKCKD$USESV7$~SHL$OSPACE$ROPI$EBA8$MICROLIB$REQ8$PRES8$EABIv2 0x00000000   Number         0  anon$$obj.o ABSOLUTE
    __ARM_use_no_argv                        0x00000000   Number         0  main.o ABSOLUTE
    _printf_a                                0x00000000   Number         0  stubs.o ABSOLUTE
    _printf_c                                0x00000000   Number         0  stubs.o ABSOLUTE
    _printf_charcount                        0x00000000   Number         0  stubs.o ABSOLUTE
    _printf_d                                0x00000000   Number         0  stubs.o ABSOLUTE
    _printf_e                                0x00000000   Number         0  stubs.o ABSOLUTE
    _printf_f                                0x00000000   Number         0  stubs.o ABSOLUTE
    _printf_flags                            0x00000000   Number         0  stubs.o ABSOLUTE
    _printf_fp_dec                           0x00000000   Number         0  stubs.o ABSOLUTE
    _printf_fp_hex                           0x00000000   Number         0  stubs.o ABSOLUTE
    _printf_g                                0x00000000   Number         0  stubs.o ABSOLUTE
    _printf_i                                0x00000000   Number         0  stubs.o ABSOLUTE
    _printf_int_dec                          0x00000000   Number         0  stubs.o ABSOLUTE
    _printf_l                                0x00000000   Number         0  stubs.o ABSOLUTE
    _printf_lc                               0x00000000   Number         0  stubs.o ABSOLUTE
    _printf_ll                               0x00000000   Number         0  stubs.o ABSOLUTE
    _printf_lld                              0x00000000   Number         0  stubs.o ABSOLUTE
    _printf_lli                              0x00000000   Number         0  stubs.o ABSOLUTE
    _printf_llo                              0x00000000   Number         0  stubs.o ABSOLUTE
    _printf_llu                              0x00000000   Number         0  stubs.o ABSOLUTE
    _printf_llx                              0x00000000   Number         0  stubs.o ABSOLUTE
    _printf_longlong_dec                     0x00000000   Number         0  stubs.o ABSOLUTE
    _printf_longlong_hex                     0x00000000   Number         0  stubs.o ABSOLUTE
    _printf_longlong_oct                     0x00000000   Number         0  stubs.o ABSOLUTE
    _printf_ls                               0x00000000   Number         0  stubs.o ABSOLUTE
    _printf_mbtowc                           0x00000000   Number         0  stubs.o ABSOLUTE
    _printf_n                                0x00000000   Number         0  stubs.o ABSOLUTE
    _printf_o                                0x00000000   Number         0  stubs.o ABSOLUTE
    _printf_p                                0x00000000   Number         0  stubs.o ABSOLUTE
    _printf_percent                          0x00000000   Number         0  stubs.o ABSOLUTE
    _printf_pre_padding                      0x00000000   Number         0  stubs.o ABSOLUTE
    _printf_return_value                     0x00000000   Number         0  stubs.o ABSOLUTE
    _printf_s                                0x00000000   Number         0  stubs.o ABSOLUTE
    _printf_sizespec                         0x00000000   Number         0  stubs.o ABSOLUTE
    _printf_str                              0x00000000   Number         0  stubs.o ABSOLUTE
    _printf_truncate_signed                  0x00000000   Number         0  stubs.o ABSOLUTE
    _printf_truncate_unsigned                0x00000000   Number         0  stubs.o ABSOLUTE
    _printf_u                                0x00000000   Number         0  stubs.o ABSOLUTE
    _printf_wc                               0x00000000   Number         0  stubs.o ABSOLUTE
    _printf_wctomb                           0x00000000   Number         0  stubs.o ABSOLUTE
    _printf_widthprec                        0x00000000   Number         0  stubs.o ABSOLUTE
    _printf_x                                0x00000000   Number         0  stubs.o ABSOLUTE
    __cpp_initialize__aeabi_                  - Undefined Weak Reference
    __cxa_finalize                            - Undefined Weak Reference
    __decompress                              - Undefined Weak Reference
    _clock_init                               - Undefined Weak Reference
    _microlib_exit                            - Undefined Weak Reference
    __Vectors_Size                           0x00000188   Number         0  startup_stm32l475xx.o ABSOLUTE
    __Vectors                                0x08000000   Data           4  startup_stm32l475xx.o(RESET)
    __Vectors_End                            0x08000188   Data           0  startup_stm32l475xx.o(RESET)
    __main                                   0x08000189   Thumb Code     0  entry.o(.ARM.Collect$$$$00000000)
    _main_stk                                0x08000189   Thumb Code     0  entry2.o(.ARM.Collect$$$$00000001)
    _main_scatterload                        0x0800018d   Thumb Code     0  entry5.o(.ARM.Collect$$$$00000004)
    __main_after_scatterload                 0x08000191   Thumb Code     0  entry5.o(.ARM.Collect$$$$00000004)
    _main_clock                              0x08000191   Thumb Code     0  entry7b.o(.ARM.Collect$$$$00000008)
    _main_cpp_init                           0x08000191   Thumb Code     0  entry8b.o(.ARM.Collect$$$$0000000A)
    _main_init                               0x08000191   Thumb Code     0  entry9a.o(.ARM.Collect$$$$0000000B)
    __rt_final_cpp                           0x08000199   Thumb Code     0  entry10a.o(.ARM.Collect$$$$0000000D)
    __rt_final_exit                          0x08000199   Thumb Code     0  entry11a.o(.ARM.Collect$$$$0000000F)
    Reset_Handler                            0x0800019d   Thumb Code     8  startup_stm32l475xx.o(.text)
    ADC1_2_IRQHandler                        0x080001b7   Thumb Code     0  startup_stm32l475xx.o(.text)
    ADC3_IRQHandler                          0x080001b7   Thumb Code     0  startup_stm32l475xx.o(.text)
    CAN1_RX0_IRQHandler                      0x080001b7   Thumb Code     0  startup_stm32l475xx.o(.text)
    CAN1_RX1_IRQHandler                      0x080001b7   Thumb Code     0  startup_stm32l475xx.o(.text)
    CAN1_SCE_IRQHandler                      0x080001b7   Thumb Code     0  startup_stm32l475xx.o(.text)
    CAN1_TX_IRQHandler                       0x080001b7   Thumb Code     0  startup_stm32l475xx.o(.text)
    COMP_IRQHandler                          0x080001b7   Thumb Code     0  startup_stm32l475xx.o(.text)
    DFSDM1_FLT0_IRQHandler                   0x080001b7   Thumb Code     0  startup_stm32l475xx.o(.text)
    DFSDM1_FLT1_IRQHandler                   0x080001b7   Thumb Code     0  startup_stm32l475xx.o(.text)
    DFSDM1_FLT2_IRQHandler                   0x080001b7   Thumb Code     0  startup_stm32l475xx.o(.text)
    DFSDM1_FLT3_IRQHandler                   0x080001b7   Thumb Code     0  startup_stm32l475xx.o(.text)
    DMA1_Channel1_IRQHandler                 0x080001b7   Thumb Code     0  startup_stm32l475xx.o(.text)
    DMA1_Channel2_IRQHandler                 0x080001b7   Thumb Code     0  startup_stm32l475xx.o(.text)
    DMA1_Channel3_IRQHandler                 0x080001b7   Thumb Code     0  startup_stm32l475xx.o(.text)
    DMA1_Channel4_IRQHandler                 0x080001b7   Thumb Code     0  startup_stm32l475xx.o(.text)
    DMA1_Channel5_IRQHandler                 0x080001b7   Thumb Code     0  startup_stm32l475xx.o(.text)
    DMA1_Channel6_IRQHandler                 0x080001b7   Thumb Code     0  startup_stm32l475xx.o(.text)
    DMA1_Channel7_IRQHandler                 0x080001b7   Thumb Code     0  startup_stm32l475xx.o(.text)
    DMA2_Channel1_IRQHandler                 0x080001b7   Thumb Code     0  startup_stm32l475xx.o(.text)
    DMA2_Channel2_IRQHandler                 0x080001b7   Thumb Code     0  startup_stm32l475xx.o(.text)
    DMA2_Channel3_IRQHandler                 0x080001b7   Thumb Code     0  startup_stm32l475xx.o(.text)
    DMA2_Channel4_IRQHandler                 0x080001b7   Thumb Code     0  startup_stm32l475xx.o(.text)
    DMA2_Channel5_IRQHandler                 0x080001b7   Thumb Code     0  startup_stm32l475xx.o(.text)
    DMA2_Channel6_IRQHandler                 0x080001b7   Thumb Code     0  startup_stm32l475xx.o(.text)
    DMA2_Channel7_IRQHandler                 0x080001b7   Thumb Code     0  startup_stm32l475xx.o(.text)
    EXTI0_IRQHandler                         0x080001b7   Thumb Code     0  startup_stm32l475xx.o(.text)
    EXTI15_10_IRQHandler                     0x080001b7   Thumb Code     0  startup_stm32l475xx.o(.text)
    EXTI1_IRQHandler                         0x080001b7   Thumb Code     0  startup_stm32l475xx.o(.text)
    EXTI2_IRQHandler                         0x080001b7   Thumb Code     0  startup_stm32l475xx.o(.text)
    EXTI3_IRQHandler                         0x080001b7   Thumb Code     0  startup_stm32l475xx.o(.text)
    EXTI4_IRQHandler                         0x080001b7   Thumb Code     0  startup_stm32l475xx.o(.text)
    EXTI9_5_IRQHandler                       0x080001b7   Thumb Code     0  startup_stm32l475xx.o(.text)
    FLASH_IRQHandler                         0x080001b7   Thumb Code     0  startup_stm32l475xx.o(.text)
    FMC_IRQHandler                           0x080001b7   Thumb Code     0  startup_stm32l475xx.o(.text)
    FPU_IRQHandler                           0x080001b7   Thumb Code     0  startup_stm32l475xx.o(.text)
    I2C1_ER_IRQHandler                       0x080001b7   Thumb Code     0  startup_stm32l475xx.o(.text)
    I2C1_EV_IRQHandler                       0x080001b7   Thumb Code     0  startup_stm32l475xx.o(.text)
    I2C2_ER_IRQHandler                       0x080001b7   Thumb Code     0  startup_stm32l475xx.o(.text)
    I2C2_EV_IRQHandler                       0x080001b7   Thumb Code     0  startup_stm32l475xx.o(.text)
    I2C3_ER_IRQHandler                       0x080001b7   Thumb Code     0  startup_stm32l475xx.o(.text)
    I2C3_EV_IRQHandler                       0x080001b7   Thumb Code     0  startup_stm32l475xx.o(.text)
    LPTIM1_IRQHandler                        0x080001b7   Thumb Code     0  startup_stm32l475xx.o(.text)
    LPTIM2_IRQHandler                        0x080001b7   Thumb Code     0  startup_stm32l475xx.o(.text)
    LPUART1_IRQHandler                       0x080001b7   Thumb Code     0  startup_stm32l475xx.o(.text)
    OTG_FS_IRQHandler                        0x080001b7   Thumb Code     0  startup_stm32l475xx.o(.text)
    PVD_PVM_IRQHandler                       0x080001b7   Thumb Code     0  startup_stm32l475xx.o(.text)
    QUADSPI_IRQHandler                       0x080001b7   Thumb Code     0  startup_stm32l475xx.o(.text)
    RCC_IRQHandler                           0x080001b7   Thumb Code     0  startup_stm32l475xx.o(.text)
    RNG_IRQHandler                           0x080001b7   Thumb Code     0  startup_stm32l475xx.o(.text)
    RTC_Alarm_IRQHandler                     0x080001b7   Thumb Code     0  startup_stm32l475xx.o(.text)
    RTC_WKUP_IRQHandler                      0x080001b7   Thumb Code     0  startup_stm32l475xx.o(.text)
    SAI1_IRQHandler                          0x080001b7   Thumb Code     0  startup_stm32l475xx.o(.text)
    SAI2_IRQHandler                          0x080001b7   Thumb Code     0  startup_stm32l475xx.o(.text)
    SDMMC1_IRQHandler                        0x080001b7   Thumb Code     0  startup_stm32l475xx.o(.text)
    SPI1_IRQHandler                          0x080001b7   Thumb Code     0  startup_stm32l475xx.o(.text)
    SPI2_IRQHandler                          0x080001b7   Thumb Code     0  startup_stm32l475xx.o(.text)
    SPI3_IRQHandler                          0x080001b7   Thumb Code     0  startup_stm32l475xx.o(.text)
    SWPMI1_IRQHandler                        0x080001b7   Thumb Code     0  startup_stm32l475xx.o(.text)
    TAMP_STAMP_IRQHandler                    0x080001b7   Thumb Code     0  startup_stm32l475xx.o(.text)
    TIM1_BRK_TIM15_IRQHandler                0x080001b7   Thumb Code     0  startup_stm32l475xx.o(.text)
    TIM1_CC_IRQHandler                       0x080001b7   Thumb Code     0  startup_stm32l475xx.o(.text)
    TIM1_TRG_COM_TIM17_IRQHandler            0x080001b7   Thumb Code     0  startup_stm32l475xx.o(.text)
    TIM1_UP_TIM16_IRQHandler                 0x080001b7   Thumb Code     0  startup_stm32l475xx.o(.text)
    TIM2_IRQHandler                          0x080001b7   Thumb Code     0  startup_stm32l475xx.o(.text)
    TIM3_IRQHandler                          0x080001b7   Thumb Code     0  startup_stm32l475xx.o(.text)
    TIM4_IRQHandler                          0x080001b7   Thumb Code     0  startup_stm32l475xx.o(.text)
    TIM5_IRQHandler                          0x080001b7   Thumb Code     0  startup_stm32l475xx.o(.text)
    TIM6_DAC_IRQHandler                      0x080001b7   Thumb Code     0  startup_stm32l475xx.o(.text)
    TIM7_IRQHandler                          0x080001b7   Thumb Code     0  startup_stm32l475xx.o(.text)
    TIM8_BRK_IRQHandler                      0x080001b7   Thumb Code     0  startup_stm32l475xx.o(.text)
    TIM8_CC_IRQHandler                       0x080001b7   Thumb Code     0  startup_stm32l475xx.o(.text)
    TIM8_TRG_COM_IRQHandler                  0x080001b7   Thumb Code     0  startup_stm32l475xx.o(.text)
    TIM8_UP_IRQHandler                       0x080001b7   Thumb Code     0  startup_stm32l475xx.o(.text)
    TSC_IRQHandler                           0x080001b7   Thumb Code     0  startup_stm32l475xx.o(.text)
    UART4_IRQHandler                         0x080001b7   Thumb Code     0  startup_stm32l475xx.o(.text)
    UART5_IRQHandler                         0x080001b7   Thumb Code     0  startup_stm32l475xx.o(.text)
    USART1_IRQHandler                        0x080001b7   Thumb Code     0  startup_stm32l475xx.o(.text)
    USART2_IRQHandler                        0x080001b7   Thumb Code     0  startup_stm32l475xx.o(.text)
    USART3_IRQHandler                        0x080001b7   Thumb Code     0  startup_stm32l475xx.o(.text)
    WWDG_IRQHandler                          0x080001b7   Thumb Code     0  startup_stm32l475xx.o(.text)
    __aeabi_uldivmod                         0x080001c1   Thumb Code    98  uldiv.o(.text)
    ___aeabi_memcpy4$move                    0x08000229   Thumb Code     0  memmovea.o(.text)
    ___aeabi_memcpy8$move                    0x08000229   Thumb Code     0  memmovea.o(.text)
    __aeabi_memcpy                           0x08000229   Thumb Code    64  memmovea.o(.text)
    __aeabi_memmove                          0x08000229   Thumb Code     0  memmovea.o(.text)
    __aeabi_memmove4                         0x08000229   Thumb Code     0  memmovea.o(.text)
    __aeabi_memmove8                         0x08000229   Thumb Code     0  memmovea.o(.text)
    __aeabi_memset                           0x08000269   Thumb Code    14  memseta.o(.text)
    __aeabi_memset4                          0x08000269   Thumb Code     0  memseta.o(.text)
    __aeabi_memset8                          0x08000269   Thumb Code     0  memseta.o(.text)
    __aeabi_memclr                           0x08000277   Thumb Code     4  memseta.o(.text)
    __aeabi_memclr4                          0x08000277   Thumb Code     0  memseta.o(.text)
    __aeabi_memclr8                          0x08000277   Thumb Code     0  memseta.o(.text)
    _memset$wrapper                          0x0800027b   Thumb Code    18  memseta.o(.text)
    calloc                                   0x0800028d   Thumb Code    28  calloc.o(.text)
    __aeabi_f2d                              0x080002a9   Thumb Code    38  f2d.o(.text)
    __aeabi_uidiv                            0x080002cf   Thumb Code     0  uidiv.o(.text)
    __aeabi_uidivmod                         0x080002cf   Thumb Code    44  uidiv.o(.text)
    __aeabi_llsl                             0x080002fb   Thumb Code    30  llshl.o(.text)
    _ll_shift_l                              0x080002fb   Thumb Code     0  llshl.o(.text)
    __aeabi_llsr                             0x08000319   Thumb Code    32  llushr.o(.text)
    _ll_ushift_r                             0x08000319   Thumb Code     0  llushr.o(.text)
    __I$use$fp                               0x08000339   Thumb Code     0  iusefp.o(.text)
    __aeabi_dadd                             0x08000339   Thumb Code   322  dadd.o(.text)
    __aeabi_dsub                             0x0800047b   Thumb Code     6  dadd.o(.text)
    __aeabi_drsub                            0x08000481   Thumb Code     6  dadd.o(.text)
    __aeabi_dmul                             0x08000497   Thumb Code   228  dmul.o(.text)
    __aeabi_ddiv                             0x08000581   Thumb Code   222  ddiv.o(.text)
    __aeabi_d2ulz                            0x0800065f   Thumb Code    48  dfixul.o(.text)
    __aeabi_cdrcmple                         0x08000691   Thumb Code    48  cdrcmple.o(.text)
    __scatterload                            0x080006c1   Thumb Code    28  init.o(.text)
    __scatterload_rt2                        0x080006c1   Thumb Code     0  init.o(.text)
    __aeabi_lasr                             0x080006e5   Thumb Code    36  llsshr.o(.text)
    _ll_sshift_r                             0x080006e5   Thumb Code     0  llsshr.o(.text)
    _double_round                            0x08000709   Thumb Code    30  depilogue.o(.text)
    _double_epilogue                         0x08000727   Thumb Code   156  depilogue.o(.text)
    BusFault_Handler                         0x080007c3   Thumb Code     4  stm32l4xx_it.o(i.BusFault_Handler)
    Conv2D                                   0x080007c9   Thumb Code   212  nnom_conv2d.o(i.Conv2D)
    DebugMon_Handler                         0x080008af   Thumb Code     2  stm32l4xx_it.o(i.DebugMon_Handler)
    Dense                                    0x080008b1   Thumb Code   120  nnom_dense.o(i.Dense)
    Error_Handler                            0x08000937   Thumb Code     2  main.o(i.Error_Handler)
    GlobalAvgPool                            0x08000939   Thumb Code    58  nnom_global_pool.o(i.GlobalAvgPool)
    HAL_GPIO_Init                            0x0800097d   Thumb Code   480  stm32l4xx_hal_gpio.o(i.HAL_GPIO_Init)
    HAL_GetTick                              0x08000b81   Thumb Code     6  stm32l4xx_hal.o(i.HAL_GetTick)
    HAL_IncTick                              0x08000b8d   Thumb Code    12  stm32l4xx_hal.o(i.HAL_IncTick)
    HAL_Init                                 0x08000b9d   Thumb Code    30  stm32l4xx_hal.o(i.HAL_Init)
    HAL_InitTick                             0x08000bbd   Thumb Code    44  stm32l4xx_hal.o(i.HAL_InitTick)
    HAL_MspInit                              0x08000bed   Thumb Code    58  stm32l4xx_hal_msp.o(i.HAL_MspInit)
    HAL_NVIC_SetPriority                     0x08000c2d   Thumb Code   124  stm32l4xx_hal_cortex.o(i.HAL_NVIC_SetPriority)
    HAL_NVIC_SetPriorityGrouping             0x08000cb1   Thumb Code    32  stm32l4xx_hal_cortex.o(i.HAL_NVIC_SetPriorityGrouping)
    HAL_PWREx_ControlVoltageScaling          0x08000cd9   Thumb Code   128  stm32l4xx_hal_pwr_ex.o(i.HAL_PWREx_ControlVoltageScaling)
    HAL_PWREx_GetVoltageRange                0x08000d65   Thumb Code    10  stm32l4xx_hal_pwr_ex.o(i.HAL_PWREx_GetVoltageRange)
    HAL_RCCEx_PeriphCLKConfig                0x08000d75   Thumb Code  1230  stm32l4xx_hal_rcc_ex.o(i.HAL_RCCEx_PeriphCLKConfig)
    HAL_RCC_ClockConfig                      0x08001249   Thumb Code   358  stm32l4xx_hal_rcc.o(i.HAL_RCC_ClockConfig)
    HAL_RCC_GetHCLKFreq                      0x080013c1   Thumb Code     6  stm32l4xx_hal_rcc.o(i.HAL_RCC_GetHCLKFreq)
    HAL_RCC_GetPCLK1Freq                     0x080013cd   Thumb Code    26  stm32l4xx_hal_rcc.o(i.HAL_RCC_GetPCLK1Freq)
    HAL_RCC_GetPCLK2Freq                     0x080013f1   Thumb Code    26  stm32l4xx_hal_rcc.o(i.HAL_RCC_GetPCLK2Freq)
    HAL_RCC_GetSysClockFreq                  0x08001415   Thumb Code   266  stm32l4xx_hal_rcc.o(i.HAL_RCC_GetSysClockFreq)
    HAL_RCC_OscConfig                        0x08001531   Thumb Code  1536  stm32l4xx_hal_rcc.o(i.HAL_RCC_OscConfig)
    HAL_SYSTICK_Config                       0x08001b3d   Thumb Code    52  stm32l4xx_hal_cortex.o(i.HAL_SYSTICK_Config)
    HAL_USART_Init                           0x08001b71   Thumb Code   102  stm32l4xx_hal_usart.o(i.HAL_USART_Init)
    HAL_USART_MspInit                        0x08001bd9   Thumb Code   108  stm32l4xx_hal_msp.o(i.HAL_USART_MspInit)
    HAL_USART_Transmit                       0x08001c51   Thumb Code   240  stm32l4xx_hal_usart.o(i.HAL_USART_Transmit)
    HardFault_Handler                        0x08001d47   Thumb Code     4  stm32l4xx_it.o(i.HardFault_Handler)
    Input                                    0x08001d4d   Thumb Code   154  nnom_input.o(i.Input)
    MaxPool                                  0x08001e4d   Thumb Code   170  nnom_maxpool.o(i.MaxPool)
    MemManage_Handler                        0x08001f01   Thumb Code     4  stm32l4xx_it.o(i.MemManage_Handler)
    NMI_Handler                              0x08001f05   Thumb Code     2  stm32l4xx_it.o(i.NMI_Handler)
    Output                                   0x08001f09   Thumb Code    34  nnom_output.o(i.Output)
    PendSV_Handler                           0x08001f35   Thumb Code     2  stm32l4xx_it.o(i.PendSV_Handler)
    ResetTimer                               0x080022c5   Thumb Code    48  cyclecounter.o(i.ResetTimer)
    SVC_Handler                              0x08002309   Thumb Code     2  stm32l4xx_it.o(i.SVC_Handler)
    Softmax                                  0x0800230d   Thumb Code    72  nnom_softmax.o(i.Softmax)
    StartTimer                               0x0800235d   Thumb Code    18  cyclecounter.o(i.StartTimer)
    StopTimer                                0x08002375   Thumb Code    16  cyclecounter.o(i.StopTimer)
    SysTick_Handler                          0x08002389   Thumb Code     8  stm32l4xx_it.o(i.SysTick_Handler)
    SystemClock_Config                       0x08002391   Thumb Code   148  main.o(i.SystemClock_Config)
    SystemInit                               0x08002425   Thumb Code    68  system_stm32l4xx.o(i.SystemInit)
    UsageFault_Handler                       0x080026e5   Thumb Code     4  stm32l4xx_it.o(i.UsageFault_Handler)
    __0printf                                0x080026e9   Thumb Code    22  printfa.o(i.__0printf)
    __1printf                                0x080026e9   Thumb Code     0  printfa.o(i.__0printf)
    __2printf                                0x080026e9   Thumb Code     0  printfa.o(i.__0printf)
    __c89printf                              0x080026e9   Thumb Code     0  printfa.o(i.__0printf)
    printf                                   0x080026e9   Thumb Code     0  printfa.o(i.__0printf)
    __scatterload_copy                       0x08002741   Thumb Code    14  handlers.o(i.__scatterload_copy)
    __scatterload_null                       0x0800274f   Thumb Code     2  handlers.o(i.__scatterload_null)
    __scatterload_zeroinit                   0x08002751   Thumb Code    14  handlers.o(i.__scatterload_zeroinit)
    act_relu                                 0x080030a5   Thumb Code    22  nnom_activation.o(i.act_relu)
    arm_avepool_q7_HWC                       0x08003151   Thumb Code   388  arm_pool_q7_hwc.o(i.arm_avepool_q7_HWC)
    arm_convolve_1x1_HWC_q7_fast_nonsquare   0x080032db   Thumb Code   446  arm_convolve_1x1_hwc_q7_fast_nonsquare.o(i.arm_convolve_1x1_HWC_q7_fast_nonsquare)
    arm_convolve_HWC_q7_RGB                  0x0800349f   Thumb Code   566  arm_convolve_hwc_q7_rgb.o(i.arm_convolve_HWC_q7_RGB)
    arm_convolve_HWC_q7_basic                0x080036db   Thumb Code   532  arm_convolve_hwc_q7_basic.o(i.arm_convolve_HWC_q7_basic)
    arm_convolve_HWC_q7_basic_nonsquare      0x080038f5   Thumb Code   546  arm_convolve_hwc_q7_basic_nonsquare.o(i.arm_convolve_HWC_q7_basic_nonsquare)
    arm_convolve_HWC_q7_fast                 0x08003b1d   Thumb Code  1236  arm_convolve_hwc_q7_fast.o(i.arm_convolve_HWC_q7_fast)
    arm_convolve_HWC_q7_fast_nonsquare       0x08003ff7   Thumb Code  1266  arm_convolve_hwc_q7_fast_nonsquare.o(i.arm_convolve_HWC_q7_fast_nonsquare)
    arm_fully_connected_q7_opt               0x080044ef   Thumb Code   578  arm_fully_connected_q7_opt.o(i.arm_fully_connected_q7_opt)
    arm_maxpool_q7_HWC                       0x08004737   Thumb Code   326  arm_pool_q7_hwc.o(i.arm_maxpool_q7_HWC)
    arm_nn_mat_mult_kernel_q7_q15            0x08004883   Thumb Code  1132  arm_nn_mat_mult_kernel_q7_q15.o(i.arm_nn_mat_mult_kernel_q7_q15)
    arm_nn_mat_mult_kernel_q7_q15_reordered  0x08004cf5   Thumb Code   618  arm_nn_mat_mult_kernel_q7_q15_reordered.o(i.arm_nn_mat_mult_kernel_q7_q15_reordered)
    arm_q7_to_q15_no_shift                   0x08004f65   Thumb Code    80  arm_q7_to_q15_no_shift.o(i.arm_q7_to_q15_no_shift)
    arm_q7_to_q15_reordered_no_shift         0x08004fb5   Thumb Code    60  arm_q7_to_q15_reordered_no_shift.o(i.arm_q7_to_q15_reordered_no_shift)
    arm_relu_q7                              0x08004ff1   Thumb Code    94  arm_relu_q7.o(i.arm_relu_q7)
    arm_softmax_q7                           0x0800504f   Thumb Code   168  arm_softmax_q7.o(i.arm_softmax_q7)
    avgpool_run                              0x080050f7   Thumb Code   222  nnom_avgpool.o(i.avgpool_run)
    block_mem_set                            0x080051d5   Thumb Code    68  nnom.o(i.block_mem_set)
    compile_layers                           0x080052ab   Thumb Code   674  nnom.o(i.compile_layers)
    conv2d_build                             0x08005553   Thumb Code   270  nnom_conv2d.o(i.conv2d_build)
    conv2d_run                               0x08005661   Thumb Code  1144  nnom_conv2d.o(i.conv2d_run)
    default_build                            0x08005ad9   Thumb Code    46  nnom_baselayer.o(i.default_build)
    dense_build                              0x08005b07   Thumb Code   114  nnom_dense.o(i.dense_build)
    dense_run                                0x08005b79   Thumb Code    90  nnom_dense.o(i.dense_run)
    fputc                                    0x08005c19   Thumb Code    28  main.o(i.fputc)
    free                                     0x08005c39   Thumb Code    76  malloc.o(i.free)
    getCycles                                0x08005c89   Thumb Code     8  cyclecounter.o(i.getCycles)
    global_pooling_build                     0x08005c95   Thumb Code   310  nnom_global_pool.o(i.global_pooling_build)
    input_build                              0x08005dcb   Thumb Code    36  nnom_input.o(i.input_build)
    input_run                                0x08005def   Thumb Code    34  nnom_input.o(i.input_run)
    io_init                                  0x08005e11   Thumb Code     8  nnom_layers.o(i.io_init)
    kernel                                   0x08005e35   Thumb Code    22  nnom_layers.o(i.kernel)
    layer_run                                0x08005e4d   Thumb Code    46  nnom.o(i.layer_run)
    local_avepool_q7_HWC                     0x08005ed5   Thumb Code   260  nnom_local.o(i.local_avepool_q7_HWC)
    local_maxpool_q7_HWC                     0x08005fdf   Thumb Code   250  nnom_local.o(i.local_maxpool_q7_HWC)
    main                                     0x080060e1   Thumb Code   146  main.o(i.main)
    malloc                                   0x08006199   Thumb Code    92  malloc.o(i.malloc)
    maxpool_run                              0x08006205   Thumb Code   204  nnom_maxpool.o(i.maxpool_run)
    maxpooling_build                         0x080062d1   Thumb Code   208  nnom_maxpool.o(i.maxpooling_build)
    mem_analysis_result                      0x080063a1   Thumb Code    72  nnom.o(i.mem_analysis_result)
    model_compile                            0x08006491   Thumb Code   212  nnom.o(i.model_compile)
    model_run                                0x08006695   Thumb Code    14  nnom.o(i.model_run)
    model_run_to                             0x080066a5   Thumb Code   146  nnom.o(i.model_run_to)
    new_model                                0x080067e5   Thumb Code    62  nnom.o(i.new_model)
    new_tensor                               0x08006839   Thumb Code    44  nnom_tensor.o(i.new_tensor)
    nnom_alignto                             0x08006865   Thumb Code    28  nnom.o(i.nnom_alignto)
    nnom_hook_length                         0x08006881   Thumb Code    24  nnom.o(i.nnom_hook_length)
    nnom_mem                                 0x08006899   Thumb Code    46  nnom.o(i.nnom_mem)
    nnom_predict                             0x08006b69   Thumb Code   196  nnom_utils.o(i.nnom_predict)
    output_run                               0x08006c3b   Thumb Code    34  nnom_output.o(i.output_run)
    set_tailed_activation                    0x08006ed5   Thumb Code   106  nnom.o(i.set_tailed_activation)
    shape                                    0x08006f59   Thumb Code    32  nnom_layers.o(i.shape)
    shape_size                               0x08006f79   Thumb Code    20  nnom_layers.o(i.shape_size)
    softmax_run                              0x08006f8d   Thumb Code    36  nnom_softmax.o(i.softmax_run)
    stride                                   0x08006fb1   Thumb Code    22  nnom_layers.o(i.stride)
    tensor_cpy_attributes                    0x08006fc7   Thumb Code    34  nnom_tensor.o(i.tensor_cpy_attributes)
    tensor_mem_set                           0x08006fe9   Thumb Code    56  nnom.o(i.tensor_mem_set)
    tensor_set_attribuites                   0x08007021   Thumb Code    36  nnom_tensor.o(i.tensor_set_attribuites)
    tensor_size                              0x08007045   Thumb Code    34  nnom_tensor.o(i.tensor_size)
    default_layer_names                      0x0800bc94   Data         348  nnom.o(.constdata)
    default_activation_names                 0x0800bdf0   Data          24  nnom.o(.constdata)
    AHBPrescTable                            0x0800be08   Data          16  system_stm32l4xx.o(.constdata)
    APBPrescTable                            0x0800be18   Data           8  system_stm32l4xx.o(.constdata)
    MSIRangeTable                            0x0800be20   Data          48  system_stm32l4xx.o(.constdata)
    Region$$Table$$Base                      0x0800c004   Number         0  anon$$obj.o(Region$$Table)
    Region$$Table$$Limit                     0x0800c024   Number         0  anon$$obj.o(Region$$Table)
    uwTick                                   0x2000001c   Data           4  stm32l4xx_hal.o(.data)
    nnom_memory_taken                        0x20000020   Data           4  nnom.o(.data)
    SystemCoreClock                          0x20000024   Data           4  system_stm32l4xx.o(.data)
    __stdout                                 0x20000028   Data           4  stdout.o(.data)
    __microlib_freelist                      0x2000002c   Data           4  mvars.o(.data)
    __microlib_freelist_initialised          0x20000030   Data           4  mvars.o(.data)
    husart1                                  0x20000820   Data          80  main.o(.bss)
    __heap_base                              0x200008f8   Data           0  startup_stm32l475xx.o(HEAP)
    __heap_limit                             0x2000c8f8   Data           0  startup_stm32l475xx.o(HEAP)
    __initial_sp                             0x2000e8f8   Data           0  startup_stm32l475xx.o(STACK)



==============================================================================

Memory Map of the image

  Image Entry point : 0x08000189

  Load Region LR_IROM1 (Base: 0x08000000, Size: 0x0000c058, Max: 0x00100000, ABSOLUTE)

    Execution Region ER_IROM1 (Exec base: 0x08000000, Load base: 0x08000000, Size: 0x0000c024, Max: 0x00100000, ABSOLUTE)

    Exec Addr    Load Addr    Size         Type   Attr      Idx    E Section Name        Object

    0x08000000   0x08000000   0x00000188   Data   RO         4771    RESET               startup_stm32l475xx.o
    0x08000188   0x08000188   0x00000000   Code   RO         4845  * .ARM.Collect$$$$00000000  mc_w.l(entry.o)
    0x08000188   0x08000188   0x00000004   Code   RO         5155    .ARM.Collect$$$$00000001  mc_w.l(entry2.o)
    0x0800018c   0x0800018c   0x00000004   Code   RO         5158    .ARM.Collect$$$$00000004  mc_w.l(entry5.o)
    0x08000190   0x08000190   0x00000000   Code   RO         5160    .ARM.Collect$$$$00000008  mc_w.l(entry7b.o)
    0x08000190   0x08000190   0x00000000   Code   RO         5162    .ARM.Collect$$$$0000000A  mc_w.l(entry8b.o)
    0x08000190   0x08000190   0x00000008   Code   RO         5163    .ARM.Collect$$$$0000000B  mc_w.l(entry9a.o)
    0x08000198   0x08000198   0x00000000   Code   RO         5165    .ARM.Collect$$$$0000000D  mc_w.l(entry10a.o)
    0x08000198   0x08000198   0x00000000   Code   RO         5167    .ARM.Collect$$$$0000000F  mc_w.l(entry11a.o)
    0x08000198   0x08000198   0x00000004   Code   RO         5156    .ARM.Collect$$$$00002712  mc_w.l(entry2.o)
    0x0800019c   0x0800019c   0x00000024   Code   RO         4772    .text               startup_stm32l475xx.o
    0x080001c0   0x080001c0   0x00000068   Code   RO         4848    .text               mc_w.l(uldiv.o)
    0x08000228   0x08000228   0x00000040   Code   RO         4854    .text               mc_w.l(memmovea.o)
    0x08000268   0x08000268   0x00000024   Code   RO         4856    .text               mc_w.l(memseta.o)
    0x0800028c   0x0800028c   0x0000001c   Code   RO         5151    .text               mc_w.l(calloc.o)
    0x080002a8   0x080002a8   0x00000026   Code   RO         5153    .text               mf_w.l(f2d.o)
    0x080002ce   0x080002ce   0x0000002c   Code   RO         5170    .text               mc_w.l(uidiv.o)
    0x080002fa   0x080002fa   0x0000001e   Code   RO         5172    .text               mc_w.l(llshl.o)
    0x08000318   0x08000318   0x00000020   Code   RO         5174    .text               mc_w.l(llushr.o)
    0x08000338   0x08000338   0x00000000   Code   RO         5178    .text               mc_w.l(iusefp.o)
    0x08000338   0x08000338   0x0000015e   Code   RO         5179    .text               mf_w.l(dadd.o)
    0x08000496   0x08000496   0x000000ea   Code   RO         5181    .text               mf_w.l(dmul.o)
    0x08000580   0x08000580   0x000000de   Code   RO         5183    .text               mf_w.l(ddiv.o)
    0x0800065e   0x0800065e   0x00000030   Code   RO         5185    .text               mf_w.l(dfixul.o)
    0x0800068e   0x0800068e   0x00000002   PAD
    0x08000690   0x08000690   0x00000030   Code   RO         5187    .text               mf_w.l(cdrcmple.o)
    0x080006c0   0x080006c0   0x00000024   Code   RO         5189    .text               mc_w.l(init.o)
    0x080006e4   0x080006e4   0x00000024   Code   RO         5191    .text               mc_w.l(llsshr.o)
    0x08000708   0x08000708   0x000000ba   Code   RO         5193    .text               mf_w.l(depilogue.o)
    0x080007c2   0x080007c2   0x00000004   Code   RO          220    i.BusFault_Handler  stm32l4xx_it.o
    0x080007c6   0x080007c6   0x00000002   PAD
    0x080007c8   0x080007c8   0x000000e6   Code   RO         3505    i.Conv2D            nnom_conv2d.o
    0x080008ae   0x080008ae   0x00000002   Code   RO          221    i.DebugMon_Handler  stm32l4xx_it.o
    0x080008b0   0x080008b0   0x00000086   Code   RO         3569    i.Dense             nnom_dense.o
    0x08000936   0x08000936   0x00000002   Code   RO            4    i.Error_Handler     main.o
    0x08000938   0x08000938   0x00000044   Code   RO         3668    i.GlobalAvgPool     nnom_global_pool.o
    0x0800097c   0x0800097c   0x00000204   Code   RO         1897    i.HAL_GPIO_Init     stm32l4xx_hal_gpio.o
    0x08000b80   0x08000b80   0x0000000c   Code   RO          702    i.HAL_GetTick       stm32l4xx_hal.o
    0x08000b8c   0x08000b8c   0x00000010   Code   RO          706    i.HAL_IncTick       stm32l4xx_hal.o
    0x08000b9c   0x08000b9c   0x0000001e   Code   RO          707    i.HAL_Init          stm32l4xx_hal.o
    0x08000bba   0x08000bba   0x00000002   PAD
    0x08000bbc   0x08000bbc   0x00000030   Code   RO          708    i.HAL_InitTick      stm32l4xx_hal.o
    0x08000bec   0x08000bec   0x00000040   Code   RO          295    i.HAL_MspInit       stm32l4xx_hal_msp.o
    0x08000c2c   0x08000c2c   0x00000082   Code   RO         2444    i.HAL_NVIC_SetPriority  stm32l4xx_hal_cortex.o
    0x08000cae   0x08000cae   0x00000002   PAD
    0x08000cb0   0x08000cb0   0x00000028   Code   RO         2445    i.HAL_NVIC_SetPriorityGrouping  stm32l4xx_hal_cortex.o
    0x08000cd8   0x08000cd8   0x0000008c   Code   RO         2188    i.HAL_PWREx_ControlVoltageScaling  stm32l4xx_hal_pwr_ex.o
    0x08000d64   0x08000d64   0x00000010   Code   RO         2219    i.HAL_PWREx_GetVoltageRange  stm32l4xx_hal_pwr_ex.o
    0x08000d74   0x08000d74   0x000004d4   Code   RO         1534    i.HAL_RCCEx_PeriphCLKConfig  stm32l4xx_hal_rcc_ex.o
    0x08001248   0x08001248   0x00000178   Code   RO         1419    i.HAL_RCC_ClockConfig  stm32l4xx_hal_rcc.o
    0x080013c0   0x080013c0   0x0000000c   Code   RO         1423    i.HAL_RCC_GetHCLKFreq  stm32l4xx_hal_rcc.o
    0x080013cc   0x080013cc   0x00000024   Code   RO         1425    i.HAL_RCC_GetPCLK1Freq  stm32l4xx_hal_rcc.o
    0x080013f0   0x080013f0   0x00000024   Code   RO         1426    i.HAL_RCC_GetPCLK2Freq  stm32l4xx_hal_rcc.o
    0x08001414   0x08001414   0x0000011c   Code   RO         1427    i.HAL_RCC_GetSysClockFreq  stm32l4xx_hal_rcc.o
    0x08001530   0x08001530   0x0000060c   Code   RO         1430    i.HAL_RCC_OscConfig  stm32l4xx_hal_rcc.o
    0x08001b3c   0x08001b3c   0x00000034   Code   RO         2449    i.HAL_SYSTICK_Config  stm32l4xx_hal_cortex.o
    0x08001b70   0x08001b70   0x00000066   Code   RO          413    i.HAL_USART_Init    stm32l4xx_hal_usart.o
    0x08001bd6   0x08001bd6   0x00000002   PAD
    0x08001bd8   0x08001bd8   0x00000078   Code   RO          297    i.HAL_USART_MspInit  stm32l4xx_hal_msp.o
    0x08001c50   0x08001c50   0x000000f6   Code   RO          421    i.HAL_USART_Transmit  stm32l4xx_hal_usart.o
    0x08001d46   0x08001d46   0x00000004   Code   RO          222    i.HardFault_Handler  stm32l4xx_it.o
    0x08001d4a   0x08001d4a   0x00000002   PAD
    0x08001d4c   0x08001d4c   0x000000a4   Code   RO         3700    i.Input             nnom_input.o
    0x08001df0   0x08001df0   0x00000024   Code   RO            5    i.MX_GPIO_Init      main.o
    0x08001e14   0x08001e14   0x00000038   Code   RO            6    i.MX_USART1_Init    main.o
    0x08001e4c   0x08001e4c   0x000000b4   Code   RO         3805    i.MaxPool           nnom_maxpool.o
    0x08001f00   0x08001f00   0x00000004   Code   RO          223    i.MemManage_Handler  stm32l4xx_it.o
    0x08001f04   0x08001f04   0x00000002   Code   RO          224    i.NMI_Handler       stm32l4xx_it.o
    0x08001f06   0x08001f06   0x00000002   PAD
    0x08001f08   0x08001f08   0x0000002c   Code   RO         3840    i.Output            nnom_output.o
    0x08001f34   0x08001f34   0x00000002   Code   RO          225    i.PendSV_Handler    stm32l4xx_it.o
    0x08001f36   0x08001f36   0x00000002   PAD
    0x08001f38   0x08001f38   0x0000018c   Code   RO         1538    i.RCCEx_PLLSAI1_Config  stm32l4xx_hal_rcc_ex.o
    0x080020c4   0x080020c4   0x00000164   Code   RO         1539    i.RCCEx_PLLSAI2_Config  stm32l4xx_hal_rcc_ex.o
    0x08002228   0x08002228   0x0000009c   Code   RO         1431    i.RCC_SetFlashLatencyFromMSIRange  stm32l4xx_hal_rcc.o
    0x080022c4   0x080022c4   0x00000044   Code   RO          328    i.ResetTimer        cyclecounter.o
    0x08002308   0x08002308   0x00000002   Code   RO          226    i.SVC_Handler       stm32l4xx_it.o
    0x0800230a   0x0800230a   0x00000002   PAD
    0x0800230c   0x0800230c   0x00000050   Code   RO         3907    i.Softmax           nnom_softmax.o
    0x0800235c   0x0800235c   0x00000018   Code   RO          329    i.StartTimer        cyclecounter.o
    0x08002374   0x08002374   0x00000014   Code   RO          330    i.StopTimer         cyclecounter.o
    0x08002388   0x08002388   0x00000008   Code   RO          227    i.SysTick_Handler   stm32l4xx_it.o
    0x08002390   0x08002390   0x00000094   Code   RO            7    i.SystemClock_Config  main.o
    0x08002424   0x08002424   0x00000050   Code   RO         4780    i.SystemInit        system_stm32l4xx.o
    0x08002474   0x08002474   0x0000006e   Code   RO          430    i.USART_CheckIdleState  stm32l4xx_hal_usart.o
    0x080024e2   0x080024e2   0x00000002   PAD
    0x080024e4   0x080024e4   0x000001b0   Code   RO          443    i.USART_SetConfig   stm32l4xx_hal_usart.o
    0x08002694   0x08002694   0x00000050   Code   RO          446    i.USART_WaitOnFlagUntilTimeout  stm32l4xx_hal_usart.o
    0x080026e4   0x080026e4   0x00000004   Code   RO          228    i.UsageFault_Handler  stm32l4xx_it.o
    0x080026e8   0x080026e8   0x00000020   Code   RO         5095    i.__0printf         mc_w.l(printfa.o)
    0x08002708   0x08002708   0x00000010   Code   RO         2451    i.__NVIC_GetPriorityGrouping  stm32l4xx_hal_cortex.o
    0x08002718   0x08002718   0x00000028   Code   RO         2452    i.__NVIC_SetPriority  stm32l4xx_hal_cortex.o
    0x08002740   0x08002740   0x0000000e   Code   RO         5197    i.__scatterload_copy  mc_w.l(handlers.o)
    0x0800274e   0x0800274e   0x00000002   Code   RO         5198    i.__scatterload_null  mc_w.l(handlers.o)
    0x08002750   0x08002750   0x0000000e   Code   RO         5199    i.__scatterload_zeroinit  mc_w.l(handlers.o)
    0x0800275e   0x0800275e   0x00000002   PAD
    0x08002760   0x08002760   0x0000018a   Code   RO         5102    i._fp_digits        mc_w.l(printfa.o)
    0x080028ea   0x080028ea   0x00000002   PAD
    0x080028ec   0x080028ec   0x000006e2   Code   RO         5103    i._printf_core      mc_w.l(printfa.o)
    0x08002fce   0x08002fce   0x00000024   Code   RO         5104    i._printf_post_padding  mc_w.l(printfa.o)
    0x08002ff2   0x08002ff2   0x0000002e   Code   RO         5105    i._printf_pre_padding  mc_w.l(printfa.o)
    0x08003020   0x08003020   0x00000082   Code   RO         4679    i.accumulate_q7_to_q15  arm_pool_q7_hwc.o
    0x080030a2   0x080030a2   0x00000002   PAD
    0x080030a4   0x080030a4   0x0000001c   Code   RO         3300    i.act_relu          nnom_activation.o
    0x080030c0   0x080030c0   0x00000028   Code   RO         2833    i.allocate_block    nnom.o
    0x080030e8   0x080030e8   0x00000032   Code   RO         2834    i.allocate_hook     nnom.o
    0x0800311a   0x0800311a   0x00000036   Code   RO         2835    i.allocate_io       nnom.o
    0x08003150   0x08003150   0x0000018a   Code   RO         4680    i.arm_avepool_q7_HWC  arm_pool_q7_hwc.o
    0x080032da   0x080032da   0x000001c4   Code   RO         4124    i.arm_convolve_1x1_HWC_q7_fast_nonsquare  arm_convolve_1x1_hwc_q7_fast_nonsquare.o
    0x0800349e   0x0800349e   0x0000023c   Code   RO         4199    i.arm_convolve_HWC_q7_RGB  arm_convolve_hwc_q7_rgb.o
    0x080036da   0x080036da   0x0000021a   Code   RO         4226    i.arm_convolve_HWC_q7_basic  arm_convolve_hwc_q7_basic.o
    0x080038f4   0x080038f4   0x00000228   Code   RO         4250    i.arm_convolve_HWC_q7_basic_nonsquare  arm_convolve_hwc_q7_basic_nonsquare.o
    0x08003b1c   0x08003b1c   0x000004da   Code   RO         4274    i.arm_convolve_HWC_q7_fast  arm_convolve_hwc_q7_fast.o
    0x08003ff6   0x08003ff6   0x000004f8   Code   RO         4298    i.arm_convolve_HWC_q7_fast_nonsquare  arm_convolve_hwc_q7_fast_nonsquare.o
    0x080044ee   0x080044ee   0x00000248   Code   RO         4538    i.arm_fully_connected_q7_opt  arm_fully_connected_q7_opt.o
    0x08004736   0x08004736   0x0000014c   Code   RO         4681    i.arm_maxpool_q7_HWC  arm_pool_q7_hwc.o
    0x08004882   0x08004882   0x00000472   Code   RO         4370    i.arm_nn_mat_mult_kernel_q7_q15  arm_nn_mat_mult_kernel_q7_q15.o
    0x08004cf4   0x08004cf4   0x00000270   Code   RO         4394    i.arm_nn_mat_mult_kernel_q7_q15_reordered  arm_nn_mat_mult_kernel_q7_q15_reordered.o
    0x08004f64   0x08004f64   0x00000050   Code   RO         4631    i.arm_q7_to_q15_no_shift  arm_q7_to_q15_no_shift.o
    0x08004fb4   0x08004fb4   0x0000003c   Code   RO         4655    i.arm_q7_to_q15_reordered_no_shift  arm_q7_to_q15_reordered_no_shift.o
    0x08004ff0   0x08004ff0   0x0000005e   Code   RO         4100    i.arm_relu_q7       arm_relu_q7.o
    0x0800504e   0x0800504e   0x000000a8   Code   RO         4748    i.arm_softmax_q7    arm_softmax_q7.o
    0x080050f6   0x080050f6   0x000000de   Code   RO         3416    i.avgpool_run       nnom_avgpool.o
    0x080051d4   0x080051d4   0x00000044   Code   RO         2836    i.block_mem_set     nnom.o
    0x08005218   0x08005218   0x0000001c   Code   RO         4682    i.buffer_scale_back_q15_to_q7  arm_pool_q7_hwc.o
    0x08005234   0x08005234   0x00000076   Code   RO         4683    i.compare_and_replace_if_larger_q7  arm_pool_q7_hwc.o
    0x080052aa   0x080052aa   0x000002a8   Code   RO         2837    i.compile_layers    nnom.o
    0x08005552   0x08005552   0x0000010e   Code   RO         3506    i.conv2d_build      nnom_conv2d.o
    0x08005660   0x08005660   0x00000478   Code   RO         3507    i.conv2d_run        nnom_conv2d.o
    0x08005ad8   0x08005ad8   0x0000002e   Code   RO         3451    i.default_build     nnom_baselayer.o
    0x08005b06   0x08005b06   0x00000072   Code   RO         3570    i.dense_build       nnom_dense.o
    0x08005b78   0x08005b78   0x0000005a   Code   RO         3571    i.dense_run         nnom_dense.o
    0x08005bd2   0x08005bd2   0x00000028   Code   RO         2838    i.find_index        nnom.o
    0x08005bfa   0x08005bfa   0x0000001c   Code   RO         2839    i.find_last         nnom.o
    0x08005c16   0x08005c16   0x00000002   PAD
    0x08005c18   0x08005c18   0x00000020   Code   RO            9    i.fputc             main.o
    0x08005c38   0x08005c38   0x00000050   Code   RO         5123    i.free              mc_w.l(malloc.o)
    0x08005c88   0x08005c88   0x0000000c   Code   RO          331    i.getCycles         cyclecounter.o
    0x08005c94   0x08005c94   0x00000136   Code   RO         3671    i.global_pooling_build  nnom_global_pool.o
    0x08005dca   0x08005dca   0x00000024   Code   RO         3701    i.input_build       nnom_input.o
    0x08005dee   0x08005dee   0x00000022   Code   RO         3702    i.input_run         nnom_input.o
    0x08005e10   0x08005e10   0x00000008   Code   RO         3086    i.io_init           nnom_layers.o
    0x08005e18   0x08005e18   0x0000001c   Code   RO         2841    i.io_mem_size       nnom.o
    0x08005e34   0x08005e34   0x00000016   Code   RO         3087    i.kernel            nnom_layers.o
    0x08005e4a   0x08005e4a   0x00000002   PAD
    0x08005e4c   0x08005e4c   0x00000048   Code   RO         2844    i.layer_run         nnom.o
    0x08005e94   0x08005e94   0x00000028   Code   RO         2845    i.layer_shortcut_add  nnom.o
    0x08005ebc   0x08005ebc   0x00000018   Code   RO         2846    i.layer_shortcut_find_last  nnom.o
    0x08005ed4   0x08005ed4   0x0000010a   Code   RO         2646    i.local_avepool_q7_HWC  nnom_local.o
    0x08005fde   0x08005fde   0x00000100   Code   RO         2656    i.local_maxpool_q7_HWC  nnom_local.o
    0x080060de   0x080060de   0x00000002   PAD
    0x080060e0   0x080060e0   0x000000b8   Code   RO           10    i.main              main.o
    0x08006198   0x08006198   0x0000006c   Code   RO         5124    i.malloc            mc_w.l(malloc.o)
    0x08006204   0x08006204   0x000000cc   Code   RO         3806    i.maxpool_run       nnom_maxpool.o
    0x080062d0   0x080062d0   0x000000d0   Code   RO         3807    i.maxpooling_build  nnom_maxpool.o
    0x080063a0   0x080063a0   0x000000a8   Code   RO         2847    i.mem_analysis_result  nnom.o
    0x08006448   0x08006448   0x00000008   Code   RO         2848    i.model_active      nnom.o
    0x08006450   0x08006450   0x00000040   Code   RO         2849    i.model_add         nnom.o
    0x08006490   0x08006490   0x00000176   Code   RO         2850    i.model_compile     nnom.o
    0x08006606   0x08006606   0x0000002c   Code   RO         2853    i.model_hook        nnom.o
    0x08006632   0x08006632   0x00000016   Code   RO         2854    i.model_merge       nnom.o
    0x08006648   0x08006648   0x0000004c   Code   RO         2855    i.model_mergex      nnom.o
    0x08006694   0x08006694   0x0000000e   Code   RO         2856    i.model_run         nnom.o
    0x080066a2   0x080066a2   0x00000002   PAD
    0x080066a4   0x080066a4   0x00000114   Code   RO         2857    i.model_run_to      nnom.o
    0x080067b8   0x080067b8   0x0000002a   Code   RO         2859    i.model_set_ops     nnom.o
    0x080067e2   0x080067e2   0x00000002   PAD
    0x080067e4   0x080067e4   0x00000054   Code   RO         2860    i.new_model         nnom.o
    0x08006838   0x08006838   0x0000002c   Code   RO         3145    i.new_tensor        nnom_tensor.o
    0x08006864   0x08006864   0x0000001c   Code   RO         2861    i.nnom_alignto      nnom.o
    0x08006880   0x08006880   0x00000018   Code   RO         2862    i.nnom_hook_length  nnom.o
    0x08006898   0x08006898   0x00000034   Code   RO         2864    i.nnom_mem          nnom.o
    0x080068cc   0x080068cc   0x0000029c   Code   RO           11    i.nnom_model_create  main.o
    0x08006b68   0x08006b68   0x000000d2   Code   RO         3201    i.nnom_predict      nnom_utils.o
    0x08006c3a   0x08006c3a   0x00000022   Code   RO         3841    i.output_run        nnom_output.o
    0x08006c5c   0x08006c5c   0x000001be   Code   RO         2866    i.print_layer_info  nnom.o
    0x08006e1a   0x08006e1a   0x00000002   PAD
    0x08006e1c   0x08006e1c   0x00000068   Code   RO         2867    i.print_memory_block_info  nnom.o
    0x08006e84   0x08006e84   0x00000016   Code   RO         2868    i.release_block     nnom.o
    0x08006e9a   0x08006e9a   0x00000012   Code   RO         2869    i.release_comp_mem  nnom.o
    0x08006eac   0x08006eac   0x00000016   Code   RO         2870    i.release_input_mem  nnom.o
    0x08006ec2   0x08006ec2   0x00000012   Code   RO         3306    i.relu_run          nnom_activation.o
    0x08006ed4   0x08006ed4   0x00000084   Code   RO         2872    i.set_tailed_activation  nnom.o
    0x08006f58   0x08006f58   0x00000020   Code   RO         3089    i.shape             nnom_layers.o
    0x08006f78   0x08006f78   0x00000014   Code   RO         3090    i.shape_size        nnom_layers.o
    0x08006f8c   0x08006f8c   0x00000024   Code   RO         3908    i.softmax_run       nnom_softmax.o
    0x08006fb0   0x08006fb0   0x00000016   Code   RO         3091    i.stride            nnom_layers.o
    0x08006fc6   0x08006fc6   0x00000022   Code   RO         3147    i.tensor_cpy_attributes  nnom_tensor.o
    0x08006fe8   0x08006fe8   0x00000038   Code   RO         2873    i.tensor_mem_set    nnom.o
    0x08007020   0x08007020   0x00000024   Code   RO         3149    i.tensor_set_attribuites  nnom_tensor.o
    0x08007044   0x08007044   0x00000022   Code   RO         3150    i.tensor_size       nnom_tensor.o
    0x08007066   0x08007066   0x00000002   PAD
    0x08007068   0x08007068   0x00004c2c   Data   RO           13    .constdata          main.o
    0x0800bc94   0x0800bc94   0x00000174   Data   RO         2874    .constdata          nnom.o
    0x0800be08   0x0800be08   0x00000048   Data   RO         4781    .constdata          system_stm32l4xx.o
    0x0800be50   0x0800be50   0x00000046   Data   RO           14    .conststring        main.o
    0x0800be96   0x0800be96   0x00000002   PAD
    0x0800be98   0x0800be98   0x0000016b   Data   RO         2875    .conststring        nnom.o
    0x0800c003   0x0800c003   0x00000001   PAD
    0x0800c004   0x0800c004   0x00000020   Data   RO         5195    Region$$Table       anon$$obj.o


    Execution Region RW_IRAM2 (Exec base: 0x10000000, Load base: 0x0800c058, Size: 0x00000000, Max: 0x00008000, ABSOLUTE)

    **** No section assigned to this execution region ****


    Execution Region RW_IRAM1 (Exec base: 0x20000000, Load base: 0x0800c024, Size: 0x0000e8f8, Max: 0x00018000, ABSOLUTE)

    Exec Addr    Load Addr    Size         Type   Attr      Idx    E Section Name        Object

    0x20000000   0x0800c024   0x0000000e   Data   RW           15    .data               main.o
    0x2000000e   0x0800c032   0x00000002   PAD
    0x20000010   0x0800c034   0x0000000c   Data   RW          332    .data               cyclecounter.o
    0x2000001c   0x0800c040   0x00000004   Data   RW          723    .data               stm32l4xx_hal.o
    0x20000020   0x0800c044   0x00000004   Data   RW         2876    .data               nnom.o
    0x20000024   0x0800c048   0x00000004   Data   RW         4782    .data               system_stm32l4xx.o
    0x20000028   0x0800c04c   0x00000004   Data   RW         5169    .data               mc_w.l(stdout.o)
    0x2000002c   0x0800c050   0x00000004   Data   RW         5176    .data               mc_w.l(mvars.o)
    0x20000030   0x0800c054   0x00000004   Data   RW         5177    .data               mc_w.l(mvars.o)
    0x20000034        -       0x000008c4   Zero   RW           12    .bss                main.o
    0x200008f8        -       0x0000c000   Zero   RW         4770    HEAP                startup_stm32l475xx.o
    0x2000c8f8        -       0x00002000   Zero   RW         4769    STACK               startup_stm32l475xx.o


==============================================================================

Image component sizes


      Code (inc. data)   RO Data    RW Data    ZI Data      Debug   Object Name

       452          0          0          0          0       4317   arm_convolve_1x1_hwc_q7_fast_nonsquare.o
       538          0          0          0          0       3096   arm_convolve_hwc_q7_basic.o
       552          0          0          0          0       3374   arm_convolve_hwc_q7_basic_nonsquare.o
      1242          0          0          0          0       3679   arm_convolve_hwc_q7_fast.o
      1272          0          0          0          0       3957   arm_convolve_hwc_q7_fast_nonsquare.o
       572          0          0          0          0       4314   arm_convolve_hwc_q7_rgb.o
       584          0          0          0          0       3317   arm_fully_connected_q7_opt.o
         0          0          0          0          0        908   arm_nn_activations_q15.o
      1138          0          0          0          0       3972   arm_nn_mat_mult_kernel_q7_q15.o
       624          0          0          0          0       3058   arm_nn_mat_mult_kernel_q7_q15_reordered.o
      1002          0          0          0          0       6398   arm_pool_q7_hwc.o
        80          0          0          0          0        965   arm_q7_to_q15_no_shift.o
        60          0          0          0          0        967   arm_q7_to_q15_reordered_no_shift.o
        94          0          0          0          0        862   arm_relu_q7.o
       168          0          0          0          0       1557   arm_softmax_q7.o
       124         34          0         12          0       2386   cyclecounter.o
      1126        114      19570         14       2244     884041   main.o
      3200        638        735          4          0      29017   nnom.o
        46          6          0          0          0       1219   nnom_activation.o
       222          0          0          0          0       1414   nnom_avgpool.o
        46          0          0          0          0        656   nnom_baselayer.o
      1644          8          0          0          0       3377   nnom_conv2d.o
       338          8          0          0          0       3162   nnom_dense.o
       378         10          0          0          0       2079   nnom_global_pool.o
       234         10          0          0          0       2758   nnom_input.o
       104          0          0          0          0       3945   nnom_layers.o
       522          0          0          0          0      10441   nnom_local.o
       592         10          0          0          0       3107   nnom_maxpool.o
        78         10          0          0          0       1846   nnom_output.o
       116          8          0          0          0       1448   nnom_softmax.o
       148          0          0          0          0       3400   nnom_tensor.o
       210          8          0          0          0       7694   nnom_utils.o
        36          8        392          0      57344        916   startup_stm32l475xx.o
       106         14          0          4          0       3899   stm32l4xx_hal.o
       278         22          0          0          0      34306   stm32l4xx_hal_cortex.o
       516         36          0          0          0       1784   stm32l4xx_hal_gpio.o
       184         18          0          0          0       1722   stm32l4xx_hal_msp.o
       156         18          0          0          0       1474   stm32l4xx_hal_pwr_ex.o
      2448         98          0          0          0       7728   stm32l4xx_hal_rcc.o
      1988         48          0          0          0       4180   stm32l4xx_hal_rcc_ex.o
       970         36          0          0          0       5370   stm32l4xx_hal_usart.o
        32          0          0          0          0       4650   stm32l4xx_it.o
        80         12         72          4          0       1557   system_stm32l4xx.o

    ----------------------------------------------------------------------
     24334       1174      20804         40      59588    1074317   Object Totals
         0          0         32          0          0          0   (incl. Generated)
        34          0          3          2          0          0   (incl. Padding)

    ----------------------------------------------------------------------

      Code (inc. data)   RO Data    RW Data    ZI Data      Debug   Library Member Name

        28          0          0          0          0         76   calloc.o
         0          0          0          0          0          0   entry.o
         0          0          0          0          0          0   entry10a.o
         0          0          0          0          0          0   entry11a.o
         8          4          0          0          0          0   entry2.o
         4          0          0          0          0          0   entry5.o
         0          0          0          0          0          0   entry7b.o
         0          0          0          0          0          0   entry8b.o
         8          4          0          0          0          0   entry9a.o
        30          0          0          0          0          0   handlers.o
        36          8          0          0          0         68   init.o
         0          0          0          0          0          0   iusefp.o
        30          0          0          0          0         68   llshl.o
        36          0          0          0          0         68   llsshr.o
        32          0          0          0          0         68   llushr.o
       188         20          0          0          0        160   malloc.o
        64          0          0          0          0         76   memmovea.o
        36          0          0          0          0        108   memseta.o
         0          0          0          8          0          0   mvars.o
      2270         90          0          0          0        452   printfa.o
         0          0          0          4          0          0   stdout.o
        44          0          0          0          0         80   uidiv.o
       104          0          0          0          0         92   uldiv.o
        48          0          0          0          0         68   cdrcmple.o
       350          0          0          0          0        148   dadd.o
       222          0          0          0          0        100   ddiv.o
       186          0          0          0          0        176   depilogue.o
        48          0          0          0          0         68   dfixul.o
       234          0          0          0          0         96   dmul.o
        38          0          0          0          0         68   f2d.o

    ----------------------------------------------------------------------
      4050        126          0         12          0       2040   Library Totals
         6          0          0          0          0          0   (incl. Padding)

    ----------------------------------------------------------------------

      Code (inc. data)   RO Data    RW Data    ZI Data      Debug   Library Name

      2918        126          0         12          0       1316   mc_w.l
      1126          0          0          0          0        724   mf_w.l

    ----------------------------------------------------------------------
      4050        126          0         12          0       2040   Library Totals

    ----------------------------------------------------------------------

==============================================================================


      Code (inc. data)   RO Data    RW Data    ZI Data      Debug   

     28384       1300      20804         52      59588    1062821   Grand Totals
     28384       1300      20804         52      59588    1062821   ELF Image Totals
     28384       1300      20804         52          0          0   ROM Totals

==============================================================================

    Total RO  Size (Code + RO Data)                49188 (  48.04kB)
    Total RW  Size (RW Data + ZI Data)             59640 (  58.24kB)
    Total ROM Size (Code + RO Data + RW Data)      49240 (  48.09kB)

==============================================================================

